[2026-08-04T14:33:28Z] LOG_RESET
[2026-08-04T14:33:28Z] PlaybackState init providers=Local LRC,LRCLIB,NetEase Experimental,QQ Music Experimental
[2026-08-04T14:33:29Z] ACCEPTANCE control polling path=/tmp/spotifylyrics-assist-final-ctrl.txt
[2026-08-04T14:33:29Z] PERSISTENCE startup ready
[2026-08-04T14:33:29Z] ACCEPTANCE control apply payload=experimental | #t=1785854008
[2026-08-04T14:33:29Z] Lyrics providers for mode=lyricsSourceMode.experimentalFree.v1: Local LRC,LRCLIB,NetEase Experimental,QQ Music Experimental
[2026-08-04T14:33:29Z] MANAGER providers updated=Local LRC,LRCLIB,NetEase Experimental,QQ Music Experimental
[2026-08-04T14:33:29Z] MANAGER providers updated=Local LRC,LRCLIB,NetEase Experimental,QQ Music Experimental
[2026-08-04T14:33:29Z] Lyrics providers for mode=lyricsSourceMode.experimentalFree.v1: Local LRC,LRCLIB,NetEase Experimental,QQ Music Experimental
[2026-08-04T14:33:29Z] MANAGER providers updated=Local LRC,LRCLIB,NetEase Experimental,QQ Music Experimental
[2026-08-04T14:33:29Z] MANAGER providers updated=Local LRC,LRCLIB,NetEase Experimental,QQ Music Experimental
[2026-08-04T14:33:29Z] ACCEPTANCE control mode=lyricsSourceMode.experimentalFree.v1
[2026-08-04T14:33:29Z] ACCEPTANCE control ignore token=#t=1785854008
[2026-08-04T14:33:29Z] SESSION clear
[2026-08-04T14:33:29Z] Playback trackChange identity=spotify-id:0662h3g9lgdt2vipzypzxm|metadata:夜の合図|kawasakirio|夜の合図|171 title=夜の合図 artist=Kawasaki.Rio duration=170.72
[2026-08-04T14:33:29Z] SESSION begin rev=3 identity=spotify-id:0662h3g9lgdt2vipzypzxm|metadata:夜の合図|kawasakirio|夜の合図|171 title=夜の合図 artist=Kawasaki.Rio duration=170.72 spotifyId=spotify:track:0662H3g9lGdt2ViPzYPzxm
[2026-08-04T14:33:29Z] SESSION persistence hit rev=3 source=manualEdit provider=manualEdit:4633DE7E-69B5-45E4-957F-7A37D5736F9B lines=32 sync=false
[2026-08-04T14:33:29Z] SESSION search finished rev=3 result=match(manualEdit,lines=32,sync=false) diag=0
[2026-08-04T14:33:29Z] SESSION apply alignmentQueued source=manualEdit lines=32 first=ねえ　忘れたいのに　また君を探す
[2026-08-04T14:33:29Z] SESSION persistence save rev=3 disposition=Optional(SpotifyLyrics.LyricsPersistenceSaveDisposition.inserted) lines=32
