[2026-08-04T14:22:05Z] LOG_RESET
[2026-08-04T14:22:05Z] SPIKE start formal_db_opened=NO (spike never opens SQLite)
[2026-08-04T14:22:05Z] SPIKE policy=spotify-app-audio-only no-mic no-screen-save no-asr no-align
[2026-08-04T14:22:05Z] DISCOVER related=1 primary=1 captureTargets=1
[2026-08-04T14:22:05Z] DISCOVER_APP pid=18752 bundle=com.spotify.client name=Spotify captureTarget=true
[2026-08-04T14:22:05Z] STREAM configured capturesAudio=1 screenOutput=0 mic=0 sampleRate=48000 channels=2
[2026-08-04T14:22:05Z] TEMP dir=/var/folders/kq/dz44fm994nz94zw2dfqnz_g00000gn/T/SpotifyLyricsCapture/F39F43F0-B879-4E8A-B065-F93320EBB60F (marker only; no audio files)
[2026-08-04T14:22:06Z] STREAM started
[2026-08-04T14:22:06Z] SESSION start sessionID=E73D412B-918F-42DB-9CB8-57637BC76434 identity=spotify-id:0662h3g9lgdt2vipzypzxm|metadata:夜の合図| duration=170.720 source=screenCaptureKit.spotifyAudio.v1 reason=initial
[2026-08-04T14:22:06Z] SEGMENT start segmentID=EECA48AD-CFF7-480F-985D-793D968A945E sessionID=E73D412B-918F-42DB-9CB8-57637BC76434 identity=spotify-id:0662h3g9lgdt2vipzypzxm|metadata:夜の合図| reason=initial position=47.875 hostTime=1785853326.040 continuityID=B817AF47-626D-42B8-8B75-D6671E34DC7D wav=seg-EECA48AD-mono.wav
[2026-08-04T14:22:06Z] ANCHOR sessionID=E73D412B-918F-42DB-9CB8-57637BC76434 segmentID=EECA48AD-CFF7-480F-985D-793D968A945E position=47.875 hostTime=1785853326.041 audioPTS=-1.000 playing=true
[2026-08-04T14:22:07Z] PCM reason=tick buffers=50 samples=48000 duration_s=1.000 inRate=48000.0 ch=2 peak=0.6355 rms=0.1793 active=true videoBuffers=0
[2026-08-04T14:22:08Z] PCM reason=tick buffers=100 samples=96000 duration_s=2.000 inRate=48000.0 ch=2 peak=0.6796 rms=0.2430 active=true videoBuffers=0
[2026-08-04T14:22:08Z] ANCHOR sessionID=E73D412B-918F-42DB-9CB8-57637BC76434 segmentID=EECA48AD-CFF7-480F-985D-793D968A945E position=50.059 hostTime=1785853328.213 audioPTS=437044.674 playing=true
[2026-08-04T14:22:09Z] PCM reason=tick buffers=150 samples=144000 duration_s=3.000 inRate=48000.0 ch=2 peak=0.6796 rms=0.2108 active=true videoBuffers=0
[2026-08-04T14:22:10Z] PCM reason=tick buffers=200 samples=192000 duration_s=4.000 inRate=48000.0 ch=2 peak=0.7830 rms=0.2280 active=true videoBuffers=0
[2026-08-04T14:22:10Z] ANCHOR sessionID=E73D412B-918F-42DB-9CB8-57637BC76434 segmentID=EECA48AD-CFF7-480F-985D-793D968A945E position=52.084 hostTime=1785853330.213 audioPTS=437046.694 playing=true
[2026-08-04T14:22:11Z] PCM reason=tick buffers=250 samples=240000 duration_s=5.000 inRate=48000.0 ch=2 peak=0.7830 rms=0.2392 active=true videoBuffers=0
[2026-08-04T14:22:12Z] PCM reason=tick buffers=300 samples=288000 duration_s=6.000 inRate=48000.0 ch=2 peak=0.7830 rms=0.2474 active=true videoBuffers=0
[2026-08-04T14:22:12Z] ANCHOR sessionID=E73D412B-918F-42DB-9CB8-57637BC76434 segmentID=EECA48AD-CFF7-480F-985D-793D968A945E position=54.265 hostTime=1785853332.413 audioPTS=437048.874 playing=true
[2026-08-04T14:22:13Z] PCM reason=tick buffers=350 samples=336000 duration_s=7.000 inRate=48000.0 ch=2 peak=0.7830 rms=0.2509 active=true videoBuffers=0
[2026-08-04T14:22:14Z] PCM reason=tick buffers=400 samples=384000 duration_s=8.000 inRate=48000.0 ch=2 peak=0.7830 rms=0.2494 active=true videoBuffers=0
[2026-08-04T14:22:14Z] ANCHOR sessionID=E73D412B-918F-42DB-9CB8-57637BC76434 segmentID=EECA48AD-CFF7-480F-985D-793D968A945E position=56.465 hostTime=1785853334.613 audioPTS=437051.074 playing=true
[2026-08-04T14:22:15Z] PCM reason=tick buffers=450 samples=432000 duration_s=9.000 inRate=48000.0 ch=2 peak=0.7830 rms=0.2562 active=true videoBuffers=0
[2026-08-04T14:22:16Z] PCM reason=tick buffers=500 samples=480000 duration_s=10.000 inRate=48000.0 ch=2 peak=0.7830 rms=0.2587 active=true videoBuffers=0
[2026-08-04T14:22:16Z] ANCHOR sessionID=E73D412B-918F-42DB-9CB8-57637BC76434 segmentID=EECA48AD-CFF7-480F-985D-793D968A945E position=58.694 hostTime=1785853336.815 audioPTS=437053.294 playing=true
[2026-08-04T14:22:17Z] PCM reason=tick buffers=550 samples=528000 duration_s=11.000 inRate=48000.0 ch=2 peak=0.7830 rms=0.2568 active=true videoBuffers=0
[2026-08-04T14:22:18Z] PCM reason=tick buffers=600 samples=576000 duration_s=12.000 inRate=48000.0 ch=2 peak=0.7830 rms=0.2589 active=true videoBuffers=0
[2026-08-04T14:22:19Z] ANCHOR sessionID=E73D412B-918F-42DB-9CB8-57637BC76434 segmentID=EECA48AD-CFF7-480F-985D-793D968A945E position=60.870 hostTime=1785853339.016 audioPTS=437055.474 playing=true
[2026-08-04T14:22:19Z] PCM reason=tick buffers=650 samples=624000 duration_s=13.000 inRate=48000.0 ch=2 peak=0.7830 rms=0.2594 active=true videoBuffers=0
[2026-08-04T14:22:20Z] PCM reason=tick buffers=700 samples=672000 duration_s=14.000 inRate=48000.0 ch=2 peak=0.7830 rms=0.2605 active=true videoBuffers=0
[2026-08-04T14:22:21Z] PCM reason=tick buffers=750 samples=720000 duration_s=15.000 inRate=48000.0 ch=2 peak=0.7830 rms=0.2632 active=true videoBuffers=0
[2026-08-04T14:22:21Z] ANCHOR sessionID=E73D412B-918F-42DB-9CB8-57637BC76434 segmentID=EECA48AD-CFF7-480F-985D-793D968A945E position=63.086 hostTime=1785853341.216 audioPTS=437057.674 playing=true
[2026-08-04T14:22:22Z] PCM reason=tick buffers=800 samples=768000 duration_s=16.000 inRate=48000.0 ch=2 peak=0.7830 rms=0.2647 active=true videoBuffers=0
[2026-08-04T14:22:23Z] PCM reason=tick buffers=850 samples=816000 duration_s=17.000 inRate=48000.0 ch=2 peak=0.7830 rms=0.2634 active=true videoBuffers=0
[2026-08-04T14:22:23Z] ANCHOR sessionID=E73D412B-918F-42DB-9CB8-57637BC76434 segmentID=EECA48AD-CFF7-480F-985D-793D968A945E position=65.265 hostTime=1785853343.415 audioPTS=437059.874 playing=true
[2026-08-04T14:22:24Z] PCM reason=tick buffers=900 samples=864000 duration_s=18.000 inRate=48000.0 ch=2 peak=0.7830 rms=0.2625 active=true videoBuffers=0
[2026-08-04T14:22:25Z] PCM reason=tick buffers=950 samples=912000 duration_s=19.000 inRate=48000.0 ch=2 peak=0.7830 rms=0.2650 active=true videoBuffers=0
[2026-08-04T14:22:25Z] ANCHOR sessionID=E73D412B-918F-42DB-9CB8-57637BC76434 segmentID=EECA48AD-CFF7-480F-985D-793D968A945E position=67.324 hostTime=1785853345.440 audioPTS=437061.894 playing=true
[2026-08-04T14:22:26Z] PCM reason=tick buffers=1000 samples=960000 duration_s=20.000 inRate=48000.0 ch=2 peak=0.7830 rms=0.2691 active=true videoBuffers=0
[2026-08-04T14:22:27Z] PCM reason=tick buffers=1050 samples=1008000 duration_s=21.000 inRate=48000.0 ch=2 peak=0.7830 rms=0.2721 active=true videoBuffers=0
[2026-08-04T14:22:27Z] ANCHOR sessionID=E73D412B-918F-42DB-9CB8-57637BC76434 segmentID=EECA48AD-CFF7-480F-985D-793D968A945E position=69.490 hostTime=1785853347.615 audioPTS=437064.074 playing=true
[2026-08-04T14:22:28Z] PCM reason=tick buffers=1100 samples=1056000 duration_s=22.000 inRate=48000.0 ch=2 peak=0.7830 rms=0.2721 active=true videoBuffers=0
[2026-08-04T14:22:29Z] PCM reason=tick buffers=1150 samples=1104000 duration_s=23.000 inRate=48000.0 ch=2 peak=0.7830 rms=0.2718 active=true videoBuffers=0
[2026-08-04T14:22:29Z] ANCHOR sessionID=E73D412B-918F-42DB-9CB8-57637BC76434 segmentID=EECA48AD-CFF7-480F-985D-793D968A945E position=71.677 hostTime=1785853349.815 audioPTS=437066.254 playing=true
[2026-08-04T14:22:30Z] PCM reason=tick buffers=1200 samples=1152000 duration_s=24.000 inRate=48000.0 ch=2 peak=0.7830 rms=0.2710 active=true videoBuffers=0
[2026-08-04T14:22:31Z] PCM reason=tick buffers=1250 samples=1200000 duration_s=25.000 inRate=48000.0 ch=2 peak=0.7830 rms=0.2718 active=true videoBuffers=0
[2026-08-04T14:22:31Z] ANCHOR sessionID=E73D412B-918F-42DB-9CB8-57637BC76434 segmentID=EECA48AD-CFF7-480F-985D-793D968A945E position=73.664 hostTime=1785853351.816 audioPTS=437068.294 playing=true
[2026-08-04T14:22:32Z] PCM reason=tick buffers=1300 samples=1248000 duration_s=26.000 inRate=48000.0 ch=2 peak=0.7830 rms=0.2686 active=true videoBuffers=0
[2026-08-04T14:22:33Z] PCM reason=tick buffers=1350 samples=1296000 duration_s=27.000 inRate=48000.0 ch=2 peak=0.7830 rms=0.2647 active=true videoBuffers=0
[2026-08-04T14:22:34Z] ANCHOR sessionID=E73D412B-918F-42DB-9CB8-57637BC76434 segmentID=EECA48AD-CFF7-480F-985D-793D968A945E position=75.897 hostTime=1785853354.014 audioPTS=437070.474 playing=true
[2026-08-04T14:22:34Z] PCM reason=tick buffers=1400 samples=1344000 duration_s=28.000 inRate=48000.0 ch=2 peak=0.7830 rms=0.2608 active=true videoBuffers=0
[2026-08-04T14:22:35Z] PCM reason=tick buffers=1450 samples=1392000 duration_s=29.000 inRate=48000.0 ch=2 peak=0.7830 rms=0.2568 active=true videoBuffers=0
[2026-08-04T14:22:36Z] PCM reason=tick buffers=1500 samples=1440000 duration_s=30.000 inRate=48000.0 ch=2 peak=0.7830 rms=0.2536 active=true videoBuffers=0
[2026-08-04T14:22:36Z] ANCHOR sessionID=E73D412B-918F-42DB-9CB8-57637BC76434 segmentID=EECA48AD-CFF7-480F-985D-793D968A945E position=78.084 hostTime=1785853356.213 audioPTS=437072.674 playing=true
[2026-08-04T14:22:37Z] PCM reason=tick buffers=1550 samples=1488000 duration_s=31.000 inRate=48000.0 ch=2 peak=0.7830 rms=0.2502 active=true videoBuffers=0
[2026-08-04T14:22:38Z] PCM reason=tick buffers=1600 samples=1536000 duration_s=32.000 inRate=48000.0 ch=2 peak=0.7830 rms=0.2468 active=true videoBuffers=0
[2026-08-04T14:22:38Z] ANCHOR sessionID=E73D412B-918F-42DB-9CB8-57637BC76434 segmentID=EECA48AD-CFF7-480F-985D-793D968A945E position=80.083 hostTime=1785853358.213 audioPTS=437074.694 playing=true
[2026-08-04T14:22:39Z] PCM reason=tick buffers=1650 samples=1584000 duration_s=33.000 inRate=48000.0 ch=2 peak=0.7830 rms=0.2436 active=true videoBuffers=0
[2026-08-04T14:22:40Z] PCM reason=tick buffers=1700 samples=1632000 duration_s=34.000 inRate=48000.0 ch=2 peak=0.7830 rms=0.2408 active=true videoBuffers=0
[2026-08-04T14:22:40Z] ANCHOR sessionID=E73D412B-918F-42DB-9CB8-57637BC76434 segmentID=EECA48AD-CFF7-480F-985D-793D968A945E position=82.278 hostTime=1785853360.414 audioPTS=437076.874 playing=true
[2026-08-04T14:22:41Z] PCM reason=tick buffers=1750 samples=1680000 duration_s=35.000 inRate=48000.0 ch=2 peak=0.7830 rms=0.2376 active=true videoBuffers=0
[2026-08-04T14:22:42Z] PCM reason=tick buffers=1800 samples=1728000 duration_s=36.000 inRate=48000.0 ch=2 peak=0.7830 rms=0.2348 active=true videoBuffers=0
[2026-08-04T14:22:42Z] ANCHOR sessionID=E73D412B-918F-42DB-9CB8-57637BC76434 segmentID=EECA48AD-CFF7-480F-985D-793D968A945E position=84.495 hostTime=1785853362.614 audioPTS=437079.074 playing=true
[2026-08-04T14:22:43Z] PCM reason=tick buffers=1850 samples=1776000 duration_s=37.000 inRate=48000.0 ch=2 peak=0.7830 rms=0.2318 active=true videoBuffers=0
[2026-08-04T14:22:44Z] PCM reason=tick buffers=1900 samples=1824000 duration_s=38.000 inRate=48000.0 ch=2 peak=0.7830 rms=0.2294 active=true videoBuffers=0
[2026-08-04T14:22:44Z] ANCHOR sessionID=E73D412B-918F-42DB-9CB8-57637BC76434 segmentID=EECA48AD-CFF7-480F-985D-793D968A945E position=86.507 hostTime=1785853364.634 audioPTS=437081.114 playing=true
[2026-08-04T14:22:45Z] PCM reason=tick buffers=1950 samples=1872000 duration_s=39.000 inRate=48000.0 ch=2 peak=0.7830 rms=0.2288 active=true videoBuffers=0
[2026-08-04T14:22:46Z] PCM reason=tick buffers=2000 samples=1920000 duration_s=40.000 inRate=48000.0 ch=2 peak=0.7830 rms=0.2278 active=true videoBuffers=0
[2026-08-04T14:22:46Z] ANCHOR sessionID=E73D412B-918F-42DB-9CB8-57637BC76434 segmentID=EECA48AD-CFF7-480F-985D-793D968A945E position=88.676 hostTime=1785853366.815 audioPTS=437083.294 playing=true
[2026-08-04T14:22:47Z] PCM reason=tick buffers=2050 samples=1968000 duration_s=41.000 inRate=48000.0 ch=2 peak=0.7830 rms=0.2274 active=true videoBuffers=0
[2026-08-04T14:22:48Z] PCM reason=tick buffers=2100 samples=2016000 duration_s=42.000 inRate=48000.0 ch=2 peak=0.7830 rms=0.2259 active=true videoBuffers=0
[2026-08-04T14:22:49Z] ANCHOR sessionID=E73D412B-918F-42DB-9CB8-57637BC76434 segmentID=EECA48AD-CFF7-480F-985D-793D968A945E position=90.885 hostTime=1785853369.017 audioPTS=437085.474 playing=true
[2026-08-04T14:22:49Z] PCM reason=tick buffers=2150 samples=2064000 duration_s=43.000 inRate=48000.0 ch=2 peak=0.7830 rms=0.2256 active=true videoBuffers=0
[2026-08-04T14:22:50Z] PCM reason=tick buffers=2200 samples=2112000 duration_s=44.000 inRate=48000.0 ch=2 peak=0.7830 rms=0.2259 active=true videoBuffers=0
[2026-08-04T14:22:51Z] PCM reason=tick buffers=2250 samples=2160000 duration_s=45.000 inRate=48000.0 ch=2 peak=0.7830 rms=0.2243 active=true videoBuffers=0
[2026-08-04T14:22:51Z] ANCHOR sessionID=E73D412B-918F-42DB-9CB8-57637BC76434 segmentID=EECA48AD-CFF7-480F-985D-793D968A945E position=93.093 hostTime=1785853371.214 audioPTS=437087.694 playing=true
[2026-08-04T14:22:52Z] PCM reason=tick buffers=2300 samples=2208000 duration_s=46.000 inRate=48000.0 ch=2 peak=0.7830 rms=0.2239 active=true videoBuffers=0
[2026-08-04T14:22:53Z] PCM reason=tick buffers=2350 samples=2256000 duration_s=47.000 inRate=48000.0 ch=2 peak=0.7830 rms=0.2235 active=true videoBuffers=0
[2026-08-04T14:22:53Z] ANCHOR sessionID=E73D412B-918F-42DB-9CB8-57637BC76434 segmentID=EECA48AD-CFF7-480F-985D-793D968A945E position=95.088 hostTime=1785853373.218 audioPTS=437089.674 playing=true
[2026-08-04T14:22:54Z] PCM reason=tick buffers=2400 samples=2304000 duration_s=48.000 inRate=48000.0 ch=2 peak=0.7830 rms=0.2220 active=true videoBuffers=0
[2026-08-04T14:22:55Z] PCM reason=tick buffers=2450 samples=2352000 duration_s=49.000 inRate=48000.0 ch=2 peak=0.8613 rms=0.2220 active=true videoBuffers=0
[2026-08-04T14:22:55Z] ANCHOR sessionID=E73D412B-918F-42DB-9CB8-57637BC76434 segmentID=EECA48AD-CFF7-480F-985D-793D968A945E position=97.273 hostTime=1785853375.415 audioPTS=437091.874 playing=true
[2026-08-04T14:22:56Z] PCM reason=tick buffers=2500 samples=2400000 duration_s=50.000 inRate=48000.0 ch=2 peak=0.8613 rms=0.2230 active=true videoBuffers=0
[2026-08-04T14:22:57Z] PCM reason=tick buffers=2550 samples=2448000 duration_s=51.000 inRate=48000.0 ch=2 peak=0.8613 rms=0.2226 active=true videoBuffers=0
[2026-08-04T14:22:57Z] ANCHOR sessionID=E73D412B-918F-42DB-9CB8-57637BC76434 segmentID=EECA48AD-CFF7-480F-985D-793D968A945E position=99.275 hostTime=1785853377.415 audioPTS=437093.874 playing=true
[2026-08-04T14:22:58Z] PCM reason=tick buffers=2600 samples=2496000 duration_s=52.000 inRate=48000.0 ch=2 peak=0.8613 rms=0.2231 active=true videoBuffers=0
[2026-08-04T14:22:59Z] PCM reason=tick buffers=2650 samples=2544000 duration_s=53.000 inRate=48000.0 ch=2 peak=0.8613 rms=0.2247 active=true videoBuffers=0
[2026-08-04T14:22:59Z] ANCHOR sessionID=E73D412B-918F-42DB-9CB8-57637BC76434 segmentID=EECA48AD-CFF7-480F-985D-793D968A945E position=101.495 hostTime=1785853379.614 audioPTS=437096.074 playing=true
[2026-08-04T14:23:00Z] PCM reason=tick buffers=2700 samples=2592000 duration_s=54.000 inRate=48000.0 ch=2 peak=0.8613 rms=0.2245 active=true videoBuffers=0
[2026-08-04T14:23:01Z] PCM reason=tick buffers=2750 samples=2640000 duration_s=55.000 inRate=48000.0 ch=2 peak=0.8613 rms=0.2261 active=true videoBuffers=0
[2026-08-04T14:23:01Z] S2 stop reason=autoStop
[2026-08-04T14:23:01Z] WAV ready path=/var/folders/kq/dz44fm994nz94zw2dfqnz_g00000gn/T/SpotifyLyricsCapture/s2-sessions/E73D412B-918F-42DB-9CB8-57637BC76434/seg-EECA48AD-mono.wav frames=881280
[2026-08-04T14:23:01Z] TEMP sidecar path=/var/folders/kq/dz44fm994nz94zw2dfqnz_g00000gn/T/SpotifyLyricsCapture/s2-sessions/E73D412B-918F-42DB-9CB8-57637BC76434/seg-EECA48AD.json
[2026-08-04T14:23:01Z] SEGMENT end segmentID=EECA48AD-CFF7-480F-985D-793D968A945E sessionID=E73D412B-918F-42DB-9CB8-57637BC76434 identity=spotify-id:0662h3g9lgdt2vipzypzxm|metadata:夜の合図| reason=autoStop posStart=47.875 posEnd=102.895 hostStart=1785853326.040 hostEnd=1785853381.126 ptsStart=437042.534 ptsEnd=437097.594 samples=2643840 buffers=2754 duration=55.080 rate=48000.0 ch=2 continuous=true pcm=/var/folders/kq/dz44fm994nz94zw2dfqnz_g00000gn/T/SpotifyLyricsCapture/s2-sessions/E73D412B-918F-42DB-9CB8-57637BC76434/seg-EECA48AD-mono.wav
[2026-08-04T14:23:01Z] SESSION end sessionID=E73D412B-918F-42DB-9CB8-57637BC76434 identity=spotify-id:0662h3g9lgdt2vipzypzxm|metadata:夜の合図| reason=autoStop segments=1
[2026-08-04T14:23:01Z] TEMP session sidecar path=/var/folders/kq/dz44fm994nz94zw2dfqnz_g00000gn/T/SpotifyLyricsCapture/s2-sessions/E73D412B-918F-42DB-9CB8-57637BC76434/session.json
[2026-08-04T14:23:01Z] S3A held_out=disabled plain_or_unsynced
[2026-08-04T14:23:01Z] S3A align begin session=E73D412B segments=1
[2026-08-04T14:23:01Z] S3A locale=ja-JP reason=debug_override fallback=false
[2026-08-04T14:23:01Z] S3A speech begin segmentID=EECA48AD wav=seg-EECA48AD-mono.wav pos=47.875->102.895
[2026-08-04T14:23:02Z] PCM reason=tick buffers=2800 samples=2688000 duration_s=56.000 inRate=48000.0 ch=2 peak=0.8613 rms=0.2280 active=true videoBuffers=0
[2026-08-04T14:23:03Z] PCM reason=tick buffers=2850 samples=2736000 duration_s=57.000 inRate=48000.0 ch=2 peak=0.8613 rms=0.2277 active=true videoBuffers=0
[2026-08-04T14:23:04Z] PCM reason=tick buffers=2900 samples=2784000 duration_s=58.000 inRate=48000.0 ch=2 peak=0.8613 rms=0.2278 active=true videoBuffers=0
[2026-08-04T14:23:05Z] PCM reason=tick buffers=2950 samples=2832000 duration_s=59.000 inRate=48000.0 ch=2 peak=0.8613 rms=0.2293 active=true videoBuffers=0
[2026-08-04T14:23:06Z] PCM reason=tick buffers=3000 samples=2880000 duration_s=60.000 inRate=48000.0 ch=2 peak=0.8613 rms=0.2298 active=true videoBuffers=0
[2026-08-04T14:23:07Z] PCM reason=tick buffers=3050 samples=2928000 duration_s=61.000 inRate=48000.0 ch=2 peak=0.8613 rms=0.2295 active=true videoBuffers=0
[2026-08-04T14:23:08Z] PCM reason=tick buffers=3100 samples=2976000 duration_s=62.000 inRate=48000.0 ch=2 peak=0.8613 rms=0.2277 active=true videoBuffers=0
[2026-08-04T14:23:09Z] PCM reason=tick buffers=3150 samples=3024000 duration_s=63.000 inRate=48000.0 ch=2 peak=0.8613 rms=0.2259 active=true videoBuffers=0
[2026-08-04T14:23:10Z] PCM reason=tick buffers=3200 samples=3072000 duration_s=64.000 inRate=48000.0 ch=2 peak=0.8613 rms=0.2264 active=true videoBuffers=0
[2026-08-04T14:23:11Z] PCM reason=tick buffers=3250 samples=3120000 duration_s=65.000 inRate=48000.0 ch=2 peak=0.8613 rms=0.2273 active=true videoBuffers=0
[2026-08-04T14:23:12Z] PCM reason=tick buffers=3300 samples=3168000 duration_s=66.000 inRate=48000.0 ch=2 peak=0.8613 rms=0.2288 active=true videoBuffers=0
[2026-08-04T14:23:13Z] PCM reason=tick buffers=3350 samples=3216000 duration_s=67.000 inRate=48000.0 ch=2 peak=0.8613 rms=0.2301 active=true videoBuffers=0
[2026-08-04T14:23:14Z] PCM reason=tick buffers=3400 samples=3264000 duration_s=68.000 inRate=48000.0 ch=2 peak=0.8613 rms=0.2315 active=true videoBuffers=0
[2026-08-04T14:23:15Z] PCM reason=tick buffers=3450 samples=3312000 duration_s=69.000 inRate=48000.0 ch=2 peak=0.8613 rms=0.2341 active=true videoBuffers=0
[2026-08-04T14:23:16Z] PCM reason=tick buffers=3500 samples=3360000 duration_s=70.000 inRate=48000.0 ch=2 peak=0.8613 rms=0.2356 active=true videoBuffers=0
[2026-08-04T14:23:17Z] PCM reason=tick buffers=3550 samples=3408000 duration_s=71.000 inRate=48000.0 ch=2 peak=0.8613 rms=0.2370 active=true videoBuffers=0
[2026-08-04T14:23:18Z] PCM reason=tick buffers=3600 samples=3456000 duration_s=72.000 inRate=48000.0 ch=2 peak=0.8613 rms=0.2384 active=true videoBuffers=0
[2026-08-04T14:23:19Z] PCM reason=tick buffers=3650 samples=3504000 duration_s=73.000 inRate=48000.0 ch=2 peak=0.8613 rms=0.2396 active=true videoBuffers=0
[2026-08-04T14:23:20Z] PCM reason=tick buffers=3700 samples=3552000 duration_s=74.000 inRate=48000.0 ch=2 peak=0.8613 rms=0.2406 active=true videoBuffers=0
[2026-08-04T14:23:21Z] PCM reason=tick buffers=3750 samples=3600000 duration_s=75.000 inRate=48000.0 ch=2 peak=0.8613 rms=0.2419 active=true videoBuffers=0
[2026-08-04T14:23:22Z] PCM reason=tick buffers=3800 samples=3648000 duration_s=76.000 inRate=48000.0 ch=2 peak=0.8613 rms=0.2428 active=true videoBuffers=0
[2026-08-04T14:23:23Z] PCM reason=tick buffers=3850 samples=3696000 duration_s=77.000 inRate=48000.0 ch=2 peak=0.8613 rms=0.2431 active=true videoBuffers=0
[2026-08-04T14:23:24Z] PCM reason=tick buffers=3900 samples=3744000 duration_s=78.000 inRate=48000.0 ch=2 peak=0.8613 rms=0.2435 active=true videoBuffers=0
[2026-08-04T14:23:25Z] PCM reason=tick buffers=3950 samples=3792000 duration_s=79.000 inRate=48000.0 ch=2 peak=0.8613 rms=0.2443 active=true videoBuffers=0
[2026-08-04T14:23:26Z] PCM reason=tick buffers=4000 samples=3840000 duration_s=80.000 inRate=48000.0 ch=2 peak=0.8613 rms=0.2455 active=true videoBuffers=0
[2026-08-04T14:23:27Z] PCM reason=tick buffers=4050 samples=3888000 duration_s=81.000 inRate=48000.0 ch=2 peak=0.8613 rms=0.2474 active=true videoBuffers=0
[2026-08-04T14:23:28Z] PCM reason=tick buffers=4100 samples=3936000 duration_s=82.000 inRate=48000.0 ch=2 peak=0.8613 rms=0.2481 active=true videoBuffers=0
[2026-08-04T14:23:29Z] PCM reason=tick buffers=4150 samples=3984000 duration_s=83.000 inRate=48000.0 ch=2 peak=0.8613 rms=0.2486 active=true videoBuffers=0
[2026-08-04T14:23:30Z] PCM reason=tick buffers=4200 samples=4032000 duration_s=84.000 inRate=48000.0 ch=2 peak=0.8613 rms=0.2492 active=true videoBuffers=0
[2026-08-04T14:23:31Z] PCM reason=tick buffers=4250 samples=4080000 duration_s=85.000 inRate=48000.0 ch=2 peak=0.8613 rms=0.2493 active=true videoBuffers=0
[2026-08-04T14:23:32Z] PCM reason=tick buffers=4300 samples=4128000 duration_s=86.000 inRate=48000.0 ch=2 peak=0.8613 rms=0.2492 active=true videoBuffers=0
[2026-08-04T14:23:33Z] PCM reason=tick buffers=4350 samples=4176000 duration_s=87.000 inRate=48000.0 ch=2 peak=0.8613 rms=0.2493 active=true videoBuffers=0
[2026-08-04T14:23:34Z] PCM reason=tick buffers=4400 samples=4224000 duration_s=88.000 inRate=48000.0 ch=2 peak=0.8613 rms=0.2496 active=true videoBuffers=0
[2026-08-04T14:23:35Z] PCM reason=tick buffers=4450 samples=4272000 duration_s=89.000 inRate=48000.0 ch=2 peak=0.8613 rms=0.2505 active=true videoBuffers=0
[2026-08-04T14:23:36Z] PCM reason=tick buffers=4500 samples=4320000 duration_s=90.000 inRate=48000.0 ch=2 peak=0.8613 rms=0.2513 active=true videoBuffers=0
[2026-08-04T14:23:37Z] PCM reason=tick buffers=4550 samples=4368000 duration_s=91.000 inRate=48000.0 ch=2 peak=0.8613 rms=0.2521 active=true videoBuffers=0
[2026-08-04T14:23:38Z] PCM reason=tick buffers=4600 samples=4416000 duration_s=92.000 inRate=48000.0 ch=2 peak=0.8613 rms=0.2533 active=true videoBuffers=0
[2026-08-04T14:23:39Z] PCM reason=tick buffers=4650 samples=4464000 duration_s=93.000 inRate=48000.0 ch=2 peak=0.8613 rms=0.2538 active=true videoBuffers=0
[2026-08-04T14:23:40Z] PCM reason=tick buffers=4700 samples=4512000 duration_s=94.000 inRate=48000.0 ch=2 peak=0.8613 rms=0.2542 active=true videoBuffers=0
[2026-08-04T14:23:41Z] PCM reason=tick buffers=4750 samples=4560000 duration_s=95.000 inRate=48000.0 ch=2 peak=0.8613 rms=0.2549 active=true videoBuffers=0
[2026-08-04T14:23:42Z] PCM reason=tick buffers=4800 samples=4608000 duration_s=96.000 inRate=48000.0 ch=2 peak=0.8613 rms=0.2556 active=true videoBuffers=0
[2026-08-04T14:23:43Z] PCM reason=tick buffers=4850 samples=4656000 duration_s=97.000 inRate=48000.0 ch=2 peak=0.8613 rms=0.2564 active=true videoBuffers=0
[2026-08-04T14:23:44Z] PCM reason=tick buffers=4900 samples=4704000 duration_s=98.000 inRate=48000.0 ch=2 peak=0.8613 rms=0.2572 active=true videoBuffers=0
[2026-08-04T14:23:45Z] PCM reason=tick buffers=4950 samples=4752000 duration_s=99.000 inRate=48000.0 ch=2 peak=0.8613 rms=0.2577 active=true videoBuffers=0
[2026-08-04T14:23:46Z] PCM reason=tick buffers=5000 samples=4800000 duration_s=100.000 inRate=48000.0 ch=2 peak=0.8613 rms=0.2583 active=true videoBuffers=0
[2026-08-04T14:23:47Z] PCM reason=tick buffers=5050 samples=4848000 duration_s=101.000 inRate=48000.0 ch=2 peak=0.8613 rms=0.2592 active=true videoBuffers=0
[2026-08-04T14:23:48Z] PCM reason=tick buffers=5100 samples=4896000 duration_s=102.000 inRate=48000.0 ch=2 peak=0.8613 rms=0.2596 active=true videoBuffers=0
[2026-08-04T14:23:49Z] PCM reason=tick buffers=5150 samples=4944000 duration_s=103.000 inRate=48000.0 ch=2 peak=0.8613 rms=0.2602 active=true videoBuffers=0
[2026-08-04T14:23:50Z] PCM reason=tick buffers=5200 samples=4992000 duration_s=104.000 inRate=48000.0 ch=2 peak=0.8613 rms=0.2605 active=true videoBuffers=0
[2026-08-04T14:23:51Z] PCM reason=tick buffers=5250 samples=5040000 duration_s=105.000 inRate=48000.0 ch=2 peak=0.8613 rms=0.2594 active=true videoBuffers=0
[2026-08-04T14:23:52Z] PCM reason=tick buffers=5300 samples=5088000 duration_s=106.000 inRate=48000.0 ch=2 peak=0.8613 rms=0.2585 active=true videoBuffers=0
[2026-08-04T14:23:53Z] PCM reason=tick buffers=5350 samples=5136000 duration_s=107.000 inRate=48000.0 ch=2 peak=0.8613 rms=0.2576 active=true videoBuffers=0
[2026-08-04T14:23:54Z] PCM reason=tick buffers=5400 samples=5184000 duration_s=108.000 inRate=48000.0 ch=2 peak=0.8613 rms=0.2567 active=true videoBuffers=0
[2026-08-04T14:23:55Z] PCM reason=tick buffers=5450 samples=5232000 duration_s=109.000 inRate=48000.0 ch=2 peak=0.8613 rms=0.2557 active=true videoBuffers=0
[2026-08-04T14:23:56Z] PCM reason=tick buffers=5500 samples=5280000 duration_s=110.000 inRate=48000.0 ch=2 peak=0.8613 rms=0.2549 active=true videoBuffers=0
[2026-08-04T14:23:57Z] PCM reason=tick buffers=5550 samples=5328000 duration_s=111.000 inRate=48000.0 ch=2 peak=0.8613 rms=0.2541 active=true videoBuffers=0
[2026-08-04T14:23:58Z] PCM reason=tick buffers=5600 samples=5376000 duration_s=112.000 inRate=48000.0 ch=2 peak=0.8613 rms=0.2532 active=true videoBuffers=0
[2026-08-04T14:23:59Z] PCM reason=tick buffers=5650 samples=5424000 duration_s=113.000 inRate=48000.0 ch=2 peak=0.8613 rms=0.2526 active=true videoBuffers=0
[2026-08-04T14:24:00Z] PCM reason=tick buffers=5700 samples=5472000 duration_s=114.000 inRate=48000.0 ch=2 peak=0.8613 rms=0.2517 active=true videoBuffers=0
[2026-08-04T14:24:01Z] PCM reason=tick buffers=5750 samples=5520000 duration_s=115.000 inRate=48000.0 ch=2 peak=0.8613 rms=0.2509 active=true videoBuffers=0
[2026-08-04T14:24:02Z] PCM reason=tick buffers=5800 samples=5568000 duration_s=116.000 inRate=48000.0 ch=2 peak=0.8613 rms=0.2502 active=true videoBuffers=0
[2026-08-04T14:24:03Z] PCM reason=tick buffers=5850 samples=5616000 duration_s=117.000 inRate=48000.0 ch=2 peak=0.8613 rms=0.2494 active=true videoBuffers=0
[2026-08-04T14:24:04Z] PCM reason=tick buffers=5900 samples=5664000 duration_s=118.000 inRate=48000.0 ch=2 peak=0.8613 rms=0.2486 active=true videoBuffers=0
[2026-08-04T14:24:05Z] PCM reason=tick buffers=5950 samples=5712000 duration_s=119.000 inRate=48000.0 ch=2 peak=0.8613 rms=0.2478 active=true videoBuffers=0
[2026-08-04T14:24:05Z] S3A speech ok segmentID=EECA48AD transcriptSegments=39 audioDuration=55.080
[2026-08-04T14:24:05Z] S3B anchors accepted=5 rejected=33
[2026-08-04T14:24:05Z] S3B ANCHOR_OK line=13 conf=0.962 t=76.735 lyric=時計の針を戻してる speech=時計の針を戻してる
[2026-08-04T14:24:05Z] S3B ANCHOR_OK line=14 conf=0.915 t=79.435 lyric=愛してた　それだけじゃ speech=愛してたそれだけじゃ
[2026-08-04T14:24:05Z] S3B ANCHOR_OK line=15 conf=0.804 t=82.615 lyric=ダメだったんだね speech=だめだたんだね
[2026-08-04T14:24:05Z] S3B ANCHOR_OK line=16 conf=0.866 t=84.985 lyric=すれ違った言葉たちが speech=それ違った言葉たちが
[2026-08-04T14:24:05Z] S3B ANCHOR_OK line=18 conf=0.755 t=90.685 lyric=君の癖　君の声 speech=君の君の声
[2026-08-04T14:24:05Z] S3B ANCHOR_REJ line=14 reason=text_similarity_below_threshold conf=0.734
[2026-08-04T14:24:05Z] S3B ANCHOR_REJ line=14 reason=text_similarity_below_threshold conf=0.719
[2026-08-04T14:24:05Z] S3B ANCHOR_REJ line=14 reason=text_similarity_below_threshold conf=0.711
[2026-08-04T14:24:05Z] S3B ANCHOR_REJ line=15 reason=text_similarity_below_threshold conf=0.716
[2026-08-04T14:24:05Z] S3B ANCHOR_REJ line=15 reason=text_similarity_below_threshold conf=0.720
[2026-08-04T14:24:05Z] S3B ANCHOR_REJ line=16 reason=text_similarity_below_threshold conf=0.758
[2026-08-04T14:24:05Z] S3B ANCHOR_REJ line=18 reason=text_similarity_below_threshold conf=0.708
[2026-08-04T14:24:05Z] S3B ANCHOR_REJ line=19 reason=text_similarity_below_threshold conf=0.676
[2026-08-04T14:24:05Z] S3B ANCHOR_REJ line=19 reason=text_similarity_below_threshold conf=0.687
[2026-08-04T14:24:05Z] S3B ANCHOR_REJ line=19 reason=text_similarity_below_threshold conf=0.670
[2026-08-04T14:24:05Z] S3B ANCHOR_REJ line=19 reason=overall_confidence_below_threshold conf=0.706
[2026-08-04T14:24:05Z] S3B ANCHOR_REJ line=19 reason=text_similarity_below_threshold conf=0.690
[2026-08-04T14:24:05Z] S3B ANCHOR_REJ line=16 reason=duplicate_lyric_line conf=0.865
[2026-08-04T14:24:05Z] S3B ANCHOR_REJ line=13 reason=duplicate_lyric_line conf=0.858
[2026-08-04T14:24:05Z] S3B ANCHOR_REJ line=13 reason=duplicate_lyric_line conf=0.854
[2026-08-04T14:24:05Z] S3B report json=/var/folders/kq/dz44fm994nz94zw2dfqnz_g00000gn/T/spotifylyrics-s3a-reports/partial-E73D412B.json
[2026-08-04T14:24:05Z] S3B report md=/var/folders/kq/dz44fm994nz94zw2dfqnz_g00000gn/T/spotifylyrics-s3a-reports/partial-E73D412B.md
[2026-08-04T14:24:05Z] S3A coverage=0.094 resolved=2 low=1 unresolved=29
[2026-08-04T14:24:05Z] S3B coverage=0.156 resolved=5 low=0 unresolved=27 anchors=5 constrained=true judgment=B_coverage_up_but_errors_remain
[2026-08-04T14:24:05Z] S3B judgment=B_coverage_up_but_errors_remain constrained=true anchors=5/rej=33 fallback=none
[2026-08-04T14:24:05Z] S3B AB s3a_cov=0.094 s3b_cov=0.156 s3a_res=2 s3b_res=5
[2026-08-04T14:24:05Z] SPIKE stop reason=s2-autoStop
[2026-08-04T14:24:05Z] PCM reason=final buffers=5992 samples=5752320 duration_s=119.840 inRate=48000.0 ch=2 peak=0.8613 rms=0.2471 active=true videoBuffers=0
[2026-08-04T14:24:05Z] STREAM stopCapture ok reason=s2-autoStop
[2026-08-04T14:24:05Z] TEMP cleanup path=/var/folders/kq/dz44fm994nz94zw2dfqnz_g00000gn/T/SpotifyLyricsCapture/F39F43F0-B879-4E8A-B065-F93320EBB60F exists_after=false
[2026-08-04T14:24:05Z] TEMP scavenge removed=s2-sessions
[2026-08-04T14:24:05Z] SPIKE stopped idle
[2026-08-04T14:24:05Z] CLEANUP sessionDir=/var/folders/kq/dz44fm994nz94zw2dfqnz_g00000gn/T/SpotifyLyricsCapture/s2-sessions/E73D412B-918F-42DB-9CB8-57637BC76434 exists_after=false
[2026-08-04T14:24:05Z] S2 stopped idle sessions=1
[2026-08-04T14:24:05Z] SUMMARY sessions=1
[2026-08-04T14:24:05Z] SUMMARY_SESSION id=E73D412B identity=spotify-id:0662h3g9lgdt2vipzypzxm|metadata:夜の合図| terminal=autoStop segments=1
[2026-08-04T14:24:05Z] SUMMARY_SEG i=0 id=EECA48AD start=initial end=autoStop pos=47.875->102.895 dur=55.080 samples=2643840
