[2026-08-04T11:30:59Z] LOG_RESET
[2026-08-04T11:30:59Z] SPIKE start formal_db_opened=NO (spike never opens SQLite)
[2026-08-04T11:30:59Z] SPIKE policy=spotify-app-audio-only no-mic no-screen-save no-asr no-align
[2026-08-04T11:30:59Z] DISCOVER related=4 primary=1 captureTargets=1
[2026-08-04T11:30:59Z] DISCOVER_APP pid=49781 bundle=com.spotifylyrics.app name=SpotifyLyrics captureTarget=false
[2026-08-04T11:30:59Z] DISCOVER_APP pid=8358 bundle=com.apple.SafariPlatformSupport.Helper name=自动填充 (Spotify) captureTarget=false
[2026-08-04T11:30:59Z] DISCOVER_APP pid=18752 bundle=com.spotify.client name=Spotify captureTarget=true
[2026-08-04T11:30:59Z] DISCOVER_APP pid=7666 bundle=com.apple.appkit.xpc.ThemeWidgetControlViewService name=ThemeWidgetControlViewService (Spotify) captureTarget=false
[2026-08-04T11:30:59Z] STREAM configured capturesAudio=1 screenOutput=0 mic=0 sampleRate=48000 channels=2
[2026-08-04T11:30:59Z] TEMP dir=/var/folders/kq/dz44fm994nz94zw2dfqnz_g00000gn/T/SpotifyLyricsCapture/06EEDC07-323F-4B43-AF06-9AF274160FB9 (marker only; no audio files)
[2026-08-04T11:30:59Z] STREAM started
[2026-08-04T11:31:00Z] PCM reason=tick buffers=49 samples=47040 duration_s=0.980 inRate=48000.0 ch=2 peak=0.5664 rms=0.1968 active=true videoBuffers=0
[2026-08-04T11:31:01Z] PCM reason=tick buffers=99 samples=95040 duration_s=1.980 inRate=48000.0 ch=2 peak=0.5685 rms=0.2191 active=true videoBuffers=0
[2026-08-04T11:31:02Z] PCM reason=tick buffers=150 samples=144000 duration_s=3.000 inRate=48000.0 ch=2 peak=0.5685 rms=0.2272 active=true videoBuffers=0
[2026-08-04T11:31:03Z] PCM reason=tick buffers=200 samples=192000 duration_s=4.000 inRate=48000.0 ch=2 peak=0.5685 rms=0.2365 active=true videoBuffers=0
[2026-08-04T11:31:04Z] PCM reason=tick buffers=249 samples=239040 duration_s=4.980 inRate=48000.0 ch=2 peak=0.5685 rms=0.2473 active=true videoBuffers=0
[2026-08-04T11:31:05Z] PCM reason=tick buffers=299 samples=287040 duration_s=5.980 inRate=48000.0 ch=2 peak=0.5685 rms=0.2458 active=true videoBuffers=0
[2026-08-04T11:31:06Z] PCM reason=tick buffers=350 samples=336000 duration_s=7.000 inRate=48000.0 ch=2 peak=0.5685 rms=0.2464 active=true videoBuffers=0
[2026-08-04T11:31:07Z] PCM reason=tick buffers=400 samples=384000 duration_s=8.000 inRate=48000.0 ch=2 peak=0.5685 rms=0.2523 active=true videoBuffers=0
[2026-08-04T11:31:08Z] PCM reason=tick buffers=449 samples=431040 duration_s=8.980 inRate=48000.0 ch=2 peak=0.5685 rms=0.2511 active=true videoBuffers=0
[2026-08-04T11:31:09Z] PCM reason=tick buffers=499 samples=479040 duration_s=9.980 inRate=48000.0 ch=2 peak=0.5685 rms=0.2499 active=true videoBuffers=0
[2026-08-04T11:31:10Z] PCM reason=tick buffers=550 samples=528000 duration_s=11.000 inRate=48000.0 ch=2 peak=0.5685 rms=0.2532 active=true videoBuffers=0
[2026-08-04T11:31:11Z] PCM reason=tick buffers=600 samples=576000 duration_s=12.000 inRate=48000.0 ch=2 peak=0.5685 rms=0.2550 active=true videoBuffers=0
[2026-08-04T11:31:12Z] PCM reason=tick buffers=649 samples=623040 duration_s=12.980 inRate=48000.0 ch=2 peak=0.5685 rms=0.2570 active=true videoBuffers=0
[2026-08-04T11:31:13Z] PCM reason=tick buffers=699 samples=671040 duration_s=13.980 inRate=48000.0 ch=2 peak=0.5685 rms=0.2591 active=true videoBuffers=0
[2026-08-04T11:31:14Z] PCM reason=tick buffers=750 samples=720000 duration_s=15.000 inRate=48000.0 ch=2 peak=0.5685 rms=0.2584 active=true videoBuffers=0
[2026-08-04T11:31:15Z] PCM reason=tick buffers=800 samples=768000 duration_s=16.000 inRate=48000.0 ch=2 peak=0.5685 rms=0.2564 active=true videoBuffers=0
[2026-08-04T11:31:16Z] PCM reason=tick buffers=849 samples=815040 duration_s=16.980 inRate=48000.0 ch=2 peak=0.5685 rms=0.2566 active=true videoBuffers=0
[2026-08-04T11:31:17Z] PCM reason=tick buffers=899 samples=863040 duration_s=17.980 inRate=48000.0 ch=2 peak=0.5685 rms=0.2571 active=true videoBuffers=0
[2026-08-04T11:31:17Z] SPIKE auto-stop after 18.0s
[2026-08-04T11:31:17Z] SPIKE stop reason=auto-stop
[2026-08-04T11:31:17Z] PCM reason=final buffers=902 samples=865920 duration_s=18.040 inRate=48000.0 ch=2 peak=0.5685 rms=0.2572 active=true videoBuffers=0
[2026-08-04T11:31:17Z] STREAM stopCapture ok reason=auto-stop
[2026-08-04T11:31:17Z] TEMP cleanup path=/var/folders/kq/dz44fm994nz94zw2dfqnz_g00000gn/T/SpotifyLyricsCapture/06EEDC07-323F-4B43-AF06-9AF274160FB9 exists_after=false
[2026-08-04T11:31:17Z] SPIKE stopped idle
