[2026-08-04T11:39:39Z] LOG_RESET
[2026-08-04T11:39:39Z] SPIKE start formal_db_opened=NO (spike never opens SQLite)
[2026-08-04T11:39:39Z] SPIKE policy=spotify-app-audio-only no-mic no-screen-save no-asr no-align
[2026-08-04T11:39:39Z] DISCOVER related=1 primary=1 captureTargets=1
[2026-08-04T11:39:39Z] DISCOVER_APP pid=18752 bundle=com.spotify.client name=Spotify captureTarget=true
[2026-08-04T11:39:39Z] STREAM configured capturesAudio=1 screenOutput=0 mic=0 sampleRate=48000 channels=2
[2026-08-04T11:39:39Z] TEMP dir=/var/folders/kq/dz44fm994nz94zw2dfqnz_g00000gn/T/SpotifyLyricsCapture/43599C1B-2E24-4D19-94CF-8DFC5006AE88 (marker only; no audio files)
[2026-08-04T11:39:39Z] STREAM started
[2026-08-04T11:39:39Z] SESSION start sessionID=738BB9D3-DDBC-4FFE-999C-9857B15468CC identity=spotify-id:6oigt3a06jqhjbd0dxplct|metadata:wesay duration=212.068 source=screenCaptureKit.spotifyAudio.v1 reason=initial
[2026-08-04T11:39:39Z] SEGMENT start segmentID=7810C79C-FCE5-4800-A044-050B420D137B sessionID=738BB9D3-DDBC-4FFE-999C-9857B15468CC identity=spotify-id:6oigt3a06jqhjbd0dxplct|metadata:wesay reason=initial position=148.105 hostTime=1785843579.552 continuityID=1C33B5D6-A1B6-4DE8-BB1D-110748AD61B9
[2026-08-04T11:39:39Z] ANCHOR sessionID=738BB9D3-DDBC-4FFE-999C-9857B15468CC segmentID=7810C79C-FCE5-4800-A044-050B420D137B position=148.105 hostTime=1785843579.553 audioPTS=-1.000 playing=true
[2026-08-04T11:39:40Z] PCM reason=tick buffers=0 samples=0 duration_s=0.000 inRate=0.0 ch=0 peak=0.0000 rms=0.0000 active=false videoBuffers=0
[2026-08-04T11:39:41Z] PCM reason=tick buffers=0 samples=0 duration_s=0.000 inRate=0.0 ch=0 peak=0.0000 rms=0.0000 active=false videoBuffers=0
[2026-08-04T11:39:41Z] ANCHOR sessionID=738BB9D3-DDBC-4FFE-999C-9857B15468CC segmentID=7810C79C-FCE5-4800-A044-050B420D137B position=150.275 hostTime=1785843581.575 audioPTS=-1.000 playing=true
[2026-08-04T11:39:42Z] PCM reason=tick buffers=107 samples=102720 duration_s=2.140 inRate=48000.0 ch=2 peak=0.4941 rms=0.2557 active=true videoBuffers=0
[2026-08-04T11:39:43Z] PCM reason=tick buffers=158 samples=151680 duration_s=3.160 inRate=48000.0 ch=2 peak=0.4941 rms=0.2525 active=true videoBuffers=0
[2026-08-04T11:39:43Z] ANCHOR sessionID=738BB9D3-DDBC-4FFE-999C-9857B15468CC segmentID=7810C79C-FCE5-4800-A044-050B420D137B position=152.475 hostTime=1785843583.771 audioPTS=427300.041 playing=true
[2026-08-04T11:39:44Z] PCM reason=tick buffers=208 samples=199680 duration_s=4.160 inRate=48000.0 ch=2 peak=0.4941 rms=0.2542 active=true videoBuffers=0
[2026-08-04T11:39:45Z] PCM reason=tick buffers=258 samples=247680 duration_s=5.160 inRate=48000.0 ch=2 peak=0.4941 rms=0.2556 active=true videoBuffers=0
[2026-08-04T11:39:45Z] ANCHOR sessionID=738BB9D3-DDBC-4FFE-999C-9857B15468CC segmentID=7810C79C-FCE5-4800-A044-050B420D137B position=154.457 hostTime=1785843585.773 audioPTS=427302.041 playing=true
[2026-08-04T11:39:46Z] PCM reason=tick buffers=307 samples=294720 duration_s=6.140 inRate=48000.0 ch=2 peak=0.4941 rms=0.2528 active=true videoBuffers=0
[2026-08-04T11:39:47Z] PCM reason=tick buffers=358 samples=343680 duration_s=7.160 inRate=48000.0 ch=2 peak=0.4941 rms=0.2518 active=true videoBuffers=0
[2026-08-04T11:39:47Z] ANCHOR sessionID=738BB9D3-DDBC-4FFE-999C-9857B15468CC segmentID=7810C79C-FCE5-4800-A044-050B420D137B position=156.657 hostTime=1785843587.964 audioPTS=427304.241 playing=true
[2026-08-04T11:39:48Z] S2 DROP late buffer identity mismatch
[2026-08-04T11:39:48Z] S2 IDENTITY previous=spotify-id:6oigt3a06jqhjbd0dxplct|metada next=spotify-id:6iwejpz1ac4rixkrxqlneb|metada
[2026-08-04T11:39:48Z] TEMP sidecar path=/var/folders/kq/dz44fm994nz94zw2dfqnz_g00000gn/T/SpotifyLyricsCapture/s2-sessions/738BB9D3-DDBC-4FFE-999C-9857B15468CC/seg-7810C79C.json
[2026-08-04T11:39:48Z] SEGMENT end segmentID=7810C79C-FCE5-4800-A044-050B420D137B sessionID=738BB9D3-DDBC-4FFE-999C-9857B15468CC identity=spotify-id:6oigt3a06jqhjbd0dxplct|metadata:wesay reason=trackChanged posStart=148.105 posEnd=0.423 hostStart=1785843579.552 hostEnd=1785843588.019 ptsStart=427295.841 ptsEnd=427304.261 samples=363840 buffers=379 duration=7.580 rate=48000.0 ch=2 continuous=true pcm=/var/folders/kq/dz44fm994nz94zw2dfqnz_g00000gn/T/SpotifyLyricsCapture/s2-sessions/738BB9D3-DDBC-4FFE-999C-9857B15468CC/seg-7810C79C.json
[2026-08-04T11:39:48Z] SESSION end sessionID=738BB9D3-DDBC-4FFE-999C-9857B15468CC identity=spotify-id:6oigt3a06jqhjbd0dxplct|metadata:wesay reason=trackChanged segments=1
[2026-08-04T11:39:48Z] TEMP session sidecar path=/var/folders/kq/dz44fm994nz94zw2dfqnz_g00000gn/T/SpotifyLyricsCapture/s2-sessions/738BB9D3-DDBC-4FFE-999C-9857B15468CC/session.json
[2026-08-04T11:39:48Z] SESSION start sessionID=C7DAD13F-A9AC-4278-9512-04DE29360FA2 identity=spotify-id:6iwejpz1ac4rixkrxqlneb|metadata:until duration=161.426 source=screenCaptureKit.spotifyAudio.v1 reason=trackChanged
[2026-08-04T11:39:48Z] SEGMENT start segmentID=F538B067-0B8E-4EE1-A89F-E1E6EF1DE096 sessionID=C7DAD13F-A9AC-4278-9512-04DE29360FA2 identity=spotify-id:6iwejpz1ac4rixkrxqlneb|metadata:until reason=initial position=0.423 hostTime=1785843588.021 continuityID=2B700CC2-03D7-41C7-A1ED-F9062CF389F3
[2026-08-04T11:39:48Z] PCM reason=tick buffers=408 samples=391680 duration_s=8.160 inRate=48000.0 ch=2 peak=0.4941 rms=0.2385 active=true videoBuffers=0
[2026-08-04T11:39:49Z] PCM reason=tick buffers=458 samples=439680 duration_s=9.160 inRate=48000.0 ch=2 peak=0.4941 rms=0.2280 active=true videoBuffers=0
[2026-08-04T11:39:50Z] ANCHOR sessionID=C7DAD13F-A9AC-4278-9512-04DE29360FA2 segmentID=F538B067-0B8E-4EE1-A89F-E1E6EF1DE096 position=2.606 hostTime=1785843590.162 audioPTS=427306.441 playing=true
[2026-08-04T11:39:50Z] PCM reason=tick buffers=507 samples=486720 duration_s=10.140 inRate=48000.0 ch=2 peak=0.4941 rms=0.2193 active=true videoBuffers=0
[2026-08-04T11:39:51Z] PCM reason=tick buffers=558 samples=535680 duration_s=11.160 inRate=48000.0 ch=2 peak=0.4941 rms=0.2117 active=true videoBuffers=0
[2026-08-04T11:39:52Z] ANCHOR sessionID=C7DAD13F-A9AC-4278-9512-04DE29360FA2 segmentID=F538B067-0B8E-4EE1-A89F-E1E6EF1DE096 position=4.619 hostTime=1785843592.202 audioPTS=427308.481 playing=true
[2026-08-04T11:39:52Z] PCM reason=tick buffers=608 samples=583680 duration_s=12.160 inRate=48000.0 ch=2 peak=0.4941 rms=0.2058 active=true videoBuffers=0
[2026-08-04T11:39:53Z] PCM reason=tick buffers=658 samples=631680 duration_s=13.160 inRate=48000.0 ch=2 peak=0.4941 rms=0.2004 active=true videoBuffers=0
[2026-08-04T11:39:54Z] ANCHOR sessionID=C7DAD13F-A9AC-4278-9512-04DE29360FA2 segmentID=F538B067-0B8E-4EE1-A89F-E1E6EF1DE096 position=6.784 hostTime=1785843594.374 audioPTS=427310.621 playing=true
[2026-08-04T11:39:54Z] PCM reason=tick buffers=707 samples=678720 duration_s=14.140 inRate=48000.0 ch=2 peak=0.4941 rms=0.1953 active=true videoBuffers=0
[2026-08-04T11:39:55Z] PCM reason=tick buffers=758 samples=727680 duration_s=15.160 inRate=48000.0 ch=2 peak=0.4941 rms=0.1902 active=true videoBuffers=0
[2026-08-04T11:39:55Z] S2 IDENTITY previous=spotify-id:6iwejpz1ac4rixkrxqlneb|metada next=spotify-id:0662h3g9lgdt2vipzypzxm|metada
[2026-08-04T11:39:55Z] TEMP sidecar path=/var/folders/kq/dz44fm994nz94zw2dfqnz_g00000gn/T/SpotifyLyricsCapture/s2-sessions/C7DAD13F-A9AC-4278-9512-04DE29360FA2/seg-F538B067.json
[2026-08-04T11:39:55Z] SEGMENT end segmentID=F538B067-0B8E-4EE1-A89F-E1E6EF1DE096 sessionID=C7DAD13F-A9AC-4278-9512-04DE29360FA2 identity=spotify-id:6iwejpz1ac4rixkrxqlneb|metadata:until reason=trackChanged posStart=0.423 posEnd=0.536 hostStart=1785843588.021 hostEnd=1785843595.640 ptsStart=427304.301 ptsEnd=427311.881 samples=364800 buffers=380 duration=7.600 rate=48000.0 ch=2 continuous=true pcm=/var/folders/kq/dz44fm994nz94zw2dfqnz_g00000gn/T/SpotifyLyricsCapture/s2-sessions/C7DAD13F-A9AC-4278-9512-04DE29360FA2/seg-F538B067.json
[2026-08-04T11:39:55Z] SESSION end sessionID=C7DAD13F-A9AC-4278-9512-04DE29360FA2 identity=spotify-id:6iwejpz1ac4rixkrxqlneb|metadata:until reason=trackChanged segments=1
[2026-08-04T11:39:55Z] TEMP session sidecar path=/var/folders/kq/dz44fm994nz94zw2dfqnz_g00000gn/T/SpotifyLyricsCapture/s2-sessions/C7DAD13F-A9AC-4278-9512-04DE29360FA2/session.json
[2026-08-04T11:39:55Z] SESSION start sessionID=66E1CF23-F603-49DE-BA5B-2D598FDE67E3 identity=spotify-id:0662h3g9lgdt2vipzypzxm|metadata:夜の合図| duration=170.720 source=screenCaptureKit.spotifyAudio.v1 reason=trackChanged
[2026-08-04T11:39:55Z] SEGMENT start segmentID=1EA08E61-82EC-4F44-B574-D9F15DCF501E sessionID=66E1CF23-F603-49DE-BA5B-2D598FDE67E3 identity=spotify-id:0662h3g9lgdt2vipzypzxm|metadata:夜の合図| reason=initial position=0.536 hostTime=1785843595.642 continuityID=87DDEABE-6F6A-4F0A-B99E-6607E68E305F
[2026-08-04T11:39:56Z] PCM reason=tick buffers=808 samples=775680 duration_s=16.160 inRate=48000.0 ch=2 peak=0.4941 rms=0.1842 active=true videoBuffers=0
[2026-08-04T11:39:56Z] ANCHOR sessionID=66E1CF23-F603-49DE-BA5B-2D598FDE67E3 segmentID=1EA08E61-82EC-4F44-B574-D9F15DCF501E position=1.491 hostTime=1785843596.569 audioPTS=427312.841 playing=true
[2026-08-04T11:39:57Z] PCM reason=tick buffers=858 samples=823680 duration_s=17.160 inRate=48000.0 ch=2 peak=0.4941 rms=0.1787 active=false videoBuffers=0
[2026-08-04T11:39:58Z] TEMP sidecar path=/var/folders/kq/dz44fm994nz94zw2dfqnz_g00000gn/T/SpotifyLyricsCapture/s2-sessions/66E1CF23-F603-49DE-BA5B-2D598FDE67E3/seg-1EA08E61.json
[2026-08-04T11:39:58Z] SEGMENT end segmentID=1EA08E61-82EC-4F44-B574-D9F15DCF501E sessionID=66E1CF23-F603-49DE-BA5B-2D598FDE67E3 identity=spotify-id:0662h3g9lgdt2vipzypzxm|metadata:夜の合図| reason=pause posStart=0.536 posEnd=2.207 hostStart=1785843595.642 hostEnd=1785843598.038 ptsStart=427311.901 ptsEnd=427314.301 samples=116160 buffers=121 duration=2.420 rate=48000.0 ch=2 continuous=true pcm=/var/folders/kq/dz44fm994nz94zw2dfqnz_g00000gn/T/SpotifyLyricsCapture/s2-sessions/66E1CF23-F603-49DE-BA5B-2D598FDE67E3/seg-1EA08E61.json
[2026-08-04T11:39:58Z] S2 PLAYBACK paused position=2.207
[2026-08-04T11:39:58Z] PCM reason=tick buffers=907 samples=870720 duration_s=18.140 inRate=48000.0 ch=2 peak=0.4941 rms=0.1739 active=false videoBuffers=0
[2026-08-04T11:39:59Z] PCM reason=tick buffers=958 samples=919680 duration_s=19.160 inRate=48000.0 ch=2 peak=0.4941 rms=0.1692 active=false videoBuffers=0
[2026-08-04T11:40:00Z] PCM reason=tick buffers=1008 samples=967680 duration_s=20.160 inRate=48000.0 ch=2 peak=0.4941 rms=0.1649 active=false videoBuffers=0
[2026-08-04T11:40:01Z] PCM reason=tick buffers=1058 samples=1015680 duration_s=21.160 inRate=48000.0 ch=2 peak=0.4941 rms=0.1610 active=false videoBuffers=0
[2026-08-04T11:40:02Z] PCM reason=tick buffers=1107 samples=1062720 duration_s=22.140 inRate=48000.0 ch=2 peak=0.4941 rms=0.1574 active=false videoBuffers=0
[2026-08-04T11:40:02Z] SEGMENT start segmentID=B95A9FED-0B56-4A24-B7B1-17FBD5DCF117 sessionID=66E1CF23-F603-49DE-BA5B-2D598FDE67E3 identity=spotify-id:0662h3g9lgdt2vipzypzxm|metadata:夜の合図| reason=resume position=4.617 hostTime=1785843602.848 continuityID=94EE0FEE-1E4B-4FE6-9B81-59735604FF29
[2026-08-04T11:40:02Z] S2 PLAYBACK resumed position=4.617
[2026-08-04T11:40:02Z] ANCHOR sessionID=66E1CF23-F603-49DE-BA5B-2D598FDE67E3 segmentID=B95A9FED-0B56-4A24-B7B1-17FBD5DCF117 position=4.617 hostTime=1785843602.849 audioPTS=-1.000 playing=true
[2026-08-04T11:40:03Z] PCM reason=tick buffers=1158 samples=1111680 duration_s=23.160 inRate=48000.0 ch=2 peak=0.4941 rms=0.1552 active=true videoBuffers=0
[2026-08-04T11:40:04Z] PCM reason=tick buffers=1208 samples=1159680 duration_s=24.160 inRate=48000.0 ch=2 peak=0.4941 rms=0.1525 active=true videoBuffers=0
[2026-08-04T11:40:04Z] ANCHOR sessionID=66E1CF23-F603-49DE-BA5B-2D598FDE67E3 segmentID=B95A9FED-0B56-4A24-B7B1-17FBD5DCF117 position=6.733 hostTime=1785843604.969 audioPTS=427321.221 playing=true
[2026-08-04T11:40:05Z] PCM reason=tick buffers=1258 samples=1207680 duration_s=25.160 inRate=48000.0 ch=2 peak=0.4941 rms=0.1500 active=true videoBuffers=0
[2026-08-04T11:40:06Z] PCM reason=tick buffers=1307 samples=1254720 duration_s=26.140 inRate=48000.0 ch=2 peak=0.4941 rms=0.1490 active=true videoBuffers=0
[2026-08-04T11:40:07Z] ANCHOR sessionID=66E1CF23-F603-49DE-BA5B-2D598FDE67E3 segmentID=B95A9FED-0B56-4A24-B7B1-17FBD5DCF117 position=18.875 hostTime=1785843607.174 audioPTS=427323.441 playing=true
[2026-08-04T11:40:07Z] PCM reason=tick buffers=1358 samples=1303680 duration_s=27.160 inRate=48000.0 ch=2 peak=0.4941 rms=0.1479 active=true videoBuffers=0
[2026-08-04T11:40:09Z] PCM reason=tick buffers=1454 samples=1395840 duration_s=29.080 inRate=48000.0 ch=2 peak=0.4941 rms=0.1456 active=true videoBuffers=0
[2026-08-04T11:40:09Z] ANCHOR sessionID=66E1CF23-F603-49DE-BA5B-2D598FDE67E3 segmentID=B95A9FED-0B56-4A24-B7B1-17FBD5DCF117 position=21.188 hostTime=1785843609.486 audioPTS=427325.761 playing=true
[2026-08-04T11:40:09Z] PCM reason=tick buffers=1458 samples=1399680 duration_s=29.160 inRate=48000.0 ch=2 peak=0.4941 rms=0.1454 active=true videoBuffers=0
[2026-08-04T11:40:10Z] PCM reason=tick buffers=1507 samples=1446720 duration_s=30.140 inRate=48000.0 ch=2 peak=0.4941 rms=0.1447 active=true videoBuffers=0
[2026-08-04T11:40:11Z] PCM reason=tick buffers=1558 samples=1495680 duration_s=31.160 inRate=48000.0 ch=2 peak=0.4941 rms=0.1440 active=true videoBuffers=0
[2026-08-04T11:40:11Z] ANCHOR sessionID=66E1CF23-F603-49DE-BA5B-2D598FDE67E3 segmentID=B95A9FED-0B56-4A24-B7B1-17FBD5DCF117 position=23.243 hostTime=1785843611.565 audioPTS=427327.841 playing=true
[2026-08-04T11:40:12Z] PCM reason=tick buffers=1608 samples=1543680 duration_s=32.160 inRate=48000.0 ch=2 peak=0.4941 rms=0.1431 active=true videoBuffers=0
[2026-08-04T11:40:12Z] S2 IDENTITY previous=spotify-id:0662h3g9lgdt2vipzypzxm|metada next=spotify-id:0fipkwb6qkwtjwtsyaiklh|metada
[2026-08-04T11:40:12Z] TEMP sidecar path=/var/folders/kq/dz44fm994nz94zw2dfqnz_g00000gn/T/SpotifyLyricsCapture/s2-sessions/66E1CF23-F603-49DE-BA5B-2D598FDE67E3/seg-B95A9FED.json
[2026-08-04T11:40:12Z] SEGMENT end segmentID=B95A9FED-0B56-4A24-B7B1-17FBD5DCF117 sessionID=66E1CF23-F603-49DE-BA5B-2D598FDE67E3 identity=spotify-id:0662h3g9lgdt2vipzypzxm|metadata:夜の合図| reason=trackChanged posStart=4.617 posEnd=0.235 hostStart=1785843602.848 hostEnd=1785843612.757 ptsStart=427319.141 ptsEnd=427329.001 samples=474240 buffers=494 duration=9.880 rate=48000.0 ch=2 continuous=true pcm=/var/folders/kq/dz44fm994nz94zw2dfqnz_g00000gn/T/SpotifyLyricsCapture/s2-sessions/66E1CF23-F603-49DE-BA5B-2D598FDE67E3/seg-B95A9FED.json
[2026-08-04T11:40:12Z] SESSION end sessionID=66E1CF23-F603-49DE-BA5B-2D598FDE67E3 identity=spotify-id:0662h3g9lgdt2vipzypzxm|metadata:夜の合図| reason=trackChanged segments=2
[2026-08-04T11:40:12Z] TEMP session sidecar path=/var/folders/kq/dz44fm994nz94zw2dfqnz_g00000gn/T/SpotifyLyricsCapture/s2-sessions/66E1CF23-F603-49DE-BA5B-2D598FDE67E3/session.json
[2026-08-04T11:40:12Z] SESSION start sessionID=93EE3145-1251-403C-BF51-86B9D9E0F035 identity=spotify-id:0fipkwb6qkwtjwtsyaiklh|metadata:bitte duration=262.500 source=screenCaptureKit.spotifyAudio.v1 reason=trackChanged
[2026-08-04T11:40:12Z] SEGMENT start segmentID=DE0BC306-E173-4B56-9BE9-5F2A4836A03F sessionID=93EE3145-1251-403C-BF51-86B9D9E0F035 identity=spotify-id:0fipkwb6qkwtjwtsyaiklh|metadata:bitte reason=initial position=0.235 hostTime=1785843612.760 continuityID=AB435A6A-49A3-4BB0-99B5-DED3C7F81733
[2026-08-04T11:40:13Z] PCM reason=tick buffers=1658 samples=1591680 duration_s=33.160 inRate=48000.0 ch=2 peak=0.4941 rms=0.1410 active=true videoBuffers=0
[2026-08-04T11:40:13Z] ANCHOR sessionID=93EE3145-1251-403C-BF51-86B9D9E0F035 segmentID=DE0BC306-E173-4B56-9BE9-5F2A4836A03F position=1.261 hostTime=1785843613.762 audioPTS=427330.041 playing=true
[2026-08-04T11:40:14Z] PCM reason=tick buffers=1707 samples=1638720 duration_s=34.140 inRate=48000.0 ch=2 peak=0.4941 rms=0.1419 active=true videoBuffers=0
[2026-08-04T11:40:15Z] PCM reason=tick buffers=1758 samples=1687680 duration_s=35.160 inRate=48000.0 ch=2 peak=0.4941 rms=0.1447 active=true videoBuffers=0
[2026-08-04T11:40:15Z] ANCHOR sessionID=93EE3145-1251-403C-BF51-86B9D9E0F035 segmentID=DE0BC306-E173-4B56-9BE9-5F2A4836A03F position=3.246 hostTime=1785843615.769 audioPTS=427332.041 playing=true
[2026-08-04T11:40:16Z] PCM reason=tick buffers=1808 samples=1735680 duration_s=36.160 inRate=48000.0 ch=2 peak=0.4941 rms=0.1468 active=true videoBuffers=0
[2026-08-04T11:40:17Z] PCM reason=tick buffers=1857 samples=1782720 duration_s=37.140 inRate=48000.0 ch=2 peak=0.4941 rms=0.1487 active=true videoBuffers=0
[2026-08-04T11:40:17Z] ANCHOR sessionID=93EE3145-1251-403C-BF51-86B9D9E0F035 segmentID=DE0BC306-E173-4B56-9BE9-5F2A4836A03F position=5.438 hostTime=1785843617.965 audioPTS=427334.221 playing=true
[2026-08-04T11:40:18Z] PCM reason=tick buffers=1915 samples=1838400 duration_s=38.300 inRate=48000.0 ch=2 peak=0.4941 rms=0.1479 active=true videoBuffers=0
[2026-08-04T11:40:19Z] PCM reason=tick buffers=1958 samples=1879680 duration_s=39.160 inRate=48000.0 ch=2 peak=0.4941 rms=0.1476 active=true videoBuffers=0
[2026-08-04T11:40:20Z] ANCHOR sessionID=93EE3145-1251-403C-BF51-86B9D9E0F035 segmentID=DE0BC306-E173-4B56-9BE9-5F2A4836A03F position=2.249 hostTime=1785843620.101 audioPTS=427336.381 playing=true
[2026-08-04T11:40:20Z] PCM reason=tick buffers=2008 samples=1927680 duration_s=40.160 inRate=48000.0 ch=2 peak=0.4941 rms=0.1493 active=true videoBuffers=0
[2026-08-04T11:40:21Z] S2 IDENTITY previous=spotify-id:0fipkwb6qkwtjwtsyaiklh|metada next=spotify-id:69hhxyio4ewpxyloafz0lc|metada
[2026-08-04T11:40:21Z] TEMP sidecar path=/var/folders/kq/dz44fm994nz94zw2dfqnz_g00000gn/T/SpotifyLyricsCapture/s2-sessions/93EE3145-1251-403C-BF51-86B9D9E0F035/seg-DE0BC306.json
[2026-08-04T11:40:21Z] SEGMENT end segmentID=DE0BC306-E173-4B56-9BE9-5F2A4836A03F sessionID=93EE3145-1251-403C-BF51-86B9D9E0F035 identity=spotify-id:0fipkwb6qkwtjwtsyaiklh|metadata:bitte reason=trackChanged posStart=0.235 posEnd=0.224 hostStart=1785843612.760 hostEnd=1785843621.467 ptsStart=427329.021 ptsEnd=427337.721 samples=418560 buffers=436 duration=8.720 rate=48000.0 ch=2 continuous=true pcm=/var/folders/kq/dz44fm994nz94zw2dfqnz_g00000gn/T/SpotifyLyricsCapture/s2-sessions/93EE3145-1251-403C-BF51-86B9D9E0F035/seg-DE0BC306.json
[2026-08-04T11:40:21Z] SESSION end sessionID=93EE3145-1251-403C-BF51-86B9D9E0F035 identity=spotify-id:0fipkwb6qkwtjwtsyaiklh|metadata:bitte reason=trackChanged segments=1
[2026-08-04T11:40:21Z] TEMP session sidecar path=/var/folders/kq/dz44fm994nz94zw2dfqnz_g00000gn/T/SpotifyLyricsCapture/s2-sessions/93EE3145-1251-403C-BF51-86B9D9E0F035/session.json
[2026-08-04T11:40:21Z] SESSION start sessionID=457EE5C5-A577-4BFD-B85D-D351CACF7968 identity=spotify-id:69hhxyio4ewpxyloafz0lc|metadata:monst duration=203.538 source=screenCaptureKit.spotifyAudio.v1 reason=trackChanged
[2026-08-04T11:40:21Z] SEGMENT start segmentID=D31FAB7F-91F1-44CF-9670-5CDA82855A66 sessionID=457EE5C5-A577-4BFD-B85D-D351CACF7968 identity=spotify-id:69hhxyio4ewpxyloafz0lc|metadata:monst reason=initial position=0.224 hostTime=1785843621.469 continuityID=CFAB4312-C822-4FA7-9A84-E57F0B50730A
[2026-08-04T11:40:21Z] PCM reason=tick buffers=2058 samples=1975680 duration_s=41.160 inRate=48000.0 ch=2 peak=0.4941 rms=0.1480 active=true videoBuffers=0
[2026-08-04T11:40:22Z] ANCHOR sessionID=457EE5C5-A577-4BFD-B85D-D351CACF7968 segmentID=D31FAB7F-91F1-44CF-9670-5CDA82855A66 position=0.928 hostTime=1785843622.163 audioPTS=427338.441 playing=true
[2026-08-04T11:40:22Z] PCM reason=tick buffers=2107 samples=2022720 duration_s=42.140 inRate=48000.0 ch=2 peak=0.4941 rms=0.1467 active=true videoBuffers=0
[2026-08-04T11:40:22Z] S2 IDENTITY previous=spotify-id:69hhxyio4ewpxyloafz0lc|metada next=spotify-id:0662h3g9lgdt2vipzypzxm|metada
[2026-08-04T11:40:22Z] TEMP sidecar path=/var/folders/kq/dz44fm994nz94zw2dfqnz_g00000gn/T/SpotifyLyricsCapture/s2-sessions/457EE5C5-A577-4BFD-B85D-D351CACF7968/seg-D31FAB7F.json
[2026-08-04T11:40:22Z] SEGMENT end segmentID=D31FAB7F-91F1-44CF-9670-5CDA82855A66 sessionID=457EE5C5-A577-4BFD-B85D-D351CACF7968 identity=spotify-id:69hhxyio4ewpxyloafz0lc|metadata:monst reason=trackChanged posStart=0.224 posEnd=0.526 hostStart=1785843621.469 hostEnd=1785843622.943 ptsStart=427337.741 ptsEnd=427339.201 samples=71040 buffers=74 duration=1.480 rate=48000.0 ch=2 continuous=true pcm=/var/folders/kq/dz44fm994nz94zw2dfqnz_g00000gn/T/SpotifyLyricsCapture/s2-sessions/457EE5C5-A577-4BFD-B85D-D351CACF7968/seg-D31FAB7F.json
[2026-08-04T11:40:22Z] SESSION end sessionID=457EE5C5-A577-4BFD-B85D-D351CACF7968 identity=spotify-id:69hhxyio4ewpxyloafz0lc|metadata:monst reason=trackChanged segments=1
[2026-08-04T11:40:22Z] TEMP session sidecar path=/var/folders/kq/dz44fm994nz94zw2dfqnz_g00000gn/T/SpotifyLyricsCapture/s2-sessions/457EE5C5-A577-4BFD-B85D-D351CACF7968/session.json
[2026-08-04T11:40:22Z] SESSION start sessionID=5D6DE4A2-4592-4335-8F53-B69F90179846 identity=spotify-id:0662h3g9lgdt2vipzypzxm|metadata:夜の合図| duration=170.720 source=screenCaptureKit.spotifyAudio.v1 reason=trackChanged
[2026-08-04T11:40:22Z] SEGMENT start segmentID=85517B58-926B-455A-9EFA-A246F5195464 sessionID=5D6DE4A2-4592-4335-8F53-B69F90179846 identity=spotify-id:0662h3g9lgdt2vipzypzxm|metadata:夜の合図| reason=initial position=0.526 hostTime=1785843622.944 continuityID=819EE53B-5714-4AA4-BE94-A8C03E94CF85
[2026-08-04T11:40:23Z] PCM reason=tick buffers=2158 samples=2071680 duration_s=43.160 inRate=48000.0 ch=2 peak=0.4941 rms=0.1449 active=true videoBuffers=0
[2026-08-04T11:40:24Z] ANCHOR sessionID=5D6DE4A2-4592-4335-8F53-B69F90179846 segmentID=85517B58-926B-455A-9EFA-A246F5195464 position=1.760 hostTime=1785843624.168 audioPTS=427340.441 playing=true
[2026-08-04T11:40:24Z] PCM reason=tick buffers=2208 samples=2119680 duration_s=44.160 inRate=48000.0 ch=2 peak=0.4941 rms=0.1433 active=false videoBuffers=0
[2026-08-04T11:40:25Z] PCM reason=tick buffers=2258 samples=2167680 duration_s=45.160 inRate=48000.0 ch=2 peak=0.4941 rms=0.1417 active=false videoBuffers=0
[2026-08-04T11:40:26Z] ANCHOR sessionID=5D6DE4A2-4592-4335-8F53-B69F90179846 segmentID=85517B58-926B-455A-9EFA-A246F5195464 position=3.926 hostTime=1785843626.365 audioPTS=427342.621 playing=true
[2026-08-04T11:40:26Z] PCM reason=tick buffers=2307 samples=2214720 duration_s=46.140 inRate=48000.0 ch=2 peak=0.4941 rms=0.1402 active=false videoBuffers=0
[2026-08-04T11:40:27Z] PCM reason=tick buffers=2358 samples=2263680 duration_s=47.160 inRate=48000.0 ch=2 peak=0.4941 rms=0.1392 active=true videoBuffers=0
[2026-08-04T11:40:28Z] ANCHOR sessionID=5D6DE4A2-4592-4335-8F53-B69F90179846 segmentID=85517B58-926B-455A-9EFA-A246F5195464 position=5.944 hostTime=1785843628.372 audioPTS=427344.621 playing=true
[2026-08-04T11:40:28Z] PCM reason=tick buffers=2408 samples=2311680 duration_s=48.160 inRate=48000.0 ch=2 peak=0.4941 rms=0.1381 active=true videoBuffers=0
[2026-08-04T11:40:29Z] PCM reason=tick buffers=2458 samples=2359680 duration_s=49.160 inRate=48000.0 ch=2 peak=0.4941 rms=0.1370 active=true videoBuffers=0
[2026-08-04T11:40:30Z] PCM reason=tick buffers=2507 samples=2406720 duration_s=50.140 inRate=48000.0 ch=2 peak=0.4941 rms=0.1363 active=true videoBuffers=0
[2026-08-04T11:40:30Z] ANCHOR sessionID=5D6DE4A2-4592-4335-8F53-B69F90179846 segmentID=85517B58-926B-455A-9EFA-A246F5195464 position=8.171 hostTime=1785843630.568 audioPTS=427346.841 playing=true
[2026-08-04T11:40:31Z] PCM reason=tick buffers=2558 samples=2455680 duration_s=51.160 inRate=48000.0 ch=2 peak=0.4941 rms=0.1352 active=true videoBuffers=0
[2026-08-04T11:40:32Z] PCM reason=tick buffers=2608 samples=2503680 duration_s=52.160 inRate=48000.0 ch=2 peak=0.4941 rms=0.1341 active=true videoBuffers=0
[2026-08-04T11:40:32Z] ANCHOR sessionID=5D6DE4A2-4592-4335-8F53-B69F90179846 segmentID=85517B58-926B-455A-9EFA-A246F5195464 position=10.360 hostTime=1785843632.765 audioPTS=427349.041 playing=true
[2026-08-04T11:40:33Z] PCM reason=tick buffers=2658 samples=2551680 duration_s=53.160 inRate=48000.0 ch=2 peak=0.4941 rms=0.1336 active=true videoBuffers=0
[2026-08-04T11:40:34Z] PCM reason=tick buffers=2707 samples=2598720 duration_s=54.140 inRate=48000.0 ch=2 peak=0.4941 rms=0.1326 active=true videoBuffers=0
[2026-08-04T11:40:34Z] ANCHOR sessionID=5D6DE4A2-4592-4335-8F53-B69F90179846 segmentID=85517B58-926B-455A-9EFA-A246F5195464 position=12.422 hostTime=1785843634.844 audioPTS=427351.121 playing=true
[2026-08-04T11:40:35Z] PCM reason=tick buffers=2758 samples=2647680 duration_s=55.160 inRate=48000.0 ch=2 peak=0.4941 rms=0.1316 active=true videoBuffers=0
[2026-08-04T11:40:36Z] PCM reason=tick buffers=2808 samples=2695680 duration_s=56.160 inRate=48000.0 ch=2 peak=0.4941 rms=0.1309 active=true videoBuffers=0
[2026-08-04T11:40:36Z] ANCHOR sessionID=5D6DE4A2-4592-4335-8F53-B69F90179846 segmentID=85517B58-926B-455A-9EFA-A246F5195464 position=14.541 hostTime=1785843636.973 audioPTS=427353.241 playing=true
[2026-08-04T11:40:37Z] PCM reason=tick buffers=2858 samples=2743680 duration_s=57.160 inRate=48000.0 ch=2 peak=0.4941 rms=0.1299 active=true videoBuffers=0
[2026-08-04T11:40:38Z] PCM reason=tick buffers=2907 samples=2790720 duration_s=58.140 inRate=48000.0 ch=2 peak=0.4993 rms=0.1293 active=true videoBuffers=0
[2026-08-04T11:40:38Z] ANCHOR sessionID=5D6DE4A2-4592-4335-8F53-B69F90179846 segmentID=85517B58-926B-455A-9EFA-A246F5195464 position=16.522 hostTime=1785843638.975 audioPTS=427355.221 playing=true
[2026-08-04T11:40:39Z] PCM reason=tick buffers=2958 samples=2839680 duration_s=59.160 inRate=48000.0 ch=2 peak=0.4993 rms=0.1292 active=true videoBuffers=0
[2026-08-04T11:40:40Z] PCM reason=tick buffers=3008 samples=2887680 duration_s=60.160 inRate=48000.0 ch=2 peak=0.4993 rms=0.1291 active=true videoBuffers=0
[2026-08-04T11:40:41Z] ANCHOR sessionID=5D6DE4A2-4592-4335-8F53-B69F90179846 segmentID=85517B58-926B-455A-9EFA-A246F5195464 position=18.730 hostTime=1785843641.164 audioPTS=427357.441 playing=true
[2026-08-04T11:40:41Z] PCM reason=tick buffers=3058 samples=2935680 duration_s=61.160 inRate=48000.0 ch=2 peak=0.4993 rms=0.1289 active=true videoBuffers=0
[2026-08-04T11:40:42Z] PCM reason=tick buffers=3107 samples=2982720 duration_s=62.140 inRate=48000.0 ch=2 peak=0.4993 rms=0.1289 active=true videoBuffers=0
[2026-08-04T11:40:43Z] ANCHOR sessionID=5D6DE4A2-4592-4335-8F53-B69F90179846 segmentID=85517B58-926B-455A-9EFA-A246F5195464 position=20.734 hostTime=1785843643.175 audioPTS=427359.441 playing=true
[2026-08-04T11:40:43Z] PCM reason=tick buffers=3158 samples=3031680 duration_s=63.160 inRate=48000.0 ch=2 peak=0.4993 rms=0.1283 active=true videoBuffers=0
[2026-08-04T11:40:44Z] PCM reason=tick buffers=3208 samples=3079680 duration_s=64.160 inRate=48000.0 ch=2 peak=0.4993 rms=0.1281 active=true videoBuffers=0
[2026-08-04T11:40:45Z] ANCHOR sessionID=5D6DE4A2-4592-4335-8F53-B69F90179846 segmentID=85517B58-926B-455A-9EFA-A246F5195464 position=22.942 hostTime=1785843645.375 audioPTS=427361.621 playing=true
[2026-08-04T11:40:45Z] PCM reason=tick buffers=3258 samples=3127680 duration_s=65.160 inRate=48000.0 ch=2 peak=0.4993 rms=0.1280 active=true videoBuffers=0
[2026-08-04T11:40:46Z] PCM reason=tick buffers=3307 samples=3174720 duration_s=66.140 inRate=48000.0 ch=2 peak=0.4993 rms=0.1278 active=true videoBuffers=0
[2026-08-04T11:40:47Z] PCM reason=tick buffers=3358 samples=3223680 duration_s=67.160 inRate=48000.0 ch=2 peak=0.4993 rms=0.1279 active=true videoBuffers=0
[2026-08-04T11:40:47Z] ANCHOR sessionID=5D6DE4A2-4592-4335-8F53-B69F90179846 segmentID=85517B58-926B-455A-9EFA-A246F5195464 position=25.131 hostTime=1785843647.570 audioPTS=427363.841 playing=true
[2026-08-04T11:40:48Z] PCM reason=tick buffers=3408 samples=3271680 duration_s=68.160 inRate=48000.0 ch=2 peak=0.4993 rms=0.1277 active=true videoBuffers=0
[2026-08-04T11:40:49Z] PCM reason=tick buffers=3458 samples=3319680 duration_s=69.160 inRate=48000.0 ch=2 peak=0.4993 rms=0.1270 active=true videoBuffers=0
[2026-08-04T11:40:49Z] ANCHOR sessionID=5D6DE4A2-4592-4335-8F53-B69F90179846 segmentID=85517B58-926B-455A-9EFA-A246F5195464 position=27.165 hostTime=1785843649.573 audioPTS=427365.841 playing=true
[2026-08-04T11:40:49Z] S2 stop reason=autoStop
[2026-08-04T11:40:49Z] TEMP sidecar path=/var/folders/kq/dz44fm994nz94zw2dfqnz_g00000gn/T/SpotifyLyricsCapture/s2-sessions/5D6DE4A2-4592-4335-8F53-B69F90179846/seg-85517B58.json
[2026-08-04T11:40:49Z] SEGMENT end segmentID=85517B58-926B-455A-9EFA-A246F5195464 sessionID=5D6DE4A2-4592-4335-8F53-B69F90179846 identity=spotify-id:0662h3g9lgdt2vipzypzxm|metadata:夜の合図| reason=autoStop posStart=0.526 posEnd=27.165 hostStart=1785843622.944 hostEnd=1785843649.574 ptsStart=427339.221 ptsEnd=427365.841 samples=1278720 buffers=1332 duration=26.640 rate=48000.0 ch=2 continuous=true pcm=/var/folders/kq/dz44fm994nz94zw2dfqnz_g00000gn/T/SpotifyLyricsCapture/s2-sessions/5D6DE4A2-4592-4335-8F53-B69F90179846/seg-85517B58.json
[2026-08-04T11:40:49Z] SESSION end sessionID=5D6DE4A2-4592-4335-8F53-B69F90179846 identity=spotify-id:0662h3g9lgdt2vipzypzxm|metadata:夜の合図| reason=autoStop segments=1
[2026-08-04T11:40:49Z] TEMP session sidecar path=/var/folders/kq/dz44fm994nz94zw2dfqnz_g00000gn/T/SpotifyLyricsCapture/s2-sessions/5D6DE4A2-4592-4335-8F53-B69F90179846/session.json
[2026-08-04T11:40:49Z] SPIKE stop reason=s2-autoStop
[2026-08-04T11:40:49Z] PCM reason=final buffers=3459 samples=3320640 duration_s=69.180 inRate=48000.0 ch=2 peak=0.4993 rms=0.1270 active=true videoBuffers=0
[2026-08-04T11:40:49Z] STREAM stopCapture ok reason=s2-autoStop
[2026-08-04T11:40:49Z] TEMP cleanup path=/var/folders/kq/dz44fm994nz94zw2dfqnz_g00000gn/T/SpotifyLyricsCapture/43599C1B-2E24-4D19-94CF-8DFC5006AE88 exists_after=false
[2026-08-04T11:40:49Z] TEMP scavenge removed=s2-sessions
[2026-08-04T11:40:49Z] SPIKE stopped idle
[2026-08-04T11:40:49Z] CLEANUP sessionDir=/var/folders/kq/dz44fm994nz94zw2dfqnz_g00000gn/T/SpotifyLyricsCapture/s2-sessions/5D6DE4A2-4592-4335-8F53-B69F90179846 exists_after=false
[2026-08-04T11:40:49Z] S2 stopped idle sessions=6
[2026-08-04T11:40:49Z] SUMMARY sessions=6
[2026-08-04T11:40:49Z] SUMMARY_SESSION id=738BB9D3 identity=spotify-id:6oigt3a06jqhjbd0dxplct|metadata:wesay terminal=trackChanged segments=1
[2026-08-04T11:40:49Z] SUMMARY_SEG i=0 id=7810C79C start=initial end=trackChanged pos=148.105->0.423 dur=7.580 samples=363840
[2026-08-04T11:40:49Z] SUMMARY_SESSION id=C7DAD13F identity=spotify-id:6iwejpz1ac4rixkrxqlneb|metadata:until terminal=trackChanged segments=1
[2026-08-04T11:40:49Z] SUMMARY_SEG i=0 id=F538B067 start=initial end=trackChanged pos=0.423->0.536 dur=7.600 samples=364800
[2026-08-04T11:40:49Z] SUMMARY_SESSION id=66E1CF23 identity=spotify-id:0662h3g9lgdt2vipzypzxm|metadata:夜の合図| terminal=trackChanged segments=2
[2026-08-04T11:40:49Z] SUMMARY_SEG i=0 id=1EA08E61 start=initial end=pause pos=0.536->2.207 dur=2.420 samples=116160
[2026-08-04T11:40:49Z] SUMMARY_SEG i=1 id=B95A9FED start=resume end=trackChanged pos=4.617->0.235 dur=9.880 samples=474240
[2026-08-04T11:40:49Z] SUMMARY_SESSION id=93EE3145 identity=spotify-id:0fipkwb6qkwtjwtsyaiklh|metadata:bitte terminal=trackChanged segments=1
[2026-08-04T11:40:49Z] SUMMARY_SEG i=0 id=DE0BC306 start=initial end=trackChanged pos=0.235->0.224 dur=8.720 samples=418560
[2026-08-04T11:40:49Z] SUMMARY_SESSION id=457EE5C5 identity=spotify-id:69hhxyio4ewpxyloafz0lc|metadata:monst terminal=trackChanged segments=1
[2026-08-04T11:40:49Z] SUMMARY_SEG i=0 id=D31FAB7F start=initial end=trackChanged pos=0.224->0.526 dur=1.480 samples=71040
[2026-08-04T11:40:49Z] SUMMARY_SESSION id=5D6DE4A2 identity=spotify-id:0662h3g9lgdt2vipzypzxm|metadata:夜の合図| terminal=autoStop segments=1
[2026-08-04T11:40:49Z] SUMMARY_SEG i=0 id=85517B58 start=initial end=autoStop pos=0.526->27.165 dur=26.640 samples=1278720
