[2026-08-04T11:43:47Z] LOG_RESET
[2026-08-04T11:43:47Z] SPIKE start formal_db_opened=NO (spike never opens SQLite)
[2026-08-04T11:43:47Z] SPIKE policy=spotify-app-audio-only no-mic no-screen-save no-asr no-align
[2026-08-04T11:43:47Z] DISCOVER related=1 primary=1 captureTargets=1
[2026-08-04T11:43:47Z] DISCOVER_APP pid=18752 bundle=com.spotify.client name=Spotify captureTarget=true
[2026-08-04T11:43:47Z] STREAM configured capturesAudio=1 screenOutput=0 mic=0 sampleRate=48000 channels=2
[2026-08-04T11:43:47Z] TEMP dir=/var/folders/kq/dz44fm994nz94zw2dfqnz_g00000gn/T/SpotifyLyricsCapture/580D8877-54A7-45F1-B306-0F029384A6CE (marker only; no audio files)
[2026-08-04T11:43:47Z] STREAM started
[2026-08-04T11:43:47Z] SESSION start sessionID=A26077A6-CF9A-4334-AC32-7BD6FC469424 identity=spotify-id:0fipkwb6qkwtjwtsyaiklh|metadata:bitte duration=262.500 source=screenCaptureKit.spotifyAudio.v1 reason=initial
[2026-08-04T11:43:47Z] SEGMENT start segmentID=CA1B58C2-093C-485C-9630-4CE3BF449F23 sessionID=A26077A6-CF9A-4334-AC32-7BD6FC469424 identity=spotify-id:0fipkwb6qkwtjwtsyaiklh|metadata:bitte reason=initial position=32.069 hostTime=1785843827.958 continuityID=6B01F753-8901-40CC-BEA3-83D7E592F768
[2026-08-04T11:43:47Z] ANCHOR sessionID=A26077A6-CF9A-4334-AC32-7BD6FC469424 segmentID=CA1B58C2-093C-485C-9630-4CE3BF449F23 position=32.069 hostTime=1785843827.958 audioPTS=-1.000 playing=true
[2026-08-04T11:43:48Z] PCM reason=tick buffers=51 samples=48960 duration_s=1.020 inRate=48000.0 ch=2 peak=0.3515 rms=0.2017 active=true videoBuffers=0
[2026-08-04T11:43:49Z] PCM reason=tick buffers=101 samples=96960 duration_s=2.020 inRate=48000.0 ch=2 peak=0.3515 rms=0.1982 active=true videoBuffers=0
[2026-08-04T11:43:50Z] ANCHOR sessionID=A26077A6-CF9A-4334-AC32-7BD6FC469424 segmentID=CA1B58C2-093C-485C-9630-4CE3BF449F23 position=34.280 hostTime=1785843830.027 audioPTS=427546.275 playing=true
[2026-08-04T11:43:50Z] PCM reason=tick buffers=151 samples=144960 duration_s=3.020 inRate=48000.0 ch=2 peak=0.3524 rms=0.1990 active=true videoBuffers=0
[2026-08-04T11:43:51Z] PCM reason=tick buffers=201 samples=192960 duration_s=4.020 inRate=48000.0 ch=2 peak=0.3533 rms=0.1972 active=true videoBuffers=0
[2026-08-04T11:43:52Z] ANCHOR sessionID=A26077A6-CF9A-4334-AC32-7BD6FC469424 segmentID=CA1B58C2-093C-485C-9630-4CE3BF449F23 position=36.281 hostTime=1785843832.029 audioPTS=427548.295 playing=true
[2026-08-04T11:43:52Z] PCM reason=tick buffers=251 samples=240960 duration_s=5.020 inRate=48000.0 ch=2 peak=0.3533 rms=0.1900 active=true videoBuffers=0
[2026-08-04T11:43:53Z] TEMP sidecar path=/var/folders/kq/dz44fm994nz94zw2dfqnz_g00000gn/T/SpotifyLyricsCapture/s2-sessions/A26077A6-CF9A-4334-AC32-7BD6FC469424/seg-CA1B58C2.json
[2026-08-04T11:43:53Z] SEGMENT end segmentID=CA1B58C2-093C-485C-9630-4CE3BF449F23 sessionID=A26077A6-CF9A-4334-AC32-7BD6FC469424 identity=spotify-id:0fipkwb6qkwtjwtsyaiklh|metadata:bitte reason=seekForward posStart=32.069 posEnd=37.280 hostStart=1785843827.958 hostEnd=1785843833.149 ptsStart=427544.235 ptsEnd=427549.435 samples=250560 buffers=261 duration=5.220 rate=48000.0 ch=2 continuous=false pcm=/var/folders/kq/dz44fm994nz94zw2dfqnz_g00000gn/T/SpotifyLyricsCapture/s2-sessions/A26077A6-CF9A-4334-AC32-7BD6FC469424/seg-CA1B58C2.json
[2026-08-04T11:43:53Z] SEGMENT start segmentID=BD1B5C3F-2AA6-4349-B1B6-B108BEF1A384 sessionID=A26077A6-CF9A-4334-AC32-7BD6FC469424 identity=spotify-id:0fipkwb6qkwtjwtsyaiklh|metadata:bitte reason=seekForward position=52.333 hostTime=1785843833.149 continuityID=90B36B8E-5126-4F54-8C1C-1D9E471200C2
[2026-08-04T11:43:53Z] S2 SEEK reason=seekForward from=37.280 to=52.333 source=playbackNotify
[2026-08-04T11:43:53Z] PCM reason=tick buffers=301 samples=288960 duration_s=6.020 inRate=48000.0 ch=2 peak=0.3533 rms=0.1881 active=true videoBuffers=0
[2026-08-04T11:43:54Z] ANCHOR sessionID=A26077A6-CF9A-4334-AC32-7BD6FC469424 segmentID=BD1B5C3F-2AA6-4349-B1B6-B108BEF1A384 position=53.386 hostTime=1785843834.221 audioPTS=427550.495 playing=true
[2026-08-04T11:43:54Z] PCM reason=tick buffers=351 samples=336960 duration_s=7.020 inRate=48000.0 ch=2 peak=0.3533 rms=0.1913 active=true videoBuffers=0
[2026-08-04T11:43:55Z] PCM reason=tick buffers=401 samples=384960 duration_s=8.020 inRate=48000.0 ch=2 peak=0.3535 rms=0.1933 active=true videoBuffers=0
[2026-08-04T11:43:56Z] ANCHOR sessionID=A26077A6-CF9A-4334-AC32-7BD6FC469424 segmentID=BD1B5C3F-2AA6-4349-B1B6-B108BEF1A384 position=55.402 hostTime=1785843836.232 audioPTS=427552.495 playing=true
[2026-08-04T11:43:56Z] PCM reason=tick buffers=451 samples=432960 duration_s=9.020 inRate=48000.0 ch=2 peak=0.3543 rms=0.1946 active=true videoBuffers=0
[2026-08-04T11:43:57Z] PCM reason=tick buffers=501 samples=480960 duration_s=10.020 inRate=48000.0 ch=2 peak=0.3543 rms=0.1941 active=true videoBuffers=0
[2026-08-04T11:43:58Z] TEMP sidecar path=/var/folders/kq/dz44fm994nz94zw2dfqnz_g00000gn/T/SpotifyLyricsCapture/s2-sessions/A26077A6-CF9A-4334-AC32-7BD6FC469424/seg-BD1B5C3F.json
[2026-08-04T11:43:58Z] SEGMENT end segmentID=BD1B5C3F-2AA6-4349-B1B6-B108BEF1A384 sessionID=A26077A6-CF9A-4334-AC32-7BD6FC469424 identity=spotify-id:0fipkwb6qkwtjwtsyaiklh|metadata:bitte reason=seekBackward posStart=52.333 posEnd=57.202 hostStart=1785843833.149 hostEnd=1785843838.129 ptsStart=427549.455 ptsEnd=427554.415 samples=239040 buffers=249 duration=4.980 rate=48000.0 ch=2 continuous=false pcm=/var/folders/kq/dz44fm994nz94zw2dfqnz_g00000gn/T/SpotifyLyricsCapture/s2-sessions/A26077A6-CF9A-4334-AC32-7BD6FC469424/seg-BD1B5C3F.json
[2026-08-04T11:43:58Z] SEGMENT start segmentID=8C86E513-985D-4ACB-BAD4-E9FEF2DBEDB0 sessionID=A26077A6-CF9A-4334-AC32-7BD6FC469424 identity=spotify-id:0fipkwb6qkwtjwtsyaiklh|metadata:bitte reason=seekBackward position=47.280 hostTime=1785843838.129 continuityID=F98A4DFE-2A61-46CB-8A3F-158AD937D696
[2026-08-04T11:43:58Z] S2 SEEK reason=seekBackward from=57.202 to=47.280 source=playbackNotify
[2026-08-04T11:43:58Z] ANCHOR sessionID=A26077A6-CF9A-4334-AC32-7BD6FC469424 segmentID=8C86E513-985D-4ACB-BAD4-E9FEF2DBEDB0 position=47.555 hostTime=1785843838.426 audioPTS=427554.675 playing=true
[2026-08-04T11:43:58Z] PCM reason=tick buffers=551 samples=528960 duration_s=11.020 inRate=48000.0 ch=2 peak=0.3543 rms=0.1910 active=true videoBuffers=0
[2026-08-04T11:43:59Z] PCM reason=tick buffers=601 samples=576960 duration_s=12.020 inRate=48000.0 ch=2 peak=0.3566 rms=0.1933 active=true videoBuffers=0
[2026-08-04T11:44:00Z] ANCHOR sessionID=A26077A6-CF9A-4334-AC32-7BD6FC469424 segmentID=8C86E513-985D-4ACB-BAD4-E9FEF2DBEDB0 position=49.731 hostTime=1785843840.610 audioPTS=427556.895 playing=true
[2026-08-04T11:44:00Z] PCM reason=tick buffers=651 samples=624960 duration_s=13.020 inRate=48000.0 ch=2 peak=0.3566 rms=0.1952 active=true videoBuffers=0
[2026-08-04T11:44:01Z] PCM reason=tick buffers=701 samples=672960 duration_s=14.020 inRate=48000.0 ch=2 peak=0.3566 rms=0.1964 active=true videoBuffers=0
[2026-08-04T11:44:02Z] ANCHOR sessionID=A26077A6-CF9A-4334-AC32-7BD6FC469424 segmentID=8C86E513-985D-4ACB-BAD4-E9FEF2DBEDB0 position=51.733 hostTime=1785843842.627 audioPTS=427558.895 playing=true
[2026-08-04T11:44:02Z] PCM reason=tick buffers=751 samples=720960 duration_s=15.020 inRate=48000.0 ch=2 peak=0.3620 rms=0.1967 active=true videoBuffers=0
[2026-08-04T11:44:03Z] PCM reason=tick buffers=801 samples=768960 duration_s=16.020 inRate=48000.0 ch=2 peak=0.3620 rms=0.1971 active=true videoBuffers=0
[2026-08-04T11:44:04Z] ANCHOR sessionID=A26077A6-CF9A-4334-AC32-7BD6FC469424 segmentID=8C86E513-985D-4ACB-BAD4-E9FEF2DBEDB0 position=53.911 hostTime=1785843844.823 audioPTS=427561.095 playing=true
[2026-08-04T11:44:04Z] PCM reason=tick buffers=851 samples=816960 duration_s=17.020 inRate=48000.0 ch=2 peak=0.3620 rms=0.1980 active=true videoBuffers=0
[2026-08-04T11:44:05Z] PCM reason=tick buffers=901 samples=864960 duration_s=18.020 inRate=48000.0 ch=2 peak=0.3620 rms=0.1984 active=true videoBuffers=0
[2026-08-04T11:44:06Z] PCM reason=tick buffers=951 samples=912960 duration_s=19.020 inRate=48000.0 ch=2 peak=0.3620 rms=0.1988 active=true videoBuffers=0
[2026-08-04T11:44:07Z] ANCHOR sessionID=A26077A6-CF9A-4334-AC32-7BD6FC469424 segmentID=8C86E513-985D-4ACB-BAD4-E9FEF2DBEDB0 position=56.122 hostTime=1785843847.023 audioPTS=427563.275 playing=true
[2026-08-04T11:44:07Z] PCM reason=tick buffers=1001 samples=960960 duration_s=20.020 inRate=48000.0 ch=2 peak=0.3620 rms=0.1983 active=true videoBuffers=0
[2026-08-04T11:44:08Z] PCM reason=tick buffers=1051 samples=1008960 duration_s=21.020 inRate=48000.0 ch=2 peak=0.3620 rms=0.1989 active=true videoBuffers=0
[2026-08-04T11:44:09Z] ANCHOR sessionID=A26077A6-CF9A-4334-AC32-7BD6FC469424 segmentID=8C86E513-985D-4ACB-BAD4-E9FEF2DBEDB0 position=58.136 hostTime=1785843849.024 audioPTS=427565.295 playing=true
[2026-08-04T11:44:09Z] PCM reason=tick buffers=1101 samples=1056960 duration_s=22.020 inRate=48000.0 ch=2 peak=0.3620 rms=0.1998 active=true videoBuffers=0
[2026-08-04T11:44:10Z] PCM reason=tick buffers=1151 samples=1104960 duration_s=23.020 inRate=48000.0 ch=2 peak=0.3620 rms=0.2007 active=true videoBuffers=0
[2026-08-04T11:44:11Z] ANCHOR sessionID=A26077A6-CF9A-4334-AC32-7BD6FC469424 segmentID=8C86E513-985D-4ACB-BAD4-E9FEF2DBEDB0 position=60.309 hostTime=1785843851.221 audioPTS=427567.495 playing=true
[2026-08-04T11:44:11Z] PCM reason=tick buffers=1201 samples=1152960 duration_s=24.020 inRate=48000.0 ch=2 peak=0.3620 rms=0.2014 active=true videoBuffers=0
[2026-08-04T11:44:12Z] PCM reason=tick buffers=1251 samples=1200960 duration_s=25.020 inRate=48000.0 ch=2 peak=0.3620 rms=0.2016 active=true videoBuffers=0
[2026-08-04T11:44:13Z] ANCHOR sessionID=A26077A6-CF9A-4334-AC32-7BD6FC469424 segmentID=8C86E513-985D-4ACB-BAD4-E9FEF2DBEDB0 position=62.343 hostTime=1785843853.224 audioPTS=427569.495 playing=true
[2026-08-04T11:44:13Z] PCM reason=tick buffers=1301 samples=1248960 duration_s=26.020 inRate=48000.0 ch=2 peak=0.3620 rms=0.2022 active=true videoBuffers=0
[2026-08-04T11:44:14Z] S2 stop reason=autoStop
[2026-08-04T11:44:14Z] TEMP sidecar path=/var/folders/kq/dz44fm994nz94zw2dfqnz_g00000gn/T/SpotifyLyricsCapture/s2-sessions/A26077A6-CF9A-4334-AC32-7BD6FC469424/seg-8C86E513.json
[2026-08-04T11:44:14Z] SEGMENT end segmentID=8C86E513-985D-4ACB-BAD4-E9FEF2DBEDB0 sessionID=A26077A6-CF9A-4334-AC32-7BD6FC469424 identity=spotify-id:0fipkwb6qkwtjwtsyaiklh|metadata:bitte reason=autoStop posStart=47.280 posEnd=62.943 hostStart=1785843838.129 hostEnd=1785843854.002 ptsStart=427554.435 ptsEnd=427570.275 samples=761280 buffers=793 duration=15.860 rate=48000.0 ch=2 continuous=true pcm=/var/folders/kq/dz44fm994nz94zw2dfqnz_g00000gn/T/SpotifyLyricsCapture/s2-sessions/A26077A6-CF9A-4334-AC32-7BD6FC469424/seg-8C86E513.json
[2026-08-04T11:44:14Z] SESSION end sessionID=A26077A6-CF9A-4334-AC32-7BD6FC469424 identity=spotify-id:0fipkwb6qkwtjwtsyaiklh|metadata:bitte reason=autoStop segments=3
[2026-08-04T11:44:14Z] TEMP session sidecar path=/var/folders/kq/dz44fm994nz94zw2dfqnz_g00000gn/T/SpotifyLyricsCapture/s2-sessions/A26077A6-CF9A-4334-AC32-7BD6FC469424/session.json
[2026-08-04T11:44:14Z] SPIKE stop reason=s2-autoStop
[2026-08-04T11:44:14Z] PCM reason=final buffers=1303 samples=1250880 duration_s=26.060 inRate=48000.0 ch=2 peak=0.3620 rms=0.2023 active=true videoBuffers=0
[2026-08-04T11:44:14Z] STREAM stopCapture ok reason=s2-autoStop
[2026-08-04T11:44:14Z] TEMP cleanup path=/var/folders/kq/dz44fm994nz94zw2dfqnz_g00000gn/T/SpotifyLyricsCapture/580D8877-54A7-45F1-B306-0F029384A6CE exists_after=false
[2026-08-04T11:44:14Z] TEMP scavenge removed=s2-sessions
[2026-08-04T11:44:14Z] SPIKE stopped idle
[2026-08-04T11:44:14Z] CLEANUP sessionDir=/var/folders/kq/dz44fm994nz94zw2dfqnz_g00000gn/T/SpotifyLyricsCapture/s2-sessions/A26077A6-CF9A-4334-AC32-7BD6FC469424 exists_after=false
[2026-08-04T11:44:14Z] S2 stopped idle sessions=1
[2026-08-04T11:44:14Z] SUMMARY sessions=1
[2026-08-04T11:44:14Z] SUMMARY_SESSION id=A26077A6 identity=spotify-id:0fipkwb6qkwtjwtsyaiklh|metadata:bitte terminal=autoStop segments=3
[2026-08-04T11:44:14Z] SUMMARY_SEG i=0 id=CA1B58C2 start=initial end=seekForward pos=32.069->37.280 dur=5.220 samples=250560
[2026-08-04T11:44:14Z] SUMMARY_SEG i=1 id=BD1B5C3F start=seekForward end=seekBackward pos=52.333->57.202 dur=4.980 samples=239040
[2026-08-04T11:44:14Z] SUMMARY_SEG i=2 id=8C86E513 start=seekBackward end=autoStop pos=47.280->62.943 dur=15.860 samples=761280
