[2026-08-04T11:39:39Z] SESSION start sessionID=738BB9D3-DDBC-4FFE-999C-9857B15468CC identity=spotify-id:6oigt3a06jqhjbd0dxplct|metadata:wesay duration=212.068 source=screenCaptureKit.spotifyAudio.v1 reason=initial
[2026-08-04T11:39:39Z] SEGMENT start segmentID=7810C79C-FCE5-4800-A044-050B420D137B sessionID=738BB9D3-DDBC-4FFE-999C-9857B15468CC identity=spotify-id:6oigt3a06jqhjbd0dxplct|metadata:wesay reason=initial position=148.105 hostTime=1785843579.552 continuityID=1C33B5D6-A1B6-4DE8-BB1D-110748AD61B9
[2026-08-04T11:39:39Z] ANCHOR sessionID=738BB9D3-DDBC-4FFE-999C-9857B15468CC segmentID=7810C79C-FCE5-4800-A044-050B420D137B position=148.105 hostTime=1785843579.553 audioPTS=-1.000 playing=true
[2026-08-04T11:39:41Z] ANCHOR sessionID=738BB9D3-DDBC-4FFE-999C-9857B15468CC segmentID=7810C79C-FCE5-4800-A044-050B420D137B position=150.275 hostTime=1785843581.575 audioPTS=-1.000 playing=true
[2026-08-04T11:39:43Z] ANCHOR sessionID=738BB9D3-DDBC-4FFE-999C-9857B15468CC segmentID=7810C79C-FCE5-4800-A044-050B420D137B position=152.475 hostTime=1785843583.771 audioPTS=427300.041 playing=true
[2026-08-04T11:39:45Z] ANCHOR sessionID=738BB9D3-DDBC-4FFE-999C-9857B15468CC segmentID=7810C79C-FCE5-4800-A044-050B420D137B position=154.457 hostTime=1785843585.773 audioPTS=427302.041 playing=true
[2026-08-04T11:39:47Z] ANCHOR sessionID=738BB9D3-DDBC-4FFE-999C-9857B15468CC segmentID=7810C79C-FCE5-4800-A044-050B420D137B position=156.657 hostTime=1785843587.964 audioPTS=427304.241 playing=true
[2026-08-04T11:39:48Z] S2 DROP late buffer identity mismatch
[2026-08-04T11:39:48Z] S2 IDENTITY previous=spotify-id:6oigt3a06jqhjbd0dxplct|metada next=spotify-id:6iwejpz1ac4rixkrxqlneb|metada
[2026-08-04T11:39:48Z] SEGMENT end segmentID=7810C79C-FCE5-4800-A044-050B420D137B sessionID=738BB9D3-DDBC-4FFE-999C-9857B15468CC identity=spotify-id:6oigt3a06jqhjbd0dxplct|metadata:wesay reason=trackChanged posStart=148.105 posEnd=0.423 hostStart=1785843579.552 hostEnd=1785843588.019 ptsStart=427295.841 ptsEnd=427304.261 samples=363840 buffers=379 duration=7.580 rate=48000.0 ch=2 continuous=true pcm=/var/folders/kq/dz44fm994nz94zw2dfqnz_g00000gn/T/SpotifyLyricsCapture/s2-sessions/738BB9D3-DDBC-4FFE-999C-9857B15468CC/seg-7810C79C.json
[2026-08-04T11:39:48Z] SESSION end sessionID=738BB9D3-DDBC-4FFE-999C-9857B15468CC identity=spotify-id:6oigt3a06jqhjbd0dxplct|metadata:wesay reason=trackChanged segments=1
[2026-08-04T11:39:48Z] SESSION start sessionID=C7DAD13F-A9AC-4278-9512-04DE29360FA2 identity=spotify-id:6iwejpz1ac4rixkrxqlneb|metadata:until duration=161.426 source=screenCaptureKit.spotifyAudio.v1 reason=trackChanged
[2026-08-04T11:39:48Z] SEGMENT start segmentID=F538B067-0B8E-4EE1-A89F-E1E6EF1DE096 sessionID=C7DAD13F-A9AC-4278-9512-04DE29360FA2 identity=spotify-id:6iwejpz1ac4rixkrxqlneb|metadata:until reason=initial position=0.423 hostTime=1785843588.021 continuityID=2B700CC2-03D7-41C7-A1ED-F9062CF389F3
[2026-08-04T11:39:50Z] ANCHOR sessionID=C7DAD13F-A9AC-4278-9512-04DE29360FA2 segmentID=F538B067-0B8E-4EE1-A89F-E1E6EF1DE096 position=2.606 hostTime=1785843590.162 audioPTS=427306.441 playing=true
[2026-08-04T11:39:52Z] ANCHOR sessionID=C7DAD13F-A9AC-4278-9512-04DE29360FA2 segmentID=F538B067-0B8E-4EE1-A89F-E1E6EF1DE096 position=4.619 hostTime=1785843592.202 audioPTS=427308.481 playing=true
[2026-08-04T11:39:54Z] ANCHOR sessionID=C7DAD13F-A9AC-4278-9512-04DE29360FA2 segmentID=F538B067-0B8E-4EE1-A89F-E1E6EF1DE096 position=6.784 hostTime=1785843594.374 audioPTS=427310.621 playing=true
[2026-08-04T11:39:55Z] S2 IDENTITY previous=spotify-id:6iwejpz1ac4rixkrxqlneb|metada next=spotify-id:0662h3g9lgdt2vipzypzxm|metada
[2026-08-04T11:39:55Z] SEGMENT end segmentID=F538B067-0B8E-4EE1-A89F-E1E6EF1DE096 sessionID=C7DAD13F-A9AC-4278-9512-04DE29360FA2 identity=spotify-id:6iwejpz1ac4rixkrxqlneb|metadata:until reason=trackChanged posStart=0.423 posEnd=0.536 hostStart=1785843588.021 hostEnd=1785843595.640 ptsStart=427304.301 ptsEnd=427311.881 samples=364800 buffers=380 duration=7.600 rate=48000.0 ch=2 continuous=true pcm=/var/folders/kq/dz44fm994nz94zw2dfqnz_g00000gn/T/SpotifyLyricsCapture/s2-sessions/C7DAD13F-A9AC-4278-9512-04DE29360FA2/seg-F538B067.json
[2026-08-04T11:39:55Z] SESSION end sessionID=C7DAD13F-A9AC-4278-9512-04DE29360FA2 identity=spotify-id:6iwejpz1ac4rixkrxqlneb|metadata:until reason=trackChanged segments=1
[2026-08-04T11:39:55Z] SESSION start sessionID=66E1CF23-F603-49DE-BA5B-2D598FDE67E3 identity=spotify-id:0662h3g9lgdt2vipzypzxm|metadata:夜の合図| duration=170.720 source=screenCaptureKit.spotifyAudio.v1 reason=trackChanged
[2026-08-04T11:39:55Z] SEGMENT start segmentID=1EA08E61-82EC-4F44-B574-D9F15DCF501E sessionID=66E1CF23-F603-49DE-BA5B-2D598FDE67E3 identity=spotify-id:0662h3g9lgdt2vipzypzxm|metadata:夜の合図| reason=initial position=0.536 hostTime=1785843595.642 continuityID=87DDEABE-6F6A-4F0A-B99E-6607E68E305F
[2026-08-04T11:39:56Z] ANCHOR sessionID=66E1CF23-F603-49DE-BA5B-2D598FDE67E3 segmentID=1EA08E61-82EC-4F44-B574-D9F15DCF501E position=1.491 hostTime=1785843596.569 audioPTS=427312.841 playing=true
[2026-08-04T11:39:58Z] SEGMENT end segmentID=1EA08E61-82EC-4F44-B574-D9F15DCF501E sessionID=66E1CF23-F603-49DE-BA5B-2D598FDE67E3 identity=spotify-id:0662h3g9lgdt2vipzypzxm|metadata:夜の合図| reason=pause posStart=0.536 posEnd=2.207 hostStart=1785843595.642 hostEnd=1785843598.038 ptsStart=427311.901 ptsEnd=427314.301 samples=116160 buffers=121 duration=2.420 rate=48000.0 ch=2 continuous=true pcm=/var/folders/kq/dz44fm994nz94zw2dfqnz_g00000gn/T/SpotifyLyricsCapture/s2-sessions/66E1CF23-F603-49DE-BA5B-2D598FDE67E3/seg-1EA08E61.json
[2026-08-04T11:39:58Z] S2 PLAYBACK paused position=2.207
[2026-08-04T11:40:02Z] SEGMENT start segmentID=B95A9FED-0B56-4A24-B7B1-17FBD5DCF117 sessionID=66E1CF23-F603-49DE-BA5B-2D598FDE67E3 identity=spotify-id:0662h3g9lgdt2vipzypzxm|metadata:夜の合図| reason=resume position=4.617 hostTime=1785843602.848 continuityID=94EE0FEE-1E4B-4FE6-9B81-59735604FF29
[2026-08-04T11:40:02Z] S2 PLAYBACK resumed position=4.617
[2026-08-04T11:40:02Z] ANCHOR sessionID=66E1CF23-F603-49DE-BA5B-2D598FDE67E3 segmentID=B95A9FED-0B56-4A24-B7B1-17FBD5DCF117 position=4.617 hostTime=1785843602.849 audioPTS=-1.000 playing=true
[2026-08-04T11:40:04Z] ANCHOR sessionID=66E1CF23-F603-49DE-BA5B-2D598FDE67E3 segmentID=B95A9FED-0B56-4A24-B7B1-17FBD5DCF117 position=6.733 hostTime=1785843604.969 audioPTS=427321.221 playing=true
[2026-08-04T11:40:07Z] ANCHOR sessionID=66E1CF23-F603-49DE-BA5B-2D598FDE67E3 segmentID=B95A9FED-0B56-4A24-B7B1-17FBD5DCF117 position=18.875 hostTime=1785843607.174 audioPTS=427323.441 playing=true
[2026-08-04T11:40:09Z] ANCHOR sessionID=66E1CF23-F603-49DE-BA5B-2D598FDE67E3 segmentID=B95A9FED-0B56-4A24-B7B1-17FBD5DCF117 position=21.188 hostTime=1785843609.486 audioPTS=427325.761 playing=true
[2026-08-04T11:40:11Z] ANCHOR sessionID=66E1CF23-F603-49DE-BA5B-2D598FDE67E3 segmentID=B95A9FED-0B56-4A24-B7B1-17FBD5DCF117 position=23.243 hostTime=1785843611.565 audioPTS=427327.841 playing=true
[2026-08-04T11:40:12Z] S2 IDENTITY previous=spotify-id:0662h3g9lgdt2vipzypzxm|metada next=spotify-id:0fipkwb6qkwtjwtsyaiklh|metada
[2026-08-04T11:40:12Z] SEGMENT end segmentID=B95A9FED-0B56-4A24-B7B1-17FBD5DCF117 sessionID=66E1CF23-F603-49DE-BA5B-2D598FDE67E3 identity=spotify-id:0662h3g9lgdt2vipzypzxm|metadata:夜の合図| reason=trackChanged posStart=4.617 posEnd=0.235 hostStart=1785843602.848 hostEnd=1785843612.757 ptsStart=427319.141 ptsEnd=427329.001 samples=474240 buffers=494 duration=9.880 rate=48000.0 ch=2 continuous=true pcm=/var/folders/kq/dz44fm994nz94zw2dfqnz_g00000gn/T/SpotifyLyricsCapture/s2-sessions/66E1CF23-F603-49DE-BA5B-2D598FDE67E3/seg-B95A9FED.json
[2026-08-04T11:40:12Z] SESSION end sessionID=66E1CF23-F603-49DE-BA5B-2D598FDE67E3 identity=spotify-id:0662h3g9lgdt2vipzypzxm|metadata:夜の合図| reason=trackChanged segments=2
[2026-08-04T11:40:12Z] SESSION start sessionID=93EE3145-1251-403C-BF51-86B9D9E0F035 identity=spotify-id:0fipkwb6qkwtjwtsyaiklh|metadata:bitte duration=262.500 source=screenCaptureKit.spotifyAudio.v1 reason=trackChanged
[2026-08-04T11:40:12Z] SEGMENT start segmentID=DE0BC306-E173-4B56-9BE9-5F2A4836A03F sessionID=93EE3145-1251-403C-BF51-86B9D9E0F035 identity=spotify-id:0fipkwb6qkwtjwtsyaiklh|metadata:bitte reason=initial position=0.235 hostTime=1785843612.760 continuityID=AB435A6A-49A3-4BB0-99B5-DED3C7F81733
[2026-08-04T11:40:13Z] ANCHOR sessionID=93EE3145-1251-403C-BF51-86B9D9E0F035 segmentID=DE0BC306-E173-4B56-9BE9-5F2A4836A03F position=1.261 hostTime=1785843613.762 audioPTS=427330.041 playing=true
[2026-08-04T11:40:15Z] ANCHOR sessionID=93EE3145-1251-403C-BF51-86B9D9E0F035 segmentID=DE0BC306-E173-4B56-9BE9-5F2A4836A03F position=3.246 hostTime=1785843615.769 audioPTS=427332.041 playing=true
[2026-08-04T11:40:17Z] ANCHOR sessionID=93EE3145-1251-403C-BF51-86B9D9E0F035 segmentID=DE0BC306-E173-4B56-9BE9-5F2A4836A03F position=5.438 hostTime=1785843617.965 audioPTS=427334.221 playing=true
[2026-08-04T11:40:20Z] ANCHOR sessionID=93EE3145-1251-403C-BF51-86B9D9E0F035 segmentID=DE0BC306-E173-4B56-9BE9-5F2A4836A03F position=2.249 hostTime=1785843620.101 audioPTS=427336.381 playing=true
[2026-08-04T11:40:21Z] S2 IDENTITY previous=spotify-id:0fipkwb6qkwtjwtsyaiklh|metada next=spotify-id:69hhxyio4ewpxyloafz0lc|metada
[2026-08-04T11:40:21Z] SEGMENT end segmentID=DE0BC306-E173-4B56-9BE9-5F2A4836A03F sessionID=93EE3145-1251-403C-BF51-86B9D9E0F035 identity=spotify-id:0fipkwb6qkwtjwtsyaiklh|metadata:bitte reason=trackChanged posStart=0.235 posEnd=0.224 hostStart=1785843612.760 hostEnd=1785843621.467 ptsStart=427329.021 ptsEnd=427337.721 samples=418560 buffers=436 duration=8.720 rate=48000.0 ch=2 continuous=true pcm=/var/folders/kq/dz44fm994nz94zw2dfqnz_g00000gn/T/SpotifyLyricsCapture/s2-sessions/93EE3145-1251-403C-BF51-86B9D9E0F035/seg-DE0BC306.json
[2026-08-04T11:40:21Z] SESSION end sessionID=93EE3145-1251-403C-BF51-86B9D9E0F035 identity=spotify-id:0fipkwb6qkwtjwtsyaiklh|metadata:bitte reason=trackChanged segments=1
[2026-08-04T11:40:21Z] SESSION start sessionID=457EE5C5-A577-4BFD-B85D-D351CACF7968 identity=spotify-id:69hhxyio4ewpxyloafz0lc|metadata:monst duration=203.538 source=screenCaptureKit.spotifyAudio.v1 reason=trackChanged
[2026-08-04T11:40:21Z] SEGMENT start segmentID=D31FAB7F-91F1-44CF-9670-5CDA82855A66 sessionID=457EE5C5-A577-4BFD-B85D-D351CACF7968 identity=spotify-id:69hhxyio4ewpxyloafz0lc|metadata:monst reason=initial position=0.224 hostTime=1785843621.469 continuityID=CFAB4312-C822-4FA7-9A84-E57F0B50730A
[2026-08-04T11:40:22Z] ANCHOR sessionID=457EE5C5-A577-4BFD-B85D-D351CACF7968 segmentID=D31FAB7F-91F1-44CF-9670-5CDA82855A66 position=0.928 hostTime=1785843622.163 audioPTS=427338.441 playing=true
[2026-08-04T11:40:22Z] S2 IDENTITY previous=spotify-id:69hhxyio4ewpxyloafz0lc|metada next=spotify-id:0662h3g9lgdt2vipzypzxm|metada
[2026-08-04T11:40:22Z] SEGMENT end segmentID=D31FAB7F-91F1-44CF-9670-5CDA82855A66 sessionID=457EE5C5-A577-4BFD-B85D-D351CACF7968 identity=spotify-id:69hhxyio4ewpxyloafz0lc|metadata:monst reason=trackChanged posStart=0.224 posEnd=0.526 hostStart=1785843621.469 hostEnd=1785843622.943 ptsStart=427337.741 ptsEnd=427339.201 samples=71040 buffers=74 duration=1.480 rate=48000.0 ch=2 continuous=true pcm=/var/folders/kq/dz44fm994nz94zw2dfqnz_g00000gn/T/SpotifyLyricsCapture/s2-sessions/457EE5C5-A577-4BFD-B85D-D351CACF7968/seg-D31FAB7F.json
[2026-08-04T11:40:22Z] SESSION end sessionID=457EE5C5-A577-4BFD-B85D-D351CACF7968 identity=spotify-id:69hhxyio4ewpxyloafz0lc|metadata:monst reason=trackChanged segments=1
[2026-08-04T11:40:22Z] SESSION start sessionID=5D6DE4A2-4592-4335-8F53-B69F90179846 identity=spotify-id:0662h3g9lgdt2vipzypzxm|metadata:夜の合図| duration=170.720 source=screenCaptureKit.spotifyAudio.v1 reason=trackChanged
[2026-08-04T11:40:22Z] SEGMENT start segmentID=85517B58-926B-455A-9EFA-A246F5195464 sessionID=5D6DE4A2-4592-4335-8F53-B69F90179846 identity=spotify-id:0662h3g9lgdt2vipzypzxm|metadata:夜の合図| reason=initial position=0.526 hostTime=1785843622.944 continuityID=819EE53B-5714-4AA4-BE94-A8C03E94CF85
[2026-08-04T11:40:24Z] ANCHOR sessionID=5D6DE4A2-4592-4335-8F53-B69F90179846 segmentID=85517B58-926B-455A-9EFA-A246F5195464 position=1.760 hostTime=1785843624.168 audioPTS=427340.441 playing=true
[2026-08-04T11:40:26Z] ANCHOR sessionID=5D6DE4A2-4592-4335-8F53-B69F90179846 segmentID=85517B58-926B-455A-9EFA-A246F5195464 position=3.926 hostTime=1785843626.365 audioPTS=427342.621 playing=true
[2026-08-04T11:40:28Z] ANCHOR sessionID=5D6DE4A2-4592-4335-8F53-B69F90179846 segmentID=85517B58-926B-455A-9EFA-A246F5195464 position=5.944 hostTime=1785843628.372 audioPTS=427344.621 playing=true
[2026-08-04T11:40:30Z] ANCHOR sessionID=5D6DE4A2-4592-4335-8F53-B69F90179846 segmentID=85517B58-926B-455A-9EFA-A246F5195464 position=8.171 hostTime=1785843630.568 audioPTS=427346.841 playing=true
[2026-08-04T11:40:32Z] ANCHOR sessionID=5D6DE4A2-4592-4335-8F53-B69F90179846 segmentID=85517B58-926B-455A-9EFA-A246F5195464 position=10.360 hostTime=1785843632.765 audioPTS=427349.041 playing=true
[2026-08-04T11:40:34Z] ANCHOR sessionID=5D6DE4A2-4592-4335-8F53-B69F90179846 segmentID=85517B58-926B-455A-9EFA-A246F5195464 position=12.422 hostTime=1785843634.844 audioPTS=427351.121 playing=true
[2026-08-04T11:40:36Z] ANCHOR sessionID=5D6DE4A2-4592-4335-8F53-B69F90179846 segmentID=85517B58-926B-455A-9EFA-A246F5195464 position=14.541 hostTime=1785843636.973 audioPTS=427353.241 playing=true
[2026-08-04T11:40:38Z] ANCHOR sessionID=5D6DE4A2-4592-4335-8F53-B69F90179846 segmentID=85517B58-926B-455A-9EFA-A246F5195464 position=16.522 hostTime=1785843638.975 audioPTS=427355.221 playing=true
[2026-08-04T11:40:41Z] ANCHOR sessionID=5D6DE4A2-4592-4335-8F53-B69F90179846 segmentID=85517B58-926B-455A-9EFA-A246F5195464 position=18.730 hostTime=1785843641.164 audioPTS=427357.441 playing=true
[2026-08-04T11:40:43Z] ANCHOR sessionID=5D6DE4A2-4592-4335-8F53-B69F90179846 segmentID=85517B58-926B-455A-9EFA-A246F5195464 position=20.734 hostTime=1785843643.175 audioPTS=427359.441 playing=true
[2026-08-04T11:40:45Z] ANCHOR sessionID=5D6DE4A2-4592-4335-8F53-B69F90179846 segmentID=85517B58-926B-455A-9EFA-A246F5195464 position=22.942 hostTime=1785843645.375 audioPTS=427361.621 playing=true
[2026-08-04T11:40:47Z] ANCHOR sessionID=5D6DE4A2-4592-4335-8F53-B69F90179846 segmentID=85517B58-926B-455A-9EFA-A246F5195464 position=25.131 hostTime=1785843647.570 audioPTS=427363.841 playing=true
[2026-08-04T11:40:49Z] ANCHOR sessionID=5D6DE4A2-4592-4335-8F53-B69F90179846 segmentID=85517B58-926B-455A-9EFA-A246F5195464 position=27.165 hostTime=1785843649.573 audioPTS=427365.841 playing=true
[2026-08-04T11:40:49Z] SEGMENT end segmentID=85517B58-926B-455A-9EFA-A246F5195464 sessionID=5D6DE4A2-4592-4335-8F53-B69F90179846 identity=spotify-id:0662h3g9lgdt2vipzypzxm|metadata:夜の合図| reason=autoStop posStart=0.526 posEnd=27.165 hostStart=1785843622.944 hostEnd=1785843649.574 ptsStart=427339.221 ptsEnd=427365.841 samples=1278720 buffers=1332 duration=26.640 rate=48000.0 ch=2 continuous=true pcm=/var/folders/kq/dz44fm994nz94zw2dfqnz_g00000gn/T/SpotifyLyricsCapture/s2-sessions/5D6DE4A2-4592-4335-8F53-B69F90179846/seg-85517B58.json
[2026-08-04T11:40:49Z] SESSION end sessionID=5D6DE4A2-4592-4335-8F53-B69F90179846 identity=spotify-id:0662h3g9lgdt2vipzypzxm|metadata:夜の合図| reason=autoStop segments=1
[2026-08-04T11:40:49Z] CLEANUP sessionDir=/var/folders/kq/dz44fm994nz94zw2dfqnz_g00000gn/T/SpotifyLyricsCapture/s2-sessions/5D6DE4A2-4592-4335-8F53-B69F90179846 exists_after=false
[2026-08-04T11:40:49Z] SUMMARY sessions=6
[2026-08-04T11:40:49Z] SUMMARY_SESSION id=738BB9D3 identity=spotify-id:6oigt3a06jqhjbd0dxplct|metadata:wesay terminal=trackChanged segments=1
[2026-08-04T11:40:49Z] SUMMARY_SEG i=0 id=7810C79C start=initial end=trackChanged pos=148.105->0.423 dur=7.580 samples=363840
[2026-08-04T11:40:49Z] SUMMARY_SESSION id=C7DAD13F identity=spotify-id:6iwejpz1ac4rixkrxqlneb|metadata:until terminal=trackChanged segments=1
[2026-08-04T11:40:49Z] SUMMARY_SEG i=0 id=F538B067 start=initial end=trackChanged pos=0.423->0.536 dur=7.600 samples=364800
[2026-08-04T11:40:49Z] SUMMARY_SESSION id=66E1CF23 identity=spotify-id:0662h3g9lgdt2vipzypzxm|metadata:夜の合図| terminal=trackChanged segments=2
[2026-08-04T11:40:49Z] SUMMARY_SEG i=0 id=1EA08E61 start=initial end=pause pos=0.536->2.207 dur=2.420 samples=116160
[2026-08-04T11:40:49Z] SUMMARY_SEG i=1 id=B95A9FED start=resume end=trackChanged pos=4.617->0.235 dur=9.880 samples=474240
[2026-08-04T11:40:49Z] SUMMARY_SESSION id=93EE3145 identity=spotify-id:0fipkwb6qkwtjwtsyaiklh|metadata:bitte terminal=trackChanged segments=1
[2026-08-04T11:40:49Z] SUMMARY_SEG i=0 id=DE0BC306 start=initial end=trackChanged pos=0.235->0.224 dur=8.720 samples=418560
[2026-08-04T11:40:49Z] SUMMARY_SESSION id=457EE5C5 identity=spotify-id:69hhxyio4ewpxyloafz0lc|metadata:monst terminal=trackChanged segments=1
[2026-08-04T11:40:49Z] SUMMARY_SEG i=0 id=D31FAB7F start=initial end=trackChanged pos=0.224->0.526 dur=1.480 samples=71040
[2026-08-04T11:40:49Z] SUMMARY_SESSION id=5D6DE4A2 identity=spotify-id:0662h3g9lgdt2vipzypzxm|metadata:夜の合図| terminal=autoStop segments=1
[2026-08-04T11:40:49Z] SUMMARY_SEG i=0 id=85517B58 start=initial end=autoStop pos=0.526->27.165 dur=26.640 samples=1278720
