[2026-08-04T12:35:23Z] LOG_RESET
[2026-08-04T12:35:23Z] PlaybackState init providers=Local LRC,LRCLIB
[2026-08-04T12:35:24Z] ACCEPTANCE control polling path=/tmp/spotifylyrics-s3b-control-b.txt
[2026-08-04T12:35:24Z] PERSISTENCE startup ready
[2026-08-04T12:35:24Z] ACCEPTANCE control apply payload=standard | retry
[2026-08-04T12:35:24Z] Lyrics providers for mode=lyricsSourceMode.standardFree.v1: Local LRC,LRCLIB
[2026-08-04T12:35:24Z] MANAGER providers updated=Local LRC,LRCLIB
[2026-08-04T12:35:24Z] MANAGER providers updated=Local LRC,LRCLIB
[2026-08-04T12:35:24Z] Lyrics providers for mode=lyricsSourceMode.standardFree.v1: Local LRC,LRCLIB
[2026-08-04T12:35:24Z] MANAGER providers updated=Local LRC,LRCLIB
[2026-08-04T12:35:24Z] MANAGER providers updated=Local LRC,LRCLIB
[2026-08-04T12:35:24Z] ACCEPTANCE control mode=lyricsSourceMode.standardFree.v1
[2026-08-04T12:35:24Z] ACCEPTANCE control retry done identity= posBefore=0.0 posAfter=0.0
[2026-08-04T12:35:25Z] SESSION clear
[2026-08-04T12:35:25Z] Playback trackChange identity=spotify-id:7ovucf5uhtbrzupb6zomvt|metadata:アイドル|yoasobi|アイドル|213 title=アイドル artist=YOASOBI duration=213.233
[2026-08-04T12:35:25Z] SESSION begin rev=3 identity=spotify-id:7ovucf5uhtbrzupb6zomvt|metadata:アイドル|yoasobi|アイドル|213 title=アイドル artist=YOASOBI duration=213.233 spotifyId=spotify:track:7ovUcF5uHTBRzUpB6ZOmvt
[2026-08-04T12:35:25Z] SESSION persistence miss rev=3 identity=spotify-id:7ovucf5uhtbrzupb6zomvt|metadata:アイドル|yoasobi|アイドル|213
[2026-08-04T12:35:25Z] MANAGER start title=アイドル artist=YOASOBI variants=6 providers=["Local LRC", "LRCLIB"] queryOverride=
[2026-08-04T12:35:26Z] MANAGER AUTO_ADOPT provider=LRCLIB strategy=primaryOriginal kind=exactTitleFullArtist tier=autoHigh score=0.7999999999999999 evidence=titleExact +0.30;primaryArtistExact +0.30;durationClose +0.12;albumExact +0.08 lines=151 sync=true
[2026-08-04T12:35:26Z] SESSION search finished rev=3 result=match(lrclib,lines=151,sync=true) diag=2
[2026-08-04T12:35:26Z]   DIAG Local LRC@primaryOriginal noMatch 0.02s
[2026-08-04T12:35:26Z]   DIAG LRCLIB@primaryOriginal match 0.48s
[2026-08-04T12:35:26Z] SESSION apply loaded source=lrclib lines=151 first=無敵の笑顔で荒らすメディア
[2026-08-04T12:35:26Z] SESSION persistence save rev=3 disposition=Optional(SpotifyLyrics.LyricsPersistenceSaveDisposition.inserted) lines=151
