[2026-08-04T12:35:26Z] LOG_RESET
[2026-08-04T12:35:26Z] SPIKE start formal_db_opened=NO (spike never opens SQLite)
[2026-08-04T12:35:26Z] SPIKE policy=spotify-app-audio-only no-mic no-screen-save no-asr no-align
[2026-08-04T12:35:26Z] DISCOVER related=1 primary=1 captureTargets=1
[2026-08-04T12:35:26Z] DISCOVER_APP pid=18752 bundle=com.spotify.client name=Spotify captureTarget=true
[2026-08-04T12:35:26Z] STREAM configured capturesAudio=1 screenOutput=0 mic=0 sampleRate=48000 channels=2
[2026-08-04T12:35:26Z] TEMP dir=/var/folders/kq/dz44fm994nz94zw2dfqnz_g00000gn/T/SpotifyLyricsCapture/E982CDE4-718F-4279-8E11-E5BC9B0E01D5 (marker only; no audio files)
[2026-08-04T12:35:27Z] STREAM started
[2026-08-04T12:35:27Z] SESSION start sessionID=404F9F32-7C7A-4B2C-B43E-E254CFEBD2FE identity=spotify-id:7ovucf5uhtbrzupb6zomvt|metadata:アイドル| duration=213.233 source=screenCaptureKit.spotifyAudio.v1 reason=initial
[2026-08-04T12:35:27Z] SEGMENT start segmentID=0BB427BC-ED6E-46D6-9C57-9EA11C73202A sessionID=404F9F32-7C7A-4B2C-B43E-E254CFEBD2FE identity=spotify-id:7ovucf5uhtbrzupb6zomvt|metadata:アイドル| reason=initial position=10.111 hostTime=1785846927.026 continuityID=114DF09B-9760-4FFE-A544-136086FA4AFE wav=seg-0BB427BC-mono.wav
[2026-08-04T12:35:27Z] ANCHOR sessionID=404F9F32-7C7A-4B2C-B43E-E254CFEBD2FE segmentID=0BB427BC-ED6E-46D6-9C57-9EA11C73202A position=10.111 hostTime=1785846927.028 audioPTS=430643.419 playing=true
[2026-08-04T12:35:28Z] PCM reason=tick buffers=52 samples=49920 duration_s=1.040 inRate=48000.0 ch=2 peak=0.4250 rms=0.1667 active=true videoBuffers=0
[2026-08-04T12:35:29Z] PCM reason=tick buffers=102 samples=97920 duration_s=2.040 inRate=48000.0 ch=2 peak=0.4263 rms=0.1952 active=true videoBuffers=0
[2026-08-04T12:35:29Z] ANCHOR sessionID=404F9F32-7C7A-4B2C-B43E-E254CFEBD2FE segmentID=0BB427BC-ED6E-46D6-9C57-9EA11C73202A position=12.311 hostTime=1785846929.053 audioPTS=430645.419 playing=true
[2026-08-04T12:35:30Z] PCM reason=tick buffers=152 samples=145920 duration_s=3.040 inRate=48000.0 ch=2 peak=0.4263 rms=0.1994 active=true videoBuffers=0
[2026-08-04T12:35:31Z] PCM reason=tick buffers=202 samples=193920 duration_s=4.040 inRate=48000.0 ch=2 peak=0.4285 rms=0.2107 active=true videoBuffers=0
[2026-08-04T12:35:31Z] ANCHOR sessionID=404F9F32-7C7A-4B2C-B43E-E254CFEBD2FE segmentID=0BB427BC-ED6E-46D6-9C57-9EA11C73202A position=14.505 hostTime=1785846931.267 audioPTS=430647.659 playing=true
[2026-08-04T12:35:32Z] PCM reason=tick buffers=252 samples=241920 duration_s=5.040 inRate=48000.0 ch=2 peak=0.4285 rms=0.2108 active=true videoBuffers=0
[2026-08-04T12:35:33Z] PCM reason=tick buffers=302 samples=289920 duration_s=6.040 inRate=48000.0 ch=2 peak=0.4285 rms=0.2113 active=true videoBuffers=0
[2026-08-04T12:35:33Z] ANCHOR sessionID=404F9F32-7C7A-4B2C-B43E-E254CFEBD2FE segmentID=0BB427BC-ED6E-46D6-9C57-9EA11C73202A position=16.701 hostTime=1785846933.437 audioPTS=430649.799 playing=true
[2026-08-04T12:35:34Z] PCM reason=tick buffers=352 samples=337920 duration_s=7.040 inRate=48000.0 ch=2 peak=0.4285 rms=0.2132 active=true videoBuffers=0
[2026-08-04T12:35:35Z] PCM reason=tick buffers=402 samples=385920 duration_s=8.040 inRate=48000.0 ch=2 peak=0.4285 rms=0.2183 active=true videoBuffers=0
[2026-08-04T12:35:35Z] ANCHOR sessionID=404F9F32-7C7A-4B2C-B43E-E254CFEBD2FE segmentID=0BB427BC-ED6E-46D6-9C57-9EA11C73202A position=18.674 hostTime=1785846935.438 audioPTS=430651.799 playing=true
[2026-08-04T12:35:36Z] PCM reason=tick buffers=453 samples=434880 duration_s=9.060 inRate=48000.0 ch=2 peak=0.4363 rms=0.2182 active=true videoBuffers=0
[2026-08-04T12:35:37Z] PCM reason=tick buffers=502 samples=481920 duration_s=10.040 inRate=48000.0 ch=2 peak=0.4363 rms=0.2170 active=true videoBuffers=0
[2026-08-04T12:35:37Z] ANCHOR sessionID=404F9F32-7C7A-4B2C-B43E-E254CFEBD2FE segmentID=0BB427BC-ED6E-46D6-9C57-9EA11C73202A position=20.674 hostTime=1785846937.441 audioPTS=430653.799 playing=true
[2026-08-04T12:35:38Z] PCM reason=tick buffers=552 samples=529920 duration_s=11.040 inRate=48000.0 ch=2 peak=0.4363 rms=0.2165 active=true videoBuffers=0
[2026-08-04T12:35:39Z] PCM reason=tick buffers=602 samples=577920 duration_s=12.040 inRate=48000.0 ch=2 peak=0.4363 rms=0.2162 active=true videoBuffers=0
[2026-08-04T12:35:39Z] ANCHOR sessionID=404F9F32-7C7A-4B2C-B43E-E254CFEBD2FE segmentID=0BB427BC-ED6E-46D6-9C57-9EA11C73202A position=22.891 hostTime=1785846939.637 audioPTS=430656.019 playing=true
[2026-08-04T12:35:40Z] PCM reason=tick buffers=653 samples=626880 duration_s=13.060 inRate=48000.0 ch=2 peak=0.4363 rms=0.2149 active=true videoBuffers=0
[2026-08-04T12:35:41Z] PCM reason=tick buffers=702 samples=673920 duration_s=14.040 inRate=48000.0 ch=2 peak=0.4363 rms=0.2158 active=true videoBuffers=0
[2026-08-04T12:35:41Z] ANCHOR sessionID=404F9F32-7C7A-4B2C-B43E-E254CFEBD2FE segmentID=0BB427BC-ED6E-46D6-9C57-9EA11C73202A position=24.898 hostTime=1785846941.691 audioPTS=430657.999 playing=true
[2026-08-04T12:35:42Z] PCM reason=tick buffers=752 samples=721920 duration_s=15.040 inRate=48000.0 ch=2 peak=0.4363 rms=0.2163 active=true videoBuffers=0
[2026-08-04T12:35:43Z] PCM reason=tick buffers=803 samples=770880 duration_s=16.060 inRate=48000.0 ch=2 peak=0.4363 rms=0.2159 active=true videoBuffers=0
[2026-08-04T12:35:43Z] ANCHOR sessionID=404F9F32-7C7A-4B2C-B43E-E254CFEBD2FE segmentID=0BB427BC-ED6E-46D6-9C57-9EA11C73202A position=27.167 hostTime=1785846943.892 audioPTS=430660.279 playing=true
[2026-08-04T12:35:44Z] PCM reason=tick buffers=852 samples=817920 duration_s=17.040 inRate=48000.0 ch=2 peak=0.4363 rms=0.2160 active=true videoBuffers=0
[2026-08-04T12:35:45Z] PCM reason=tick buffers=902 samples=865920 duration_s=18.040 inRate=48000.0 ch=2 peak=0.4363 rms=0.2158 active=true videoBuffers=0
[2026-08-04T12:35:46Z] ANCHOR sessionID=404F9F32-7C7A-4B2C-B43E-E254CFEBD2FE segmentID=0BB427BC-ED6E-46D6-9C57-9EA11C73202A position=29.268 hostTime=1785846946.078 audioPTS=430662.399 playing=true
[2026-08-04T12:35:46Z] PCM reason=tick buffers=954 samples=915840 duration_s=19.080 inRate=48000.0 ch=2 peak=0.4363 rms=0.2166 active=true videoBuffers=0
[2026-08-04T12:35:47Z] PCM reason=tick buffers=1002 samples=961920 duration_s=20.040 inRate=48000.0 ch=2 peak=0.4363 rms=0.2173 active=true videoBuffers=0
[2026-08-04T12:35:48Z] PCM reason=tick buffers=1053 samples=1010880 duration_s=21.060 inRate=48000.0 ch=2 peak=0.4363 rms=0.2179 active=true videoBuffers=0
[2026-08-04T12:35:48Z] ANCHOR sessionID=404F9F32-7C7A-4B2C-B43E-E254CFEBD2FE segmentID=0BB427BC-ED6E-46D6-9C57-9EA11C73202A position=31.428 hostTime=1785846948.235 audioPTS=430664.619 playing=true
[2026-08-04T12:35:49Z] PCM reason=tick buffers=1102 samples=1057920 duration_s=22.040 inRate=48000.0 ch=2 peak=0.4363 rms=0.2185 active=true videoBuffers=0
[2026-08-04T12:35:50Z] PCM reason=tick buffers=1152 samples=1105920 duration_s=23.040 inRate=48000.0 ch=2 peak=0.4363 rms=0.2189 active=true videoBuffers=0
[2026-08-04T12:35:50Z] ANCHOR sessionID=404F9F32-7C7A-4B2C-B43E-E254CFEBD2FE segmentID=0BB427BC-ED6E-46D6-9C57-9EA11C73202A position=33.498 hostTime=1785846950.241 audioPTS=430666.619 playing=true
[2026-08-04T12:35:51Z] PCM reason=tick buffers=1203 samples=1154880 duration_s=24.060 inRate=48000.0 ch=2 peak=0.4363 rms=0.2198 active=true videoBuffers=0
[2026-08-04T12:35:52Z] PCM reason=tick buffers=1252 samples=1201920 duration_s=25.040 inRate=48000.0 ch=2 peak=0.4363 rms=0.2205 active=true videoBuffers=0
[2026-08-04T12:35:52Z] ANCHOR sessionID=404F9F32-7C7A-4B2C-B43E-E254CFEBD2FE segmentID=0BB427BC-ED6E-46D6-9C57-9EA11C73202A position=35.482 hostTime=1785846952.260 audioPTS=430668.639 playing=true
[2026-08-04T12:35:53Z] PCM reason=tick buffers=1303 samples=1250880 duration_s=26.060 inRate=48000.0 ch=2 peak=0.4363 rms=0.2213 active=true videoBuffers=0
[2026-08-04T12:35:54Z] PCM reason=tick buffers=1353 samples=1298880 duration_s=27.060 inRate=48000.0 ch=2 peak=0.4363 rms=0.2217 active=true videoBuffers=0
[2026-08-04T12:35:54Z] ANCHOR sessionID=404F9F32-7C7A-4B2C-B43E-E254CFEBD2FE segmentID=0BB427BC-ED6E-46D6-9C57-9EA11C73202A position=37.667 hostTime=1785846954.456 audioPTS=430670.799 playing=true
[2026-08-04T12:35:55Z] PCM reason=tick buffers=1403 samples=1346880 duration_s=28.060 inRate=48000.0 ch=2 peak=0.4363 rms=0.2220 active=true videoBuffers=0
[2026-08-04T12:35:56Z] PCM reason=tick buffers=1452 samples=1393920 duration_s=29.040 inRate=48000.0 ch=2 peak=0.4363 rms=0.2223 active=true videoBuffers=0
[2026-08-04T12:35:56Z] ANCHOR sessionID=404F9F32-7C7A-4B2C-B43E-E254CFEBD2FE segmentID=0BB427BC-ED6E-46D6-9C57-9EA11C73202A position=39.908 hostTime=1785846956.647 audioPTS=430673.019 playing=true
[2026-08-04T12:35:57Z] PCM reason=tick buffers=1502 samples=1441920 duration_s=30.040 inRate=48000.0 ch=2 peak=0.4363 rms=0.2225 active=true videoBuffers=0
[2026-08-04T12:35:58Z] PCM reason=tick buffers=1552 samples=1489920 duration_s=31.040 inRate=48000.0 ch=2 peak=0.4363 rms=0.2220 active=true videoBuffers=0
[2026-08-04T12:35:58Z] ANCHOR sessionID=404F9F32-7C7A-4B2C-B43E-E254CFEBD2FE segmentID=0BB427BC-ED6E-46D6-9C57-9EA11C73202A position=41.905 hostTime=1785846958.652 audioPTS=430674.999 playing=true
[2026-08-04T12:35:59Z] PCM reason=tick buffers=1603 samples=1538880 duration_s=32.060 inRate=48000.0 ch=2 peak=0.4363 rms=0.2209 active=true videoBuffers=0
[2026-08-04T12:36:00Z] PCM reason=tick buffers=1653 samples=1586880 duration_s=33.060 inRate=48000.0 ch=2 peak=0.4363 rms=0.2197 active=true videoBuffers=0
[2026-08-04T12:36:00Z] ANCHOR sessionID=404F9F32-7C7A-4B2C-B43E-E254CFEBD2FE segmentID=0BB427BC-ED6E-46D6-9C57-9EA11C73202A position=44.113 hostTime=1785846960.845 audioPTS=430677.219 playing=true
[2026-08-04T12:36:01Z] PCM reason=tick buffers=1703 samples=1634880 duration_s=34.060 inRate=48000.0 ch=2 peak=0.4363 rms=0.2178 active=true videoBuffers=0
[2026-08-04T12:36:02Z] PCM reason=tick buffers=1749 samples=1679040 duration_s=34.980 inRate=48000.0 ch=2 peak=0.4363 rms=0.2169 active=true videoBuffers=0
[2026-08-04T12:36:02Z] ANCHOR sessionID=404F9F32-7C7A-4B2C-B43E-E254CFEBD2FE segmentID=0BB427BC-ED6E-46D6-9C57-9EA11C73202A position=46.103 hostTime=1785846962.850 audioPTS=430679.219 playing=true
[2026-08-04T12:36:03Z] PCM reason=tick buffers=1804 samples=1731840 duration_s=36.080 inRate=48000.0 ch=2 peak=0.4363 rms=0.2164 active=true videoBuffers=0
[2026-08-04T12:36:04Z] PCM reason=tick buffers=1853 samples=1778880 duration_s=37.060 inRate=48000.0 ch=2 peak=0.4363 rms=0.2159 active=true videoBuffers=0
[2026-08-04T12:36:05Z] ANCHOR sessionID=404F9F32-7C7A-4B2C-B43E-E254CFEBD2FE segmentID=0BB427BC-ED6E-46D6-9C57-9EA11C73202A position=48.303 hostTime=1785846965.034 audioPTS=430681.399 playing=true
[2026-08-04T12:36:05Z] PCM reason=tick buffers=1902 samples=1825920 duration_s=38.040 inRate=48000.0 ch=2 peak=0.4363 rms=0.2157 active=true videoBuffers=0
[2026-08-04T12:36:06Z] PCM reason=tick buffers=1952 samples=1873920 duration_s=39.040 inRate=48000.0 ch=2 peak=0.4363 rms=0.2154 active=true videoBuffers=0
[2026-08-04T12:36:07Z] ANCHOR sessionID=404F9F32-7C7A-4B2C-B43E-E254CFEBD2FE segmentID=0BB427BC-ED6E-46D6-9C57-9EA11C73202A position=50.263 hostTime=1785846967.048 audioPTS=430683.419 playing=true
[2026-08-04T12:36:07Z] PCM reason=tick buffers=2003 samples=1922880 duration_s=40.060 inRate=48000.0 ch=2 peak=0.4363 rms=0.2148 active=true videoBuffers=0
[2026-08-04T12:36:08Z] PCM reason=tick buffers=2053 samples=1970880 duration_s=41.060 inRate=48000.0 ch=2 peak=0.4363 rms=0.2144 active=true videoBuffers=0
[2026-08-04T12:36:09Z] PCM reason=tick buffers=2103 samples=2018880 duration_s=42.060 inRate=48000.0 ch=2 peak=0.4363 rms=0.2141 active=true videoBuffers=0
[2026-08-04T12:36:09Z] ANCHOR sessionID=404F9F32-7C7A-4B2C-B43E-E254CFEBD2FE segmentID=0BB427BC-ED6E-46D6-9C57-9EA11C73202A position=52.492 hostTime=1785846969.247 audioPTS=430685.619 playing=true
[2026-08-04T12:36:10Z] PCM reason=tick buffers=2152 samples=2065920 duration_s=43.040 inRate=48000.0 ch=2 peak=0.4363 rms=0.2136 active=true videoBuffers=0
[2026-08-04T12:36:11Z] PCM reason=tick buffers=2203 samples=2114880 duration_s=44.060 inRate=48000.0 ch=2 peak=0.4363 rms=0.2131 active=true videoBuffers=0
[2026-08-04T12:36:11Z] ANCHOR sessionID=404F9F32-7C7A-4B2C-B43E-E254CFEBD2FE segmentID=0BB427BC-ED6E-46D6-9C57-9EA11C73202A position=54.678 hostTime=1785846971.444 audioPTS=430687.799 playing=true
[2026-08-04T12:36:12Z] PCM reason=tick buffers=2253 samples=2162880 duration_s=45.060 inRate=48000.0 ch=2 peak=0.4363 rms=0.2129 active=true videoBuffers=0
[2026-08-04T12:36:13Z] PCM reason=tick buffers=2303 samples=2210880 duration_s=46.060 inRate=48000.0 ch=2 peak=0.4363 rms=0.2135 active=true videoBuffers=0
[2026-08-04T12:36:13Z] ANCHOR sessionID=404F9F32-7C7A-4B2C-B43E-E254CFEBD2FE segmentID=0BB427BC-ED6E-46D6-9C57-9EA11C73202A position=56.668 hostTime=1785846973.447 audioPTS=430689.799 playing=true
[2026-08-04T12:36:14Z] PCM reason=tick buffers=2352 samples=2257920 duration_s=47.040 inRate=48000.0 ch=2 peak=0.4363 rms=0.2142 active=true videoBuffers=0
[2026-08-04T12:36:15Z] PCM reason=tick buffers=2403 samples=2306880 duration_s=48.060 inRate=48000.0 ch=2 peak=0.4363 rms=0.2145 active=true videoBuffers=0
[2026-08-04T12:36:15Z] ANCHOR sessionID=404F9F32-7C7A-4B2C-B43E-E254CFEBD2FE segmentID=0BB427BC-ED6E-46D6-9C57-9EA11C73202A position=58.719 hostTime=1785846975.525 audioPTS=430691.799 playing=true
[2026-08-04T12:36:16Z] PCM reason=tick buffers=2452 samples=2353920 duration_s=49.040 inRate=48000.0 ch=2 peak=0.4363 rms=0.2146 active=true videoBuffers=0
[2026-08-04T12:36:17Z] PCM reason=tick buffers=2502 samples=2401920 duration_s=50.040 inRate=48000.0 ch=2 peak=0.4363 rms=0.2150 active=true videoBuffers=0
[2026-08-04T12:36:17Z] ANCHOR sessionID=404F9F32-7C7A-4B2C-B43E-E254CFEBD2FE segmentID=0BB427BC-ED6E-46D6-9C57-9EA11C73202A position=60.866 hostTime=1785846977.631 audioPTS=430694.019 playing=true
[2026-08-04T12:36:18Z] PCM reason=tick buffers=2552 samples=2449920 duration_s=51.040 inRate=48000.0 ch=2 peak=0.4363 rms=0.2152 active=true videoBuffers=0
[2026-08-04T12:36:19Z] PCM reason=tick buffers=2603 samples=2498880 duration_s=52.060 inRate=48000.0 ch=2 peak=0.4363 rms=0.2156 active=true videoBuffers=0
[2026-08-04T12:36:19Z] ANCHOR sessionID=404F9F32-7C7A-4B2C-B43E-E254CFEBD2FE segmentID=0BB427BC-ED6E-46D6-9C57-9EA11C73202A position=62.912 hostTime=1785846979.646 audioPTS=430696.019 playing=true
[2026-08-04T12:36:20Z] PCM reason=tick buffers=2652 samples=2545920 duration_s=53.040 inRate=48000.0 ch=2 peak=0.4363 rms=0.2160 active=true videoBuffers=0
[2026-08-04T12:36:21Z] PCM reason=tick buffers=2703 samples=2594880 duration_s=54.060 inRate=48000.0 ch=2 peak=0.4363 rms=0.2161 active=true videoBuffers=0
[2026-08-04T12:36:21Z] ANCHOR sessionID=404F9F32-7C7A-4B2C-B43E-E254CFEBD2FE segmentID=0BB427BC-ED6E-46D6-9C57-9EA11C73202A position=65.111 hostTime=1785846981.844 audioPTS=430698.219 playing=true
[2026-08-04T12:36:22Z] PCM reason=tick buffers=2753 samples=2642880 duration_s=55.060 inRate=48000.0 ch=2 peak=0.4363 rms=0.2165 active=true videoBuffers=0
[2026-08-04T12:36:23Z] PCM reason=tick buffers=2803 samples=2690880 duration_s=56.060 inRate=48000.0 ch=2 peak=0.4363 rms=0.2170 active=true videoBuffers=0
[2026-08-04T12:36:24Z] ANCHOR sessionID=404F9F32-7C7A-4B2C-B43E-E254CFEBD2FE segmentID=0BB427BC-ED6E-46D6-9C57-9EA11C73202A position=67.302 hostTime=1785846984.045 audioPTS=430700.419 playing=true
[2026-08-04T12:36:24Z] PCM reason=tick buffers=2853 samples=2738880 duration_s=57.060 inRate=48000.0 ch=2 peak=0.4363 rms=0.2172 active=true videoBuffers=0
[2026-08-04T12:36:25Z] PCM reason=tick buffers=2902 samples=2785920 duration_s=58.040 inRate=48000.0 ch=2 peak=0.4363 rms=0.2173 active=true videoBuffers=0
[2026-08-04T12:36:26Z] ANCHOR sessionID=404F9F32-7C7A-4B2C-B43E-E254CFEBD2FE segmentID=0BB427BC-ED6E-46D6-9C57-9EA11C73202A position=69.302 hostTime=1785846986.047 audioPTS=430702.399 playing=true
[2026-08-04T12:36:26Z] PCM reason=tick buffers=2953 samples=2834880 duration_s=59.060 inRate=48000.0 ch=2 peak=0.4363 rms=0.2177 active=true videoBuffers=0
[2026-08-04T12:36:27Z] PCM reason=tick buffers=3003 samples=2882880 duration_s=60.060 inRate=48000.0 ch=2 peak=0.4363 rms=0.2177 active=true videoBuffers=0
[2026-08-04T12:36:28Z] ANCHOR sessionID=404F9F32-7C7A-4B2C-B43E-E254CFEBD2FE segmentID=0BB427BC-ED6E-46D6-9C57-9EA11C73202A position=71.362 hostTime=1785846988.115 audioPTS=430704.459 playing=true
[2026-08-04T12:36:28Z] PCM reason=tick buffers=3056 samples=2933760 duration_s=61.120 inRate=48000.0 ch=2 peak=0.4363 rms=0.2179 active=true videoBuffers=0
[2026-08-04T12:36:29Z] PCM reason=tick buffers=3103 samples=2978880 duration_s=62.060 inRate=48000.0 ch=2 peak=0.4363 rms=0.2182 active=true videoBuffers=0
[2026-08-04T12:36:30Z] PCM reason=tick buffers=3153 samples=3026880 duration_s=63.060 inRate=48000.0 ch=2 peak=0.4363 rms=0.2182 active=true videoBuffers=0
[2026-08-04T12:36:30Z] ANCHOR sessionID=404F9F32-7C7A-4B2C-B43E-E254CFEBD2FE segmentID=0BB427BC-ED6E-46D6-9C57-9EA11C73202A position=73.525 hostTime=1785846990.288 audioPTS=430706.639 playing=true
[2026-08-04T12:36:31Z] PCM reason=tick buffers=3203 samples=3074880 duration_s=64.060 inRate=48000.0 ch=2 peak=0.4363 rms=0.2183 active=true videoBuffers=0
[2026-08-04T12:36:32Z] PCM reason=tick buffers=3252 samples=3121920 duration_s=65.040 inRate=48000.0 ch=2 peak=0.4363 rms=0.2185 active=true videoBuffers=0
[2026-08-04T12:36:32Z] ANCHOR sessionID=404F9F32-7C7A-4B2C-B43E-E254CFEBD2FE segmentID=0BB427BC-ED6E-46D6-9C57-9EA11C73202A position=75.531 hostTime=1785846992.313 audioPTS=430708.659 playing=true
[2026-08-04T12:36:33Z] PCM reason=tick buffers=3303 samples=3170880 duration_s=66.060 inRate=48000.0 ch=2 peak=0.4363 rms=0.2184 active=true videoBuffers=0
[2026-08-04T12:36:34Z] PCM reason=tick buffers=3353 samples=3218880 duration_s=67.060 inRate=48000.0 ch=2 peak=0.4363 rms=0.2186 active=true videoBuffers=0
[2026-08-04T12:36:34Z] ANCHOR sessionID=404F9F32-7C7A-4B2C-B43E-E254CFEBD2FE segmentID=0BB427BC-ED6E-46D6-9C57-9EA11C73202A position=77.675 hostTime=1785846994.444 audioPTS=430710.799 playing=true
[2026-08-04T12:36:35Z] PCM reason=tick buffers=3403 samples=3266880 duration_s=68.060 inRate=48000.0 ch=2 peak=0.4363 rms=0.2187 active=true videoBuffers=0
[2026-08-04T12:36:36Z] PCM reason=tick buffers=3453 samples=3314880 duration_s=69.060 inRate=48000.0 ch=2 peak=0.4363 rms=0.2189 active=true videoBuffers=0
[2026-08-04T12:36:36Z] ANCHOR sessionID=404F9F32-7C7A-4B2C-B43E-E254CFEBD2FE segmentID=0BB427BC-ED6E-46D6-9C57-9EA11C73202A position=79.694 hostTime=1785846996.445 audioPTS=430712.799 playing=true
[2026-08-04T12:36:37Z] PCM reason=tick buffers=3502 samples=3361920 duration_s=70.040 inRate=48000.0 ch=2 peak=0.4363 rms=0.2183 active=true videoBuffers=0
[2026-08-04T12:36:38Z] PCM reason=tick buffers=3553 samples=3410880 duration_s=71.060 inRate=48000.0 ch=2 peak=0.4363 rms=0.2175 active=true videoBuffers=0
[2026-08-04T12:36:38Z] ANCHOR sessionID=404F9F32-7C7A-4B2C-B43E-E254CFEBD2FE segmentID=0BB427BC-ED6E-46D6-9C57-9EA11C73202A position=81.869 hostTime=1785846998.684 audioPTS=430714.999 playing=true
[2026-08-04T12:36:39Z] PCM reason=tick buffers=3602 samples=3457920 duration_s=72.040 inRate=48000.0 ch=2 peak=0.4363 rms=0.2170 active=true videoBuffers=0
[2026-08-04T12:36:40Z] PCM reason=tick buffers=3653 samples=3506880 duration_s=73.060 inRate=48000.0 ch=2 peak=0.4363 rms=0.2161 active=true videoBuffers=0
[2026-08-04T12:36:40Z] ANCHOR sessionID=404F9F32-7C7A-4B2C-B43E-E254CFEBD2FE segmentID=0BB427BC-ED6E-46D6-9C57-9EA11C73202A position=84.114 hostTime=1785847000.847 audioPTS=430717.219 playing=true
[2026-08-04T12:36:41Z] PCM reason=tick buffers=3703 samples=3554880 duration_s=74.060 inRate=48000.0 ch=2 peak=0.4363 rms=0.2153 active=true videoBuffers=0
[2026-08-04T12:36:42Z] PCM reason=tick buffers=3752 samples=3601920 duration_s=75.040 inRate=48000.0 ch=2 peak=0.4363 rms=0.2151 active=true videoBuffers=0
[2026-08-04T12:36:42Z] S2 stop reason=autoStop
[2026-08-04T12:36:42Z] WAV ready path=/var/folders/kq/dz44fm994nz94zw2dfqnz_g00000gn/T/SpotifyLyricsCapture/s2-sessions/404F9F32-7C7A-4B2C-B43E-E254CFEBD2FE/seg-0BB427BC-mono.wav frames=1203840
[2026-08-04T12:36:42Z] TEMP sidecar path=/var/folders/kq/dz44fm994nz94zw2dfqnz_g00000gn/T/SpotifyLyricsCapture/s2-sessions/404F9F32-7C7A-4B2C-B43E-E254CFEBD2FE/seg-0BB427BC.json
[2026-08-04T12:36:42Z] SEGMENT end segmentID=0BB427BC-ED6E-46D6-9C57-9EA11C73202A sessionID=404F9F32-7C7A-4B2C-B43E-E254CFEBD2FE identity=spotify-id:7ovucf5uhtbrzupb6zomvt|metadata:アイドル| reason=autoStop posStart=10.111 posEnd=85.507 hostStart=1785846927.026 hostEnd=1785847002.265 ptsStart=430643.419 ptsEnd=430718.639 samples=3611520 buffers=3762 duration=75.240 rate=48000.0 ch=2 continuous=true pcm=/var/folders/kq/dz44fm994nz94zw2dfqnz_g00000gn/T/SpotifyLyricsCapture/s2-sessions/404F9F32-7C7A-4B2C-B43E-E254CFEBD2FE/seg-0BB427BC-mono.wav
[2026-08-04T12:36:42Z] SESSION end sessionID=404F9F32-7C7A-4B2C-B43E-E254CFEBD2FE identity=spotify-id:7ovucf5uhtbrzupb6zomvt|metadata:アイドル| reason=autoStop segments=1
[2026-08-04T12:36:42Z] TEMP session sidecar path=/var/folders/kq/dz44fm994nz94zw2dfqnz_g00000gn/T/SpotifyLyricsCapture/s2-sessions/404F9F32-7C7A-4B2C-B43E-E254CFEBD2FE/session.json
[2026-08-04T12:36:42Z] S3A held_out=enabled lines=151 (timestamps hidden from aligner)
[2026-08-04T12:36:42Z] S3A align begin session=404F9F32 segments=1
[2026-08-04T12:36:42Z] S3A locale=ja-JP reason=debug_override fallback=false
[2026-08-04T12:36:42Z] S3A speech begin segmentID=0BB427BC wav=seg-0BB427BC-mono.wav pos=10.111->85.507
[2026-08-04T12:36:43Z] PCM reason=tick buffers=3802 samples=3649920 duration_s=76.040 inRate=48000.0 ch=2 peak=0.4363 rms=0.2144 active=true videoBuffers=0
[2026-08-04T12:36:44Z] PCM reason=tick buffers=3887 samples=3731520 duration_s=77.740 inRate=48000.0 ch=2 peak=0.4363 rms=0.2134 active=true videoBuffers=0
[2026-08-04T12:36:45Z] PCM reason=tick buffers=3902 samples=3745920 duration_s=78.040 inRate=48000.0 ch=2 peak=0.4363 rms=0.2132 active=true videoBuffers=0
[2026-08-04T12:36:46Z] PCM reason=tick buffers=3952 samples=3793920 duration_s=79.040 inRate=48000.0 ch=2 peak=0.4363 rms=0.2125 active=true videoBuffers=0
[2026-08-04T12:36:47Z] PCM reason=tick buffers=4003 samples=3842880 duration_s=80.060 inRate=48000.0 ch=2 peak=0.4363 rms=0.2126 active=true videoBuffers=0
[2026-08-04T12:36:48Z] PCM reason=tick buffers=4052 samples=3889920 duration_s=81.040 inRate=48000.0 ch=2 peak=0.4363 rms=0.2121 active=true videoBuffers=0
[2026-08-04T12:36:49Z] PCM reason=tick buffers=4102 samples=3937920 duration_s=82.040 inRate=48000.0 ch=2 peak=0.4363 rms=0.2117 active=true videoBuffers=0
[2026-08-04T12:36:50Z] PCM reason=tick buffers=4152 samples=3985920 duration_s=83.040 inRate=48000.0 ch=2 peak=0.4363 rms=0.2120 active=true videoBuffers=0
[2026-08-04T12:36:50Z] S3A speech ok segmentID=0BB427BC transcriptSegments=83 audioDuration=75.240
[2026-08-04T12:36:51Z] PCM reason=tick buffers=4202 samples=4033920 duration_s=84.040 inRate=48000.0 ch=2 peak=0.4363 rms=0.2114 active=true videoBuffers=0
[2026-08-04T12:36:52Z] PCM reason=tick buffers=4252 samples=4081920 duration_s=85.040 inRate=48000.0 ch=2 peak=0.4363 rms=0.2108 active=true videoBuffers=0
[2026-08-04T12:36:55Z] PCM reason=tick buffers=4423 samples=4246080 duration_s=88.460 inRate=48000.0 ch=2 peak=0.4363 rms=0.2110 active=true videoBuffers=0
[2026-08-04T12:36:56Z] PCM reason=tick buffers=4452 samples=4273920 duration_s=89.040 inRate=48000.0 ch=2 peak=0.4363 rms=0.2110 active=true videoBuffers=0
[2026-08-04T12:36:57Z] PCM reason=tick buffers=4502 samples=4321920 duration_s=90.040 inRate=48000.0 ch=2 peak=0.4363 rms=0.2109 active=true videoBuffers=0
[2026-08-04T12:36:58Z] PCM reason=tick buffers=4552 samples=4369920 duration_s=91.040 inRate=48000.0 ch=2 peak=0.4363 rms=0.2113 active=true videoBuffers=0
[2026-08-04T12:36:58Z] S3B anchors accepted=8 rejected=39
[2026-08-04T12:36:58Z] S3B ANCHOR_OK line=7 conf=0.759 t=10.111 lyric=完璧で嘘つきな君は speech=嘘つきな君は
[2026-08-04T12:36:58Z] S3B ANCHOR_OK line=13 conf=0.800 t=13.231 lyric=今日何食べた？ speech=今日何食べた
[2026-08-04T12:36:58Z] S3B ANCHOR_OK line=14 conf=0.800 t=17.401 lyric=好きな本は？ speech=好きな本は
[2026-08-04T12:36:58Z] S3B ANCHOR_OK line=19 conf=0.800 t=19.561 lyric=何も食べてない speech=何も食べてない
[2026-08-04T12:36:58Z] S3B ANCHOR_OK line=21 conf=0.800 t=20.341 lyric=それは内緒 speech=それは内緒
[2026-08-04T12:36:58Z] S3B ANCHOR_OK line=22 conf=0.800 t=20.821 lyric=何を聞かれても speech=何を聞かれても
[2026-08-04T12:36:58Z] S3B ANCHOR_OK line=24 conf=0.800 t=21.901 lyric=のらりくらり speech=のらりくらり
[2026-08-04T12:36:58Z] S3B ANCHOR_OK line=50 conf=0.754 t=54.631 lyric=誰もが目を奪われていく speech=誰も目を奪われて
[2026-08-04T12:36:58Z] S3B ANCHOR_REJ line=13 reason=overall_confidence_below_threshold conf=0.688
[2026-08-04T12:36:58Z] S3B ANCHOR_REJ line=13 reason=overall_confidence_below_threshold conf=0.717
[2026-08-04T12:36:58Z] S3B ANCHOR_REJ line=13 reason=text_similarity_below_threshold conf=0.615
[2026-08-04T12:36:58Z] S3B ANCHOR_REJ line=13 reason=overall_confidence_below_threshold conf=0.631
[2026-08-04T12:36:58Z] S3B ANCHOR_REJ line=13 reason=text_similarity_below_threshold conf=0.590
[2026-08-04T12:36:58Z] S3B ANCHOR_REJ line=13 reason=overall_confidence_below_threshold conf=0.626
[2026-08-04T12:36:58Z] S3B ANCHOR_REJ line=14 reason=text_similarity_below_threshold conf=0.604
[2026-08-04T12:36:58Z] S3B ANCHOR_REJ line=14 reason=overall_confidence_below_threshold conf=0.702
[2026-08-04T12:36:58Z] S3B ANCHOR_REJ line=14 reason=overall_confidence_below_threshold conf=0.657
[2026-08-04T12:36:58Z] S3B ANCHOR_REJ line=14 reason=text_similarity_below_threshold conf=0.604
[2026-08-04T12:36:58Z] S3B ANCHOR_REJ line=17 reason=text_similarity_below_threshold conf=0.594
[2026-08-04T12:36:58Z] S3B ANCHOR_REJ line=19 reason=text_similarity_below_threshold conf=0.614
[2026-08-04T12:36:58Z] S3B ANCHOR_REJ line=19 reason=overall_confidence_below_threshold conf=0.652
[2026-08-04T12:36:58Z] S3B ANCHOR_REJ line=19 reason=text_similarity_below_threshold conf=0.604
[2026-08-04T12:36:58Z] S3B ANCHOR_REJ line=19 reason=text_similarity_below_threshold conf=0.614
[2026-08-04T12:36:59Z] PCM reason=tick buffers=4602 samples=4417920 duration_s=92.040 inRate=48000.0 ch=2 peak=0.4363 rms=0.2115 active=true videoBuffers=0
[2026-08-04T12:37:00Z] PCM reason=tick buffers=4652 samples=4465920 duration_s=93.040 inRate=48000.0 ch=2 peak=0.4363 rms=0.2121 active=true videoBuffers=0
[2026-08-04T12:37:00Z] S3B report json=/var/folders/kq/dz44fm994nz94zw2dfqnz_g00000gn/T/spotifylyrics-s3a-reports/partial-404F9F32.json
[2026-08-04T12:37:00Z] S3B report md=/var/folders/kq/dz44fm994nz94zw2dfqnz_g00000gn/T/spotifylyrics-s3a-reports/partial-404F9F32.md
[2026-08-04T12:37:00Z] S3A coverage=0.331 resolved=45 low=5 unresolved=13
[2026-08-04T12:37:00Z] S3B coverage=0.132 resolved=16 low=4 unresolved=44 anchors=8 constrained=true judgment=C_insufficient_reliable_anchors
[2026-08-04T12:37:00Z] S3B judgment=C_insufficient_reliable_anchors constrained=true anchors=8/rej=39 fallback=none
[2026-08-04T12:37:00Z] S3B AB s3a_cov=0.331 s3b_cov=0.132 s3a_res=45 s3b_res=16
[2026-08-04T12:37:00Z] SPIKE stop reason=s2-autoStop
[2026-08-04T12:37:00Z] PCM reason=final buffers=4663 samples=4476480 duration_s=93.260 inRate=48000.0 ch=2 peak=0.4363 rms=0.2122 active=true videoBuffers=0
[2026-08-04T12:37:00Z] STREAM stopCapture ok reason=s2-autoStop
[2026-08-04T12:37:00Z] TEMP cleanup path=/var/folders/kq/dz44fm994nz94zw2dfqnz_g00000gn/T/SpotifyLyricsCapture/E982CDE4-718F-4279-8E11-E5BC9B0E01D5 exists_after=false
[2026-08-04T12:37:00Z] TEMP scavenge removed=s2-sessions
[2026-08-04T12:37:00Z] SPIKE stopped idle
[2026-08-04T12:37:00Z] CLEANUP sessionDir=/var/folders/kq/dz44fm994nz94zw2dfqnz_g00000gn/T/SpotifyLyricsCapture/s2-sessions/404F9F32-7C7A-4B2C-B43E-E254CFEBD2FE exists_after=false
[2026-08-04T12:37:00Z] S2 stopped idle sessions=1
[2026-08-04T12:37:00Z] SUMMARY sessions=1
[2026-08-04T12:37:00Z] SUMMARY_SESSION id=404F9F32 identity=spotify-id:7ovucf5uhtbrzupb6zomvt|metadata:アイドル| terminal=autoStop segments=1
[2026-08-04T12:37:00Z] SUMMARY_SEG i=0 id=0BB427BC start=initial end=autoStop pos=10.111->85.507 dur=75.240 samples=3611520
