[2026-08-04T12:32:29Z] LOG_RESET
[2026-08-04T12:32:29Z] PlaybackState init providers=Local LRC,LRCLIB,NetEase Experimental,QQ Music Experimental
[2026-08-04T12:32:29Z] ACCEPTANCE control polling path=/tmp/spotifylyrics-s3b-control.txt
[2026-08-04T12:32:30Z] ACCEPTANCE control apply payload=experimental | retry
[2026-08-04T12:32:30Z] Lyrics providers for mode=lyricsSourceMode.experimentalFree.v1: Local LRC,LRCLIB,NetEase Experimental,QQ Music Experimental
[2026-08-04T12:32:30Z] MANAGER providers updated=Local LRC,LRCLIB,NetEase Experimental,QQ Music Experimental
[2026-08-04T12:32:30Z] MANAGER providers updated=Local LRC,LRCLIB,NetEase Experimental,QQ Music Experimental
[2026-08-04T12:32:30Z] Lyrics providers for mode=lyricsSourceMode.experimentalFree.v1: Local LRC,LRCLIB,NetEase Experimental,QQ Music Experimental
[2026-08-04T12:32:30Z] MANAGER providers updated=Local LRC,LRCLIB,NetEase Experimental,QQ Music Experimental
[2026-08-04T12:32:30Z] MANAGER providers updated=Local LRC,LRCLIB,NetEase Experimental,QQ Music Experimental
[2026-08-04T12:32:30Z] ACCEPTANCE control mode=lyricsSourceMode.experimentalFree.v1
[2026-08-04T12:32:30Z] ACCEPTANCE control retry done identity= posBefore=0.0 posAfter=0.0
[2026-08-04T12:32:30Z] PERSISTENCE startup ready
[2026-08-04T12:32:30Z] SESSION clear
[2026-08-04T12:32:30Z] Playback trackChange identity=spotify-id:0662h3g9lgdt2vipzypzxm|metadata:夜の合図|kawasakirio|夜の合図|171 title=夜の合図 artist=Kawasaki.Rio duration=170.72
[2026-08-04T12:32:30Z] SESSION begin rev=3 identity=spotify-id:0662h3g9lgdt2vipzypzxm|metadata:夜の合図|kawasakirio|夜の合図|171 title=夜の合図 artist=Kawasaki.Rio duration=170.72 spotifyId=spotify:track:0662H3g9lGdt2ViPzYPzxm
[2026-08-04T12:32:30Z] SESSION persistence miss rev=3 identity=spotify-id:0662h3g9lgdt2vipzypzxm|metadata:夜の合図|kawasakirio|夜の合図|171
[2026-08-04T12:32:30Z] MANAGER start title=夜の合図 artist=Kawasaki.Rio variants=3 providers=["Local LRC", "LRCLIB", "NetEase Experimental", "QQ Music Experimental"] queryOverride=
[2026-08-04T12:32:33Z] QQ best mid-candidate title=夜の合図 artist=Kawasaki.Rio conf=1.0 lines=32 sync=false
[2026-08-04T12:32:33Z] QQ MATCH lines=32 conf=1.0 first=ねえ　忘れたいのに　また君を探す
[2026-08-04T12:32:34Z] MANAGER AUTO_ADOPT provider=QQ Music Experimental strategy=primaryOriginal kind=exactTitleFullArtist tier=autoHigh score=0.7999999999999999 evidence=titleExact +0.30;primaryArtistExact +0.30;durationClose +0.12;albumExact +0.08 lines=32 sync=false
[2026-08-04T12:32:34Z] SESSION search finished rev=3 result=match(qqExperimental,lines=32,sync=false) diag=4
[2026-08-04T12:32:34Z]   DIAG Local LRC@primaryOriginal noMatch 0.02s
[2026-08-04T12:32:34Z]   DIAG LRCLIB@primaryOriginal noMatch 1.55s
[2026-08-04T12:32:34Z]   DIAG NetEase Experimental@primaryOriginal noMatch 0.76s
[2026-08-04T12:32:34Z]   DIAG QQ Music Experimental@primaryOriginal match 1.15s
[2026-08-04T12:32:34Z] SESSION apply alignmentQueued source=qqExperimental lines=32 first=ねえ　忘れたいのに　また君を探す
[2026-08-04T12:32:34Z] SESSION persistence save rev=3 disposition=Optional(SpotifyLyrics.LyricsPersistenceSaveDisposition.inserted) lines=32
