[2026-08-04T12:32:32Z] LOG_RESET
[2026-08-04T12:32:32Z] SPIKE start formal_db_opened=NO (spike never opens SQLite)
[2026-08-04T12:32:32Z] SPIKE policy=spotify-app-audio-only no-mic no-screen-save no-asr no-align
[2026-08-04T12:32:32Z] DISCOVER related=1 primary=1 captureTargets=1
[2026-08-04T12:32:32Z] DISCOVER_APP pid=18752 bundle=com.spotify.client name=Spotify captureTarget=true
[2026-08-04T12:32:32Z] STREAM configured capturesAudio=1 screenOutput=0 mic=0 sampleRate=48000 channels=2
[2026-08-04T12:32:32Z] TEMP dir=/var/folders/kq/dz44fm994nz94zw2dfqnz_g00000gn/T/SpotifyLyricsCapture/1583CB43-4E79-49A6-B645-9C7509BEA9DF (marker only; no audio files)
[2026-08-04T12:32:32Z] STREAM started
[2026-08-04T12:32:32Z] SESSION start sessionID=FCE4FF7E-802B-4758-AB41-4A47FE7DB6B1 identity=spotify-id:0662h3g9lgdt2vipzypzxm|metadata:夜の合図| duration=170.720 source=screenCaptureKit.spotifyAudio.v1 reason=initial
[2026-08-04T12:32:32Z] SEGMENT start segmentID=FBEDD18E-09ED-46CB-AEE5-3C5850AFE98B sessionID=FCE4FF7E-802B-4758-AB41-4A47FE7DB6B1 identity=spotify-id:0662h3g9lgdt2vipzypzxm|metadata:夜の合図| reason=initial position=44.908 hostTime=1785846752.526 continuityID=E0881306-2C92-4A45-A1AC-A67B018F7022 wav=seg-FBEDD18E-mono.wav
[2026-08-04T12:32:32Z] ANCHOR sessionID=FCE4FF7E-802B-4758-AB41-4A47FE7DB6B1 segmentID=FBEDD18E-09ED-46CB-AEE5-3C5850AFE98B position=44.908 hostTime=1785846752.527 audioPTS=-1.000 playing=true
[2026-08-04T12:32:33Z] PCM reason=tick buffers=0 samples=0 duration_s=0.000 inRate=0.0 ch=0 peak=0.0000 rms=0.0000 active=false videoBuffers=0
[2026-08-04T12:32:34Z] PCM reason=tick buffers=0 samples=0 duration_s=0.000 inRate=0.0 ch=0 peak=0.0000 rms=0.0000 active=false videoBuffers=0
[2026-08-04T12:32:34Z] ANCHOR sessionID=FCE4FF7E-802B-4758-AB41-4A47FE7DB6B1 segmentID=FBEDD18E-09ED-46CB-AEE5-3C5850AFE98B position=47.118 hostTime=1785846754.569 audioPTS=-1.000 playing=true
[2026-08-04T12:32:35Z] PCM reason=tick buffers=98 samples=94080 duration_s=1.960 inRate=48000.0 ch=2 peak=0.7189 rms=0.2113 active=true videoBuffers=0
[2026-08-04T12:32:36Z] PCM reason=tick buffers=148 samples=142080 duration_s=2.960 inRate=48000.0 ch=2 peak=0.7189 rms=0.2007 active=true videoBuffers=0
[2026-08-04T12:32:36Z] ANCHOR sessionID=FCE4FF7E-802B-4758-AB41-4A47FE7DB6B1 segmentID=FBEDD18E-09ED-46CB-AEE5-3C5850AFE98B position=49.151 hostTime=1785846756.579 audioPTS=430472.933 playing=true
[2026-08-04T12:32:38Z] PCM reason=tick buffers=261 samples=250560 duration_s=5.220 inRate=48000.0 ch=2 peak=0.7189 rms=0.2093 active=true videoBuffers=0
[2026-08-04T12:32:38Z] WAV ready path=/var/folders/kq/dz44fm994nz94zw2dfqnz_g00000gn/T/SpotifyLyricsCapture/s2-sessions/FCE4FF7E-802B-4758-AB41-4A47FE7DB6B1/seg-FBEDD18E-mono.wav frames=83520
[2026-08-04T12:32:38Z] TEMP sidecar path=/var/folders/kq/dz44fm994nz94zw2dfqnz_g00000gn/T/SpotifyLyricsCapture/s2-sessions/FCE4FF7E-802B-4758-AB41-4A47FE7DB6B1/seg-FBEDD18E.json
[2026-08-04T12:32:38Z] SEGMENT end segmentID=FBEDD18E-09ED-46CB-AEE5-3C5850AFE98B sessionID=FCE4FF7E-802B-4758-AB41-4A47FE7DB6B1 identity=spotify-id:0662h3g9lgdt2vipzypzxm|metadata:夜の合図| reason=seekForward posStart=44.908 posEnd=49.551 hostStart=1785846752.526 hostEnd=1785846758.825 ptsStart=430468.893 ptsEnd=430475.173 samples=250560 buffers=261 duration=5.220 rate=48000.0 ch=2 continuous=false pcm=/var/folders/kq/dz44fm994nz94zw2dfqnz_g00000gn/T/SpotifyLyricsCapture/s2-sessions/FCE4FF7E-802B-4758-AB41-4A47FE7DB6B1/seg-FBEDD18E-mono.wav
[2026-08-04T12:32:38Z] SEGMENT start segmentID=D71F2CBB-6DA0-4697-AC90-C2BA56F7BD5E sessionID=FCE4FF7E-802B-4758-AB41-4A47FE7DB6B1 identity=spotify-id:0662h3g9lgdt2vipzypzxm|metadata:夜の合図| reason=seekForward position=51.379 hostTime=1785846758.825 continuityID=73015AB0-B053-4D7F-A1DD-29CD7B24B189 wav=seg-D71F2CBB-mono.wav
[2026-08-04T12:32:38Z] S2 SEEK reason=seekForward from=49.551 to=51.379 expected=51.397 jump=1.828 drift=-0.018
[2026-08-04T12:32:38Z] ANCHOR sessionID=FCE4FF7E-802B-4758-AB41-4A47FE7DB6B1 segmentID=D71F2CBB-6DA0-4697-AC90-C2BA56F7BD5E position=51.551 hostTime=1785846758.970 audioPTS=430475.353 playing=true
[2026-08-04T12:32:39Z] PCM reason=tick buffers=298 samples=286080 duration_s=5.960 inRate=48000.0 ch=2 peak=0.7913 rms=0.2243 active=true videoBuffers=0
[2026-08-04T12:32:40Z] PCM reason=tick buffers=348 samples=334080 duration_s=6.960 inRate=48000.0 ch=2 peak=0.7981 rms=0.2326 active=true videoBuffers=0
[2026-08-04T12:32:40Z] ANCHOR sessionID=FCE4FF7E-802B-4758-AB41-4A47FE7DB6B1 segmentID=D71F2CBB-6DA0-4697-AC90-C2BA56F7BD5E position=53.533 hostTime=1785846760.981 audioPTS=430477.353 playing=true
[2026-08-04T12:32:41Z] PCM reason=tick buffers=398 samples=382080 duration_s=7.960 inRate=48000.0 ch=2 peak=0.7981 rms=0.2401 active=true videoBuffers=0
[2026-08-04T12:32:42Z] PCM reason=tick buffers=447 samples=429120 duration_s=8.940 inRate=48000.0 ch=2 peak=0.7981 rms=0.2432 active=true videoBuffers=0
[2026-08-04T12:32:42Z] ANCHOR sessionID=FCE4FF7E-802B-4758-AB41-4A47FE7DB6B1 segmentID=D71F2CBB-6DA0-4697-AC90-C2BA56F7BD5E position=55.516 hostTime=1785846762.982 audioPTS=430479.353 playing=true
[2026-08-04T12:32:43Z] PCM reason=tick buffers=498 samples=478080 duration_s=9.960 inRate=48000.0 ch=2 peak=0.7981 rms=0.2427 active=true videoBuffers=0
[2026-08-04T12:32:44Z] PCM reason=tick buffers=548 samples=526080 duration_s=10.960 inRate=48000.0 ch=2 peak=0.7981 rms=0.2496 active=true videoBuffers=0
[2026-08-04T12:32:45Z] ANCHOR sessionID=FCE4FF7E-802B-4758-AB41-4A47FE7DB6B1 segmentID=D71F2CBB-6DA0-4697-AC90-C2BA56F7BD5E position=57.749 hostTime=1785846765.179 audioPTS=430481.533 playing=true
[2026-08-04T12:32:45Z] PCM reason=tick buffers=597 samples=573120 duration_s=11.940 inRate=48000.0 ch=2 peak=0.7981 rms=0.2519 active=true videoBuffers=0
[2026-08-04T12:32:46Z] PCM reason=tick buffers=647 samples=621120 duration_s=12.940 inRate=48000.0 ch=2 peak=0.7981 rms=0.2509 active=true videoBuffers=0
[2026-08-04T12:32:47Z] ANCHOR sessionID=FCE4FF7E-802B-4758-AB41-4A47FE7DB6B1 segmentID=D71F2CBB-6DA0-4697-AC90-C2BA56F7BD5E position=59.954 hostTime=1785846767.381 audioPTS=430483.753 playing=true
[2026-08-04T12:32:47Z] PCM reason=tick buffers=698 samples=670080 duration_s=13.960 inRate=48000.0 ch=2 peak=0.7981 rms=0.2531 active=true videoBuffers=0
[2026-08-04T12:32:48Z] PCM reason=tick buffers=748 samples=718080 duration_s=14.960 inRate=48000.0 ch=2 peak=0.7981 rms=0.2541 active=true videoBuffers=0
[2026-08-04T12:32:49Z] PCM reason=tick buffers=797 samples=765120 duration_s=15.940 inRate=48000.0 ch=2 peak=0.7981 rms=0.2552 active=true videoBuffers=0
[2026-08-04T12:32:49Z] ANCHOR sessionID=FCE4FF7E-802B-4758-AB41-4A47FE7DB6B1 segmentID=D71F2CBB-6DA0-4697-AC90-C2BA56F7BD5E position=62.122 hostTime=1785846769.579 audioPTS=430485.933 playing=true
[2026-08-04T12:32:50Z] PCM reason=tick buffers=847 samples=813120 duration_s=16.940 inRate=48000.0 ch=2 peak=0.7981 rms=0.2579 active=true videoBuffers=0
[2026-08-04T12:32:51Z] PCM reason=tick buffers=898 samples=862080 duration_s=17.960 inRate=48000.0 ch=2 peak=0.7981 rms=0.2596 active=true videoBuffers=0
[2026-08-04T12:32:51Z] ANCHOR sessionID=FCE4FF7E-802B-4758-AB41-4A47FE7DB6B1 segmentID=D71F2CBB-6DA0-4697-AC90-C2BA56F7BD5E position=64.144 hostTime=1785846771.585 audioPTS=430487.933 playing=true
[2026-08-04T12:32:52Z] PCM reason=tick buffers=948 samples=910080 duration_s=18.960 inRate=48000.0 ch=2 peak=0.7981 rms=0.2595 active=true videoBuffers=0
[2026-08-04T12:32:53Z] PCM reason=tick buffers=997 samples=957120 duration_s=19.940 inRate=48000.0 ch=2 peak=0.7981 rms=0.2586 active=true videoBuffers=0
[2026-08-04T12:32:53Z] ANCHOR sessionID=FCE4FF7E-802B-4758-AB41-4A47FE7DB6B1 segmentID=D71F2CBB-6DA0-4697-AC90-C2BA56F7BD5E position=66.237 hostTime=1785846773.781 audioPTS=430490.153 playing=true
[2026-08-04T12:32:54Z] PCM reason=tick buffers=1047 samples=1005120 duration_s=20.940 inRate=48000.0 ch=2 peak=0.7981 rms=0.2608 active=true videoBuffers=0
[2026-08-04T12:32:55Z] PCM reason=tick buffers=1098 samples=1054080 duration_s=21.960 inRate=48000.0 ch=2 peak=0.7981 rms=0.2647 active=true videoBuffers=0
[2026-08-04T12:32:55Z] ANCHOR sessionID=FCE4FF7E-802B-4758-AB41-4A47FE7DB6B1 segmentID=D71F2CBB-6DA0-4697-AC90-C2BA56F7BD5E position=68.437 hostTime=1785846775.863 audioPTS=430492.233 playing=true
[2026-08-04T12:32:56Z] PCM reason=tick buffers=1148 samples=1102080 duration_s=22.960 inRate=48000.0 ch=2 peak=0.7981 rms=0.2677 active=true videoBuffers=0
[2026-08-04T12:32:57Z] PCM reason=tick buffers=1197 samples=1149120 duration_s=23.940 inRate=48000.0 ch=2 peak=0.7981 rms=0.2678 active=true videoBuffers=0
[2026-08-04T12:32:57Z] ANCHOR sessionID=FCE4FF7E-802B-4758-AB41-4A47FE7DB6B1 segmentID=D71F2CBB-6DA0-4697-AC90-C2BA56F7BD5E position=70.543 hostTime=1785846777.981 audioPTS=430494.353 playing=true
[2026-08-04T12:32:58Z] PCM reason=tick buffers=1247 samples=1197120 duration_s=24.940 inRate=48000.0 ch=2 peak=0.7981 rms=0.2677 active=true videoBuffers=0
[2026-08-04T12:32:59Z] PCM reason=tick buffers=1298 samples=1246080 duration_s=25.960 inRate=48000.0 ch=2 peak=0.7981 rms=0.2672 active=true videoBuffers=0
[2026-08-04T12:33:00Z] ANCHOR sessionID=FCE4FF7E-802B-4758-AB41-4A47FE7DB6B1 segmentID=D71F2CBB-6DA0-4697-AC90-C2BA56F7BD5E position=72.731 hostTime=1785846780.179 audioPTS=430496.553 playing=true
[2026-08-04T12:33:00Z] PCM reason=tick buffers=1348 samples=1294080 duration_s=26.960 inRate=48000.0 ch=2 peak=0.7981 rms=0.2682 active=true videoBuffers=0
[2026-08-04T12:33:01Z] PCM reason=tick buffers=1397 samples=1341120 duration_s=27.940 inRate=48000.0 ch=2 peak=0.7981 rms=0.2650 active=true videoBuffers=0
[2026-08-04T12:33:02Z] ANCHOR sessionID=FCE4FF7E-802B-4758-AB41-4A47FE7DB6B1 segmentID=D71F2CBB-6DA0-4697-AC90-C2BA56F7BD5E position=74.754 hostTime=1785846782.183 audioPTS=430498.533 playing=true
[2026-08-04T12:33:02Z] PCM reason=tick buffers=1447 samples=1389120 duration_s=28.940 inRate=48000.0 ch=2 peak=0.7981 rms=0.2614 active=true videoBuffers=0
[2026-08-04T12:33:03Z] PCM reason=tick buffers=1498 samples=1438080 duration_s=29.960 inRate=48000.0 ch=2 peak=0.7981 rms=0.2578 active=true videoBuffers=0
[2026-08-04T12:33:04Z] ANCHOR sessionID=FCE4FF7E-802B-4758-AB41-4A47FE7DB6B1 segmentID=D71F2CBB-6DA0-4697-AC90-C2BA56F7BD5E position=76.925 hostTime=1785846784.385 audioPTS=430500.753 playing=true
[2026-08-04T12:33:04Z] PCM reason=tick buffers=1548 samples=1486080 duration_s=30.960 inRate=48000.0 ch=2 peak=0.7981 rms=0.2541 active=true videoBuffers=0
[2026-08-04T12:33:05Z] PCM reason=tick buffers=1597 samples=1533120 duration_s=31.940 inRate=48000.0 ch=2 peak=0.7981 rms=0.2512 active=true videoBuffers=0
[2026-08-04T12:33:06Z] PCM reason=tick buffers=1647 samples=1581120 duration_s=32.940 inRate=48000.0 ch=2 peak=0.7981 rms=0.2481 active=true videoBuffers=0
[2026-08-04T12:33:06Z] ANCHOR sessionID=FCE4FF7E-802B-4758-AB41-4A47FE7DB6B1 segmentID=D71F2CBB-6DA0-4697-AC90-C2BA56F7BD5E position=79.134 hostTime=1785846786.581 audioPTS=430502.933 playing=true
[2026-08-04T12:33:07Z] PCM reason=tick buffers=1698 samples=1630080 duration_s=33.960 inRate=48000.0 ch=2 peak=0.7981 rms=0.2449 active=true videoBuffers=0
[2026-08-04T12:33:08Z] PCM reason=tick buffers=1748 samples=1678080 duration_s=34.960 inRate=48000.0 ch=2 peak=0.7981 rms=0.2419 active=true videoBuffers=0
[2026-08-04T12:33:08Z] ANCHOR sessionID=FCE4FF7E-802B-4758-AB41-4A47FE7DB6B1 segmentID=D71F2CBB-6DA0-4697-AC90-C2BA56F7BD5E position=81.318 hostTime=1785846788.781 audioPTS=430505.153 playing=true
[2026-08-04T12:33:09Z] PCM reason=tick buffers=1798 samples=1726080 duration_s=35.960 inRate=48000.0 ch=2 peak=0.7981 rms=0.2392 active=true videoBuffers=0
[2026-08-04T12:33:10Z] PCM reason=tick buffers=1847 samples=1773120 duration_s=36.940 inRate=48000.0 ch=2 peak=0.7981 rms=0.2363 active=true videoBuffers=0
[2026-08-04T12:33:10Z] ANCHOR sessionID=FCE4FF7E-802B-4758-AB41-4A47FE7DB6B1 segmentID=D71F2CBB-6DA0-4697-AC90-C2BA56F7BD5E position=83.320 hostTime=1785846790.781 audioPTS=430507.133 playing=true
[2026-08-04T12:33:11Z] PCM reason=tick buffers=1898 samples=1822080 duration_s=37.960 inRate=48000.0 ch=2 peak=0.7981 rms=0.2335 active=true videoBuffers=0
[2026-08-04T12:33:12Z] PCM reason=tick buffers=1948 samples=1870080 duration_s=38.960 inRate=48000.0 ch=2 peak=0.7981 rms=0.2308 active=true videoBuffers=0
[2026-08-04T12:33:12Z] ANCHOR sessionID=FCE4FF7E-802B-4758-AB41-4A47FE7DB6B1 segmentID=D71F2CBB-6DA0-4697-AC90-C2BA56F7BD5E position=85.549 hostTime=1785846792.981 audioPTS=430509.353 playing=true
[2026-08-04T12:33:13Z] PCM reason=tick buffers=1997 samples=1917120 duration_s=39.940 inRate=48000.0 ch=2 peak=0.7981 rms=0.2289 active=true videoBuffers=0
[2026-08-04T12:33:14Z] PCM reason=tick buffers=2047 samples=1965120 duration_s=40.940 inRate=48000.0 ch=2 peak=0.7981 rms=0.2280 active=true videoBuffers=0
[2026-08-04T12:33:15Z] ANCHOR sessionID=FCE4FF7E-802B-4758-AB41-4A47FE7DB6B1 segmentID=D71F2CBB-6DA0-4697-AC90-C2BA56F7BD5E position=87.676 hostTime=1785846795.099 audioPTS=430511.473 playing=true
[2026-08-04T12:33:15Z] PCM reason=tick buffers=2098 samples=2014080 duration_s=41.960 inRate=48000.0 ch=2 peak=0.7981 rms=0.2271 active=true videoBuffers=0
[2026-08-04T12:33:16Z] PCM reason=tick buffers=2148 samples=2062080 duration_s=42.960 inRate=48000.0 ch=2 peak=0.7981 rms=0.2267 active=true videoBuffers=0
[2026-08-04T12:33:17Z] ANCHOR sessionID=FCE4FF7E-802B-4758-AB41-4A47FE7DB6B1 segmentID=D71F2CBB-6DA0-4697-AC90-C2BA56F7BD5E position=89.744 hostTime=1785846797.180 audioPTS=430513.533 playing=true
[2026-08-04T12:33:17Z] PCM reason=tick buffers=2198 samples=2110080 duration_s=43.960 inRate=48000.0 ch=2 peak=0.7981 rms=0.2252 active=true videoBuffers=0
[2026-08-04T12:33:18Z] PCM reason=tick buffers=2247 samples=2157120 duration_s=44.940 inRate=48000.0 ch=2 peak=0.7981 rms=0.2250 active=true videoBuffers=0
[2026-08-04T12:33:19Z] ANCHOR sessionID=FCE4FF7E-802B-4758-AB41-4A47FE7DB6B1 segmentID=D71F2CBB-6DA0-4697-AC90-C2BA56F7BD5E position=91.906 hostTime=1785846799.379 audioPTS=430515.753 playing=true
[2026-08-04T12:33:19Z] PCM reason=tick buffers=2298 samples=2206080 duration_s=45.960 inRate=48000.0 ch=2 peak=0.7981 rms=0.2252 active=true videoBuffers=0
[2026-08-04T12:33:20Z] PCM reason=tick buffers=2348 samples=2254080 duration_s=46.960 inRate=48000.0 ch=2 peak=0.7981 rms=0.2237 active=true videoBuffers=0
[2026-08-04T12:33:21Z] ANCHOR sessionID=FCE4FF7E-802B-4758-AB41-4A47FE7DB6B1 segmentID=D71F2CBB-6DA0-4697-AC90-C2BA56F7BD5E position=93.927 hostTime=1785846801.380 audioPTS=430517.753 playing=true
[2026-08-04T12:33:21Z] PCM reason=tick buffers=2398 samples=2302080 duration_s=47.960 inRate=48000.0 ch=2 peak=0.7981 rms=0.2233 active=true videoBuffers=0
[2026-08-04T12:33:22Z] PCM reason=tick buffers=2447 samples=2349120 duration_s=48.940 inRate=48000.0 ch=2 peak=0.7981 rms=0.2230 active=true videoBuffers=0
[2026-08-04T12:33:22Z] S2 stop reason=autoStop
[2026-08-04T12:33:22Z] WAV ready path=/var/folders/kq/dz44fm994nz94zw2dfqnz_g00000gn/T/SpotifyLyricsCapture/s2-sessions/FCE4FF7E-802B-4758-AB41-4A47FE7DB6B1/seg-D71F2CBB-mono.wav frames=701440
[2026-08-04T12:33:22Z] TEMP sidecar path=/var/folders/kq/dz44fm994nz94zw2dfqnz_g00000gn/T/SpotifyLyricsCapture/s2-sessions/FCE4FF7E-802B-4758-AB41-4A47FE7DB6B1/seg-D71F2CBB.json
[2026-08-04T12:33:22Z] SEGMENT end segmentID=D71F2CBB-6DA0-4697-AC90-C2BA56F7BD5E sessionID=FCE4FF7E-802B-4758-AB41-4A47FE7DB6B1 identity=spotify-id:0662h3g9lgdt2vipzypzxm|metadata:夜の合図| reason=autoStop posStart=51.379 posEnd=95.111 hostStart=1785846758.825 hostEnd=1785846802.618 ptsStart=430475.193 ptsEnd=430519.013 samples=2104320 buffers=2192 duration=43.840 rate=48000.0 ch=2 continuous=true pcm=/var/folders/kq/dz44fm994nz94zw2dfqnz_g00000gn/T/SpotifyLyricsCapture/s2-sessions/FCE4FF7E-802B-4758-AB41-4A47FE7DB6B1/seg-D71F2CBB-mono.wav
[2026-08-04T12:33:22Z] SESSION end sessionID=FCE4FF7E-802B-4758-AB41-4A47FE7DB6B1 identity=spotify-id:0662h3g9lgdt2vipzypzxm|metadata:夜の合図| reason=autoStop segments=2
[2026-08-04T12:33:22Z] TEMP session sidecar path=/var/folders/kq/dz44fm994nz94zw2dfqnz_g00000gn/T/SpotifyLyricsCapture/s2-sessions/FCE4FF7E-802B-4758-AB41-4A47FE7DB6B1/session.json
[2026-08-04T12:33:22Z] S3A held_out=disabled plain_or_unsynced
[2026-08-04T12:33:22Z] S3A align begin session=FCE4FF7E segments=2
[2026-08-04T12:33:22Z] S3A locale=ja-JP reason=debug_override fallback=false
[2026-08-04T12:33:22Z] S3A speech begin segmentID=FBEDD18E wav=seg-FBEDD18E-mono.wav pos=44.908->49.551
[2026-08-04T12:33:23Z] PCM reason=tick buffers=2498 samples=2398080 duration_s=49.960 inRate=48000.0 ch=2 peak=0.7981 rms=0.2216 active=true videoBuffers=0
[2026-08-04T12:33:24Z] PCM reason=tick buffers=2548 samples=2446080 duration_s=50.960 inRate=48000.0 ch=2 peak=0.8243 rms=0.2215 active=true videoBuffers=0
[2026-08-04T12:33:25Z] PCM reason=tick buffers=2597 samples=2493120 duration_s=51.940 inRate=48000.0 ch=2 peak=0.8243 rms=0.2227 active=true videoBuffers=0
[2026-08-04T12:33:26Z] PCM reason=tick buffers=2647 samples=2541120 duration_s=52.940 inRate=48000.0 ch=2 peak=0.8243 rms=0.2222 active=true videoBuffers=0
[2026-08-04T12:33:27Z] PCM reason=tick buffers=2698 samples=2590080 duration_s=53.960 inRate=48000.0 ch=2 peak=0.8243 rms=0.2227 active=true videoBuffers=0
[2026-08-04T12:33:28Z] PCM reason=tick buffers=2748 samples=2638080 duration_s=54.960 inRate=48000.0 ch=2 peak=0.8243 rms=0.2244 active=true videoBuffers=0
[2026-08-04T12:33:29Z] PCM reason=tick buffers=2798 samples=2686080 duration_s=55.960 inRate=48000.0 ch=2 peak=0.8243 rms=0.2241 active=true videoBuffers=0
[2026-08-04T12:33:30Z] PCM reason=tick buffers=2847 samples=2733120 duration_s=56.940 inRate=48000.0 ch=2 peak=0.8243 rms=0.2258 active=true videoBuffers=0
[2026-08-04T12:33:31Z] PCM reason=tick buffers=2898 samples=2782080 duration_s=57.960 inRate=48000.0 ch=2 peak=0.8243 rms=0.2275 active=true videoBuffers=0
[2026-08-04T12:33:32Z] PCM reason=tick buffers=2948 samples=2830080 duration_s=58.960 inRate=48000.0 ch=2 peak=0.8243 rms=0.2275 active=true videoBuffers=0
[2026-08-04T12:33:33Z] PCM reason=tick buffers=2997 samples=2877120 duration_s=59.940 inRate=48000.0 ch=2 peak=0.8243 rms=0.2275 active=true videoBuffers=0
[2026-08-04T12:33:34Z] PCM reason=tick buffers=3047 samples=2925120 duration_s=60.940 inRate=48000.0 ch=2 peak=0.8243 rms=0.2287 active=true videoBuffers=0
[2026-08-04T12:33:35Z] PCM reason=tick buffers=3098 samples=2974080 duration_s=61.960 inRate=48000.0 ch=2 peak=0.8243 rms=0.2294 active=true videoBuffers=0
[2026-08-04T12:33:36Z] PCM reason=tick buffers=3148 samples=3022080 duration_s=62.960 inRate=48000.0 ch=2 peak=0.8243 rms=0.2289 active=true videoBuffers=0
[2026-08-04T12:33:37Z] PCM reason=tick buffers=3197 samples=3069120 duration_s=63.940 inRate=48000.0 ch=2 peak=0.8243 rms=0.2272 active=true videoBuffers=0
[2026-08-04T12:33:38Z] PCM reason=tick buffers=3247 samples=3117120 duration_s=64.940 inRate=48000.0 ch=2 peak=0.8243 rms=0.2255 active=true videoBuffers=0
[2026-08-04T12:33:39Z] PCM reason=tick buffers=3298 samples=3166080 duration_s=65.960 inRate=48000.0 ch=2 peak=0.8243 rms=0.2261 active=true videoBuffers=0
[2026-08-04T12:33:40Z] PCM reason=tick buffers=3348 samples=3214080 duration_s=66.960 inRate=48000.0 ch=2 peak=0.8243 rms=0.2269 active=true videoBuffers=0
[2026-08-04T12:33:41Z] PCM reason=tick buffers=3398 samples=3262080 duration_s=67.960 inRate=48000.0 ch=2 peak=0.8243 rms=0.2284 active=true videoBuffers=0
[2026-08-04T12:33:42Z] PCM reason=tick buffers=3447 samples=3309120 duration_s=68.940 inRate=48000.0 ch=2 peak=0.8243 rms=0.2297 active=true videoBuffers=0
[2026-08-04T12:33:43Z] PCM reason=tick buffers=3498 samples=3358080 duration_s=69.960 inRate=48000.0 ch=2 peak=0.8243 rms=0.2311 active=true videoBuffers=0
[2026-08-04T12:33:44Z] PCM reason=tick buffers=3548 samples=3406080 duration_s=70.960 inRate=48000.0 ch=2 peak=0.8243 rms=0.2336 active=true videoBuffers=0
[2026-08-04T12:33:45Z] PCM reason=tick buffers=3598 samples=3454080 duration_s=71.960 inRate=48000.0 ch=2 peak=0.8243 rms=0.2351 active=true videoBuffers=0
[2026-08-04T12:33:46Z] PCM reason=tick buffers=3647 samples=3501120 duration_s=72.940 inRate=48000.0 ch=2 peak=0.8243 rms=0.2365 active=true videoBuffers=0
[2026-08-04T12:33:47Z] PCM reason=tick buffers=3698 samples=3550080 duration_s=73.960 inRate=48000.0 ch=2 peak=0.8243 rms=0.2378 active=true videoBuffers=0
[2026-08-04T12:33:48Z] PCM reason=tick buffers=3748 samples=3598080 duration_s=74.960 inRate=48000.0 ch=2 peak=0.8243 rms=0.2391 active=true videoBuffers=0
[2026-08-04T12:33:49Z] PCM reason=tick buffers=3797 samples=3645120 duration_s=75.940 inRate=48000.0 ch=2 peak=0.8243 rms=0.2399 active=true videoBuffers=0
[2026-08-04T12:33:50Z] PCM reason=tick buffers=3847 samples=3693120 duration_s=76.940 inRate=48000.0 ch=2 peak=0.8243 rms=0.2413 active=true videoBuffers=0
[2026-08-04T12:33:51Z] PCM reason=tick buffers=3898 samples=3742080 duration_s=77.960 inRate=48000.0 ch=2 peak=0.8243 rms=0.2421 active=true videoBuffers=0
[2026-08-04T12:33:52Z] PCM reason=tick buffers=3948 samples=3790080 duration_s=78.960 inRate=48000.0 ch=2 peak=0.8243 rms=0.2427 active=true videoBuffers=0
[2026-08-04T12:33:53Z] PCM reason=tick buffers=3998 samples=3838080 duration_s=79.960 inRate=48000.0 ch=2 peak=0.8243 rms=0.2430 active=true videoBuffers=0
[2026-08-04T12:33:54Z] PCM reason=tick buffers=4047 samples=3885120 duration_s=80.940 inRate=48000.0 ch=2 peak=0.8243 rms=0.2436 active=true videoBuffers=0
[2026-08-04T12:33:55Z] PCM reason=tick buffers=4098 samples=3934080 duration_s=81.960 inRate=48000.0 ch=2 peak=0.8243 rms=0.2449 active=true videoBuffers=0
[2026-08-04T12:33:56Z] PCM reason=tick buffers=4148 samples=3982080 duration_s=82.960 inRate=48000.0 ch=2 peak=0.8243 rms=0.2467 active=true videoBuffers=0
[2026-08-04T12:33:57Z] PCM reason=tick buffers=4197 samples=4029120 duration_s=83.940 inRate=48000.0 ch=2 peak=0.8243 rms=0.2474 active=true videoBuffers=0
[2026-08-04T12:33:58Z] PCM reason=tick buffers=4247 samples=4077120 duration_s=84.940 inRate=48000.0 ch=2 peak=0.8243 rms=0.2479 active=true videoBuffers=0
[2026-08-04T12:33:59Z] PCM reason=tick buffers=4298 samples=4126080 duration_s=85.960 inRate=48000.0 ch=2 peak=0.8243 rms=0.2485 active=true videoBuffers=0
[2026-08-04T12:34:00Z] PCM reason=tick buffers=4348 samples=4174080 duration_s=86.960 inRate=48000.0 ch=2 peak=0.8243 rms=0.2486 active=true videoBuffers=0
[2026-08-04T12:34:01Z] PCM reason=tick buffers=4397 samples=4221120 duration_s=87.940 inRate=48000.0 ch=2 peak=0.8243 rms=0.2484 active=true videoBuffers=0
[2026-08-04T12:34:02Z] PCM reason=tick buffers=4447 samples=4269120 duration_s=88.940 inRate=48000.0 ch=2 peak=0.8247 rms=0.2486 active=true videoBuffers=0
[2026-08-04T12:34:03Z] PCM reason=tick buffers=4498 samples=4318080 duration_s=89.960 inRate=48000.0 ch=2 peak=0.8247 rms=0.2489 active=true videoBuffers=0
[2026-08-04T12:34:04Z] PCM reason=tick buffers=4548 samples=4366080 duration_s=90.960 inRate=48000.0 ch=2 peak=0.8247 rms=0.2498 active=true videoBuffers=0
[2026-08-04T12:34:05Z] PCM reason=tick buffers=4598 samples=4414080 duration_s=91.960 inRate=48000.0 ch=2 peak=0.8247 rms=0.2506 active=true videoBuffers=0
[2026-08-04T12:34:06Z] PCM reason=tick buffers=4647 samples=4461120 duration_s=92.940 inRate=48000.0 ch=2 peak=0.8247 rms=0.2514 active=true videoBuffers=0
[2026-08-04T12:34:07Z] PCM reason=tick buffers=4698 samples=4510080 duration_s=93.960 inRate=48000.0 ch=2 peak=0.8247 rms=0.2526 active=true videoBuffers=0
[2026-08-04T12:34:08Z] PCM reason=tick buffers=4748 samples=4558080 duration_s=94.960 inRate=48000.0 ch=2 peak=0.8247 rms=0.2531 active=true videoBuffers=0
[2026-08-04T12:34:09Z] PCM reason=tick buffers=4798 samples=4606080 duration_s=95.960 inRate=48000.0 ch=2 peak=0.8247 rms=0.2534 active=true videoBuffers=0
[2026-08-04T12:34:10Z] PCM reason=tick buffers=4847 samples=4653120 duration_s=96.940 inRate=48000.0 ch=2 peak=0.8247 rms=0.2541 active=true videoBuffers=0
[2026-08-04T12:34:11Z] PCM reason=tick buffers=4898 samples=4702080 duration_s=97.960 inRate=48000.0 ch=2 peak=0.8247 rms=0.2549 active=true videoBuffers=0
[2026-08-04T12:34:12Z] PCM reason=tick buffers=4948 samples=4750080 duration_s=98.960 inRate=48000.0 ch=2 peak=0.8247 rms=0.2557 active=true videoBuffers=0
[2026-08-04T12:34:13Z] PCM reason=tick buffers=4998 samples=4798080 duration_s=99.960 inRate=48000.0 ch=2 peak=0.8247 rms=0.2567 active=true videoBuffers=0
[2026-08-04T12:34:14Z] PCM reason=tick buffers=5047 samples=4845120 duration_s=100.940 inRate=48000.0 ch=2 peak=0.8247 rms=0.2570 active=true videoBuffers=0
[2026-08-04T12:34:15Z] PCM reason=tick buffers=5098 samples=4894080 duration_s=101.960 inRate=48000.0 ch=2 peak=0.8247 rms=0.2575 active=true videoBuffers=0
[2026-08-04T12:34:16Z] PCM reason=tick buffers=5148 samples=4942080 duration_s=102.960 inRate=48000.0 ch=2 peak=0.8247 rms=0.2584 active=true videoBuffers=0
[2026-08-04T12:34:17Z] PCM reason=tick buffers=5198 samples=4990080 duration_s=103.960 inRate=48000.0 ch=2 peak=0.8247 rms=0.2588 active=true videoBuffers=0
[2026-08-04T12:34:18Z] PCM reason=tick buffers=5247 samples=5037120 duration_s=104.940 inRate=48000.0 ch=2 peak=0.8247 rms=0.2594 active=true videoBuffers=0
[2026-08-04T12:34:19Z] PCM reason=tick buffers=5298 samples=5086080 duration_s=105.960 inRate=48000.0 ch=2 peak=0.8247 rms=0.2596 active=true videoBuffers=0
[2026-08-04T12:34:20Z] PCM reason=tick buffers=5348 samples=5134080 duration_s=106.960 inRate=48000.0 ch=2 peak=0.8247 rms=0.2586 active=true videoBuffers=0
[2026-08-04T12:34:21Z] PCM reason=tick buffers=5398 samples=5182080 duration_s=107.960 inRate=48000.0 ch=2 peak=0.8247 rms=0.2577 active=true videoBuffers=0
[2026-08-04T12:34:22Z] PCM reason=tick buffers=5447 samples=5229120 duration_s=108.940 inRate=48000.0 ch=2 peak=0.8247 rms=0.2568 active=true videoBuffers=0
[2026-08-04T12:34:23Z] PCM reason=tick buffers=5498 samples=5278080 duration_s=109.960 inRate=48000.0 ch=2 peak=0.8247 rms=0.2559 active=true videoBuffers=0
[2026-08-04T12:34:24Z] PCM reason=tick buffers=5548 samples=5326080 duration_s=110.960 inRate=48000.0 ch=2 peak=0.8247 rms=0.2550 active=true videoBuffers=0
[2026-08-04T12:34:25Z] PCM reason=tick buffers=5597 samples=5373120 duration_s=111.940 inRate=48000.0 ch=2 peak=0.8247 rms=0.2543 active=true videoBuffers=0
[2026-08-04T12:34:26Z] PCM reason=tick buffers=5647 samples=5421120 duration_s=112.940 inRate=48000.0 ch=2 peak=0.8247 rms=0.2534 active=true videoBuffers=0
[2026-08-04T12:34:27Z] PCM reason=tick buffers=5698 samples=5470080 duration_s=113.960 inRate=48000.0 ch=2 peak=0.8247 rms=0.2526 active=true videoBuffers=0
[2026-08-04T12:34:28Z] PCM reason=tick buffers=5748 samples=5518080 duration_s=114.960 inRate=48000.0 ch=2 peak=0.8247 rms=0.2520 active=true videoBuffers=0
[2026-08-04T12:34:29Z] PCM reason=tick buffers=5798 samples=5566080 duration_s=115.960 inRate=48000.0 ch=2 peak=0.8247 rms=0.2510 active=true videoBuffers=0
[2026-08-04T12:34:30Z] PCM reason=tick buffers=5847 samples=5613120 duration_s=116.940 inRate=48000.0 ch=2 peak=0.8247 rms=0.2503 active=true videoBuffers=0
[2026-08-04T12:34:31Z] PCM reason=tick buffers=5898 samples=5662080 duration_s=117.960 inRate=48000.0 ch=2 peak=0.8247 rms=0.2496 active=true videoBuffers=0
[2026-08-04T12:34:32Z] PCM reason=tick buffers=5948 samples=5710080 duration_s=118.960 inRate=48000.0 ch=2 peak=0.8247 rms=0.2488 active=true videoBuffers=0
[2026-08-04T12:34:33Z] PCM reason=tick buffers=5998 samples=5758080 duration_s=119.960 inRate=48000.0 ch=2 peak=0.8247 rms=0.2480 active=true videoBuffers=0
[2026-08-04T12:34:34Z] PCM reason=tick buffers=6047 samples=5805120 duration_s=120.940 inRate=48000.0 ch=2 peak=0.8247 rms=0.2473 active=true videoBuffers=0
[2026-08-04T12:34:35Z] PCM reason=tick buffers=6098 samples=5854080 duration_s=121.960 inRate=48000.0 ch=2 peak=0.8247 rms=0.2464 active=true videoBuffers=0
[2026-08-04T12:34:36Z] S3A speech ok segmentID=FBEDD18E transcriptSegments=3 audioDuration=5.220
[2026-08-04T12:34:36Z] S3A speech begin segmentID=D71F2CBB wav=seg-D71F2CBB-mono.wav pos=51.379->95.111
[2026-08-04T12:34:36Z] PCM reason=tick buffers=6148 samples=5902080 duration_s=122.960 inRate=48000.0 ch=2 peak=0.8247 rms=0.2455 active=true videoBuffers=0
[2026-08-04T12:34:37Z] PCM reason=tick buffers=6198 samples=5950080 duration_s=123.960 inRate=48000.0 ch=2 peak=0.8247 rms=0.2445 active=true videoBuffers=0
[2026-08-04T12:34:38Z] PCM reason=tick buffers=6247 samples=5997120 duration_s=124.940 inRate=48000.0 ch=2 peak=0.8247 rms=0.2435 active=false videoBuffers=0
[2026-08-04T12:34:38Z] S3A speech ok segmentID=D71F2CBB transcriptSegments=33 audioDuration=43.840
[2026-08-04T12:34:39Z] S3B anchors accepted=4 rejected=26
[2026-08-04T12:34:39Z] S3B ANCHOR_OK line=13 conf=0.958 t=76.939 lyric=時計の針を戻してる speech=時計の針を戻してる
[2026-08-04T12:34:39Z] S3B ANCHOR_OK line=14 conf=0.934 t=79.609 lyric=愛してた　それだけじゃ speech=愛してたそれだけじゃ
[2026-08-04T12:34:39Z] S3B ANCHOR_OK line=15 conf=0.813 t=82.789 lyric=ダメだったんだね speech=だめだったんだな
[2026-08-04T12:34:39Z] S3B ANCHOR_OK line=16 conf=0.859 t=85.009 lyric=すれ違った言葉たちが speech=それ違った言葉たちが
[2026-08-04T12:34:39Z] S3B ANCHOR_REJ line=12 reason=overall_confidence_below_threshold conf=0.672
[2026-08-04T12:34:39Z] S3B ANCHOR_REJ line=12 reason=text_similarity_below_threshold conf=0.662
[2026-08-04T12:34:39Z] S3B ANCHOR_REJ line=13 reason=text_similarity_below_threshold conf=0.753
[2026-08-04T12:34:39Z] S3B ANCHOR_REJ line=14 reason=text_similarity_below_threshold conf=0.749
[2026-08-04T12:34:39Z] S3B ANCHOR_REJ line=14 reason=text_similarity_below_threshold conf=0.718
[2026-08-04T12:34:39Z] S3B ANCHOR_REJ line=14 reason=text_similarity_below_threshold conf=0.733
[2026-08-04T12:34:39Z] S3B ANCHOR_REJ line=14 reason=text_similarity_below_threshold conf=0.737
[2026-08-04T12:34:39Z] S3B ANCHOR_REJ line=15 reason=text_similarity_below_threshold conf=0.739
[2026-08-04T12:34:39Z] S3B ANCHOR_REJ line=16 reason=text_similarity_below_threshold conf=0.741
[2026-08-04T12:34:39Z] S3B ANCHOR_REJ line=16 reason=text_similarity_below_threshold conf=0.750
[2026-08-04T12:34:39Z] S3B ANCHOR_REJ line=18 reason=text_similarity_below_threshold conf=0.756
[2026-08-04T12:34:39Z] S3B ANCHOR_REJ line=14 reason=duplicate_lyric_line conf=0.866
[2026-08-04T12:34:39Z] S3B ANCHOR_REJ line=14 reason=duplicate_lyric_line conf=0.858
[2026-08-04T12:34:39Z] S3B ANCHOR_REJ line=13 reason=duplicate_lyric_line conf=0.853
[2026-08-04T12:34:39Z] S3B ANCHOR_REJ line=13 reason=duplicate_lyric_line conf=0.852
[2026-08-04T12:34:39Z] S3B report json=/var/folders/kq/dz44fm994nz94zw2dfqnz_g00000gn/T/spotifylyrics-s3a-reports/partial-FCE4FF7E.json
[2026-08-04T12:34:39Z] S3B report md=/var/folders/kq/dz44fm994nz94zw2dfqnz_g00000gn/T/spotifylyrics-s3a-reports/partial-FCE4FF7E.md
[2026-08-04T12:34:39Z] S3A coverage=0.125 resolved=2 low=2 unresolved=28
[2026-08-04T12:34:39Z] S3B coverage=0.156 resolved=4 low=1 unresolved=27 anchors=4 constrained=true judgment=B_coverage_up_but_errors_remain
[2026-08-04T12:34:39Z] S3B judgment=B_coverage_up_but_errors_remain constrained=true anchors=4/rej=26 fallback=none
[2026-08-04T12:34:39Z] S3B AB s3a_cov=0.125 s3b_cov=0.156 s3a_res=2 s3b_res=4
[2026-08-04T12:34:39Z] SPIKE stop reason=s2-autoStop
[2026-08-04T12:34:39Z] PCM reason=final buffers=6290 samples=6038400 duration_s=125.800 inRate=48000.0 ch=2 peak=0.8247 rms=0.2427 active=false videoBuffers=0
[2026-08-04T12:34:39Z] STREAM stopCapture ok reason=s2-autoStop
[2026-08-04T12:34:39Z] TEMP cleanup path=/var/folders/kq/dz44fm994nz94zw2dfqnz_g00000gn/T/SpotifyLyricsCapture/1583CB43-4E79-49A6-B645-9C7509BEA9DF exists_after=false
[2026-08-04T12:34:39Z] TEMP scavenge removed=s2-sessions
[2026-08-04T12:34:39Z] SPIKE stopped idle
[2026-08-04T12:34:39Z] CLEANUP sessionDir=/var/folders/kq/dz44fm994nz94zw2dfqnz_g00000gn/T/SpotifyLyricsCapture/s2-sessions/FCE4FF7E-802B-4758-AB41-4A47FE7DB6B1 exists_after=false
[2026-08-04T12:34:39Z] S2 stopped idle sessions=1
[2026-08-04T12:34:39Z] SUMMARY sessions=1
[2026-08-04T12:34:39Z] SUMMARY_SESSION id=FCE4FF7E identity=spotify-id:0662h3g9lgdt2vipzypzxm|metadata:夜の合図| terminal=autoStop segments=2
[2026-08-04T12:34:39Z] SUMMARY_SEG i=0 id=FBEDD18E start=initial end=seekForward pos=44.908->49.551 dur=5.220 samples=250560
[2026-08-04T12:34:39Z] SUMMARY_SEG i=1 id=D71F2CBB start=seekForward end=autoStop pos=51.379->95.111 dur=43.840 samples=2104320
