[2026-08-04T14:11:20Z] LOG_RESET
[2026-08-04T14:11:20Z] SPIKE start formal_db_opened=NO (spike never opens SQLite)
[2026-08-04T14:11:20Z] SPIKE policy=spotify-app-audio-only no-mic no-screen-save no-asr no-align
[2026-08-04T14:11:20Z] DISCOVER related=1 primary=1 captureTargets=1
[2026-08-04T14:11:20Z] DISCOVER_APP pid=18752 bundle=com.spotify.client name=Spotify captureTarget=true
[2026-08-04T14:11:20Z] STREAM configured capturesAudio=1 screenOutput=0 mic=0 sampleRate=48000 channels=2
[2026-08-04T14:11:20Z] TEMP dir=/var/folders/kq/dz44fm994nz94zw2dfqnz_g00000gn/T/SpotifyLyricsCapture/4B07A148-D03E-40CF-BA39-A8B568D0EA85 (marker only; no audio files)
[2026-08-04T14:11:20Z] STREAM started
[2026-08-04T14:11:21Z] PCM reason=tick buffers=51 samples=48960 duration_s=1.020 inRate=48000.0 ch=2 peak=0.6752 rms=0.2357 active=true videoBuffers=0
[2026-08-04T14:11:22Z] PCM reason=tick buffers=101 samples=96960 duration_s=2.020 inRate=48000.0 ch=2 peak=0.6752 rms=0.2395 active=true videoBuffers=0
[2026-08-04T14:11:23Z] PCM reason=tick buffers=151 samples=144960 duration_s=3.020 inRate=48000.0 ch=2 peak=0.6752 rms=0.2055 active=true videoBuffers=0
[2026-08-04T14:11:24Z] PCM reason=tick buffers=201 samples=192960 duration_s=4.020 inRate=48000.0 ch=2 peak=0.7838 rms=0.2375 active=true videoBuffers=0
[2026-08-04T14:11:25Z] PCM reason=tick buffers=251 samples=240960 duration_s=5.020 inRate=48000.0 ch=2 peak=0.7838 rms=0.2421 active=true videoBuffers=0
[2026-08-04T14:11:26Z] PCM reason=tick buffers=301 samples=288960 duration_s=6.020 inRate=48000.0 ch=2 peak=0.7838 rms=0.2503 active=true videoBuffers=0
[2026-08-04T14:11:27Z] PCM reason=tick buffers=351 samples=336960 duration_s=7.020 inRate=48000.0 ch=2 peak=0.7838 rms=0.2531 active=true videoBuffers=0
[2026-08-04T14:11:28Z] PCM reason=tick buffers=401 samples=384960 duration_s=8.020 inRate=48000.0 ch=2 peak=0.7838 rms=0.2531 active=true videoBuffers=0
[2026-08-04T14:11:29Z] PCM reason=tick buffers=451 samples=432960 duration_s=9.020 inRate=48000.0 ch=2 peak=0.7838 rms=0.2577 active=true videoBuffers=0
[2026-08-04T14:11:30Z] PCM reason=tick buffers=501 samples=480960 duration_s=10.020 inRate=48000.0 ch=2 peak=0.7838 rms=0.2600 active=true videoBuffers=0
[2026-08-04T14:11:31Z] PCM reason=tick buffers=551 samples=528960 duration_s=11.020 inRate=48000.0 ch=2 peak=0.7838 rms=0.2604 active=true videoBuffers=0
[2026-08-04T14:11:32Z] PCM reason=tick buffers=601 samples=576960 duration_s=12.020 inRate=48000.0 ch=2 peak=0.7838 rms=0.2622 active=true videoBuffers=0
[2026-08-04T14:11:32Z] SPIKE auto-stop after 12.0s
[2026-08-04T14:11:32Z] SPIKE stop reason=auto-stop
[2026-08-04T14:11:32Z] PCM reason=final buffers=603 samples=578880 duration_s=12.060 inRate=48000.0 ch=2 peak=0.7838 rms=0.2626 active=true videoBuffers=0
[2026-08-04T14:11:33Z] STREAM stopCapture ok reason=auto-stop
[2026-08-04T14:11:33Z] TEMP cleanup path=/var/folders/kq/dz44fm994nz94zw2dfqnz_g00000gn/T/SpotifyLyricsCapture/4B07A148-D03E-40CF-BA39-A8B568D0EA85 exists_after=false
[2026-08-04T14:11:33Z] SPIKE stopped idle
