[2026-08-04T10:49:47Z] LOG_RESET
[2026-08-04T10:49:47Z] PlaybackState init providers=Local LRC,LRCLIB
[2026-08-04T10:49:48Z] ACCEPTANCE control polling path=/tmp/spotifylyrics-mode-control.txt
[2026-08-04T10:49:48Z] PERSISTENCE startup ready
[2026-08-04T10:49:49Z] SESSION clear
[2026-08-04T10:49:49Z] Playback trackChange identity=spotify-id:4llronjdwsrb1cmnkbohwm|metadata:goodbye|ren|goodbye|186 title=Goodbye artist=REN duration=185.714
[2026-08-04T10:49:49Z] SESSION begin rev=1 identity=spotify-id:4llronjdwsrb1cmnkbohwm|metadata:goodbye|ren|goodbye|186 title=Goodbye artist=REN duration=185.714 spotifyId=spotify:track:4LLroNjdwsrB1cMnkboHwM
[2026-08-04T10:49:49Z] SESSION persistence miss rev=1 identity=spotify-id:4llronjdwsrb1cmnkbohwm|metadata:goodbye|ren|goodbye|186
[2026-08-04T10:49:49Z] MANAGER start title=Goodbye artist=REN variants=2 providers=["Local LRC", "LRCLIB"] queryOverride=
[2026-08-04T10:49:50Z] SESSION search finished rev=1 result=noMatch diag=4
[2026-08-04T10:49:50Z]   DIAG Local LRC@primaryOriginal noMatch 0.00s
[2026-08-04T10:49:50Z]   DIAG LRCLIB@primaryOriginal candidates(2) 0.77s
[2026-08-04T10:49:50Z]   DIAG Local LRC@titleOnlyLoose noMatch 0.00s
[2026-08-04T10:49:50Z]   DIAG LRCLIB@titleOnlyLoose candidates(2) 0.65s
[2026-08-04T10:49:50Z] SESSION noMatch
[2026-08-04T10:49:53Z] ACCEPTANCE control apply payload=B
[2026-08-04T10:49:53Z] Lyrics providers for mode=lyricsSourceMode.standardFree.v1: Local LRC,LRCLIB
[2026-08-04T10:49:53Z] MANAGER providers updated=Local LRC,LRCLIB
[2026-08-04T10:49:53Z] MANAGER providers updated=Local LRC,LRCLIB
[2026-08-04T10:49:53Z] ACCEPTANCE control mode=lyricsSourceMode.experimentalFree.v1
[2026-08-04T10:49:54Z] ACCEPTANCE control apply payload=B | RETRY
[2026-08-04T10:49:54Z] Lyrics providers for mode=lyricsSourceMode.experimentalFree.v1: Local LRC,LRCLIB,NetEase Experimental,QQ Music Experimental
[2026-08-04T10:49:54Z] MANAGER providers updated=Local LRC,LRCLIB,NetEase Experimental,QQ Music Experimental
[2026-08-04T10:49:54Z] MANAGER providers updated=Local LRC,LRCLIB,NetEase Experimental,QQ Music Experimental
[2026-08-04T10:49:54Z] ACCEPTANCE control mode=lyricsSourceMode.experimentalFree.v1
[2026-08-04T10:49:54Z] SESSION begin rev=4 identity=spotify-id:4llronjdwsrb1cmnkbohwm|metadata:goodbye|ren|goodbye|186 title=Goodbye artist=REN duration=185.714 spotifyId=spotify:track:4LLroNjdwsrB1cMnkboHwM
[2026-08-04T10:49:54Z] UI retryLyrics dispatched queryOverride= posBefore=122.96933281421624 (must not seek)
[2026-08-04T10:49:54Z] ACCEPTANCE control retry done identity=spotify-id:4llronjdwsrb1cmnkbohwm|metadata:goodbye|ren|goodbye|186 posBefore=122.96933281421624 posAfter=122.96933281421624
[2026-08-04T10:49:54Z] SESSION persistence miss rev=4 identity=spotify-id:4llronjdwsrb1cmnkbohwm|metadata:goodbye|ren|goodbye|186
[2026-08-04T10:49:54Z] MANAGER start title=Goodbye artist=REN variants=2 providers=["Local LRC", "LRCLIB", "NetEase Experimental", "QQ Music Experimental"] queryOverride=
[2026-08-04T10:49:57Z] QQ best mid-candidate title=Goodbye (Extended Mix) artist=Armin Van Buuren, SKOLES conf=0.52 lines=19 sync=true
