[2026-08-04T10:52:13Z] LOG_RESET
[2026-08-04T10:52:13Z] PlaybackState init providers=Local LRC,LRCLIB
[2026-08-04T10:52:14Z] ACCEPTANCE control polling path=/tmp/spotifylyrics-mode-control.txt
[2026-08-04T10:52:15Z] PERSISTENCE startup ready
[2026-08-04T10:52:15Z] SESSION clear
[2026-08-04T10:52:15Z] Playback trackChange identity=spotify-id:5uwi3rfi5bn8c5mvdyviya|metadata:killwithlovefeatimaizumi|itoguruma|killwithlovefeatimaizumi|142 title=kill with love (feat. imaizumi) artist=Itoguruma duration=141.77
[2026-08-04T10:52:15Z] SESSION begin rev=1 identity=spotify-id:5uwi3rfi5bn8c5mvdyviya|metadata:killwithlovefeatimaizumi|itoguruma|killwithlovefeatimaizumi|142 title=kill with love (feat. imaizumi) artist=Itoguruma duration=141.77 spotifyId=spotify:track:5Uwi3RFi5bN8c5MVDyvIyA
[2026-08-04T10:52:15Z] SESSION persistence miss rev=1 identity=spotify-id:5uwi3rfi5bn8c5mvdyviya|metadata:killwithlovefeatimaizumi|itoguruma|killwithlovefeatimaizumi|142
[2026-08-04T10:52:15Z] MANAGER start title=kill with love (feat. imaizumi) artist=Itoguruma variants=4 providers=["Local LRC", "LRCLIB"] queryOverride=
[2026-08-04T10:52:18Z] ACCEPTANCE control apply payload=B | RETRY
[2026-08-04T10:52:18Z] Lyrics providers for mode=lyricsSourceMode.experimentalFree.v1: Local LRC,LRCLIB,NetEase Experimental,QQ Music Experimental
[2026-08-04T10:52:18Z] MANAGER providers updated=Local LRC,LRCLIB,NetEase Experimental,QQ Music Experimental
[2026-08-04T10:52:18Z] MANAGER providers updated=Local LRC,LRCLIB,NetEase Experimental,QQ Music Experimental
[2026-08-04T10:52:18Z] Lyrics providers for mode=lyricsSourceMode.experimentalFree.v1: Local LRC,LRCLIB,NetEase Experimental,QQ Music Experimental
[2026-08-04T10:52:18Z] MANAGER providers updated=Local LRC,LRCLIB,NetEase Experimental,QQ Music Experimental
[2026-08-04T10:52:18Z] MANAGER providers updated=Local LRC,LRCLIB,NetEase Experimental,QQ Music Experimental
[2026-08-04T10:52:18Z] ACCEPTANCE control mode=lyricsSourceMode.experimentalFree.v1
[2026-08-04T10:52:18Z] SESSION begin rev=4 identity=spotify-id:5uwi3rfi5bn8c5mvdyviya|metadata:killwithlovefeatimaizumi|itoguruma|killwithlovefeatimaizumi|142 title=kill with love (feat. imaizumi) artist=Itoguruma duration=141.77 spotifyId=spotify:track:5Uwi3RFi5bN8c5MVDyvIyA
[2026-08-04T10:52:18Z] UI retryLyrics dispatched queryOverride= posBefore=80.26435220241584 (must not seek)
[2026-08-04T10:52:18Z] ACCEPTANCE control retry done identity=spotify-id:5uwi3rfi5bn8c5mvdyviya|metadata:killwithlovefeatimaizumi|itoguruma|killwithlovefeatimaizumi|142 posBefore=80.26435220241584 posAfter=80.26435220241584
[2026-08-04T10:52:18Z] SESSION cancelled before apply rev=1
[2026-08-04T10:52:18Z] SESSION persistence miss rev=4 identity=spotify-id:5uwi3rfi5bn8c5mvdyviya|metadata:killwithlovefeatimaizumi|itoguruma|killwithlovefeatimaizumi|142
[2026-08-04T10:52:18Z] MANAGER start title=kill with love (feat. imaizumi) artist=Itoguruma variants=4 providers=["Local LRC", "LRCLIB", "NetEase Experimental", "QQ Music Experimental"] queryOverride=
[2026-08-04T10:52:20Z] QQ no body candidates for title=kill with love (feat. imaizumi) artist=Itoguruma
[2026-08-04T10:52:23Z] QQ no body candidates for title=kill with love (feat. imaizumi) artist=Itoguruma
[2026-08-04T10:52:24Z] SESSION search finished rev=4 result=noMatch diag=16
[2026-08-04T10:52:24Z]   DIAG Local LRC@primaryOriginal noMatch 0.00s
[2026-08-04T10:52:24Z]   DIAG LRCLIB@primaryOriginal noMatch 0.62s
[2026-08-04T10:52:24Z]   DIAG NetEase Experimental@primaryOriginal candidates(1) 0.42s
[2026-08-04T10:52:24Z]   DIAG QQ Music Experimental@primaryOriginal noMatch 0.97s
[2026-08-04T10:52:24Z]   DIAG Local LRC@normalizedPrimary noMatch 0.00s
[2026-08-04T10:52:24Z]   DIAG LRCLIB@normalizedPrimary noMatch 0.61s
[2026-08-04T10:52:24Z]   DIAG NetEase Experimental@normalizedPrimary candidates(1) 0.29s
[2026-08-04T10:52:24Z]   DIAG QQ Music Experimental@normalizedPrimary noMatch 0.22s
[2026-08-04T10:52:24Z]   DIAG Local LRC@titleOnlyLoose noMatch 0.00s
[2026-08-04T10:52:24Z]   DIAG LRCLIB@titleOnlyLoose noMatch 0.56s
[2026-08-04T10:52:24Z]   DIAG NetEase Experimental@titleOnlyLoose candidates(1) 0.31s
[2026-08-04T10:52:24Z]   DIAG QQ Music Experimental@titleOnlyLoose noMatch 0.76s
[2026-08-04T10:52:24Z]   DIAG Local LRC@titleOnlyLoose noMatch 0.00s
[2026-08-04T10:52:24Z]   DIAG LRCLIB@titleOnlyLoose noMatch 0.69s
[2026-08-04T10:52:24Z]   DIAG NetEase Experimental@titleOnlyLoose candidates(1) 0.22s
[2026-08-04T10:52:24Z]   DIAG QQ Music Experimental@titleOnlyLoose noMatch 0.87s
[2026-08-04T10:52:24Z] SESSION noMatch
[2026-08-04T10:52:26Z] ACCEPTANCE control apply payload=A | RETRY
[2026-08-04T10:52:26Z] Lyrics providers for mode=lyricsSourceMode.standardFree.v1: Local LRC,LRCLIB
[2026-08-04T10:52:26Z] MANAGER providers updated=Local LRC,LRCLIB
[2026-08-04T10:52:26Z] MANAGER providers updated=Local LRC,LRCLIB
[2026-08-04T10:52:26Z] Lyrics providers for mode=lyricsSourceMode.standardFree.v1: Local LRC,LRCLIB
[2026-08-04T10:52:26Z] MANAGER providers updated=Local LRC,LRCLIB
[2026-08-04T10:52:26Z] MANAGER providers updated=Local LRC,LRCLIB
[2026-08-04T10:52:26Z] ACCEPTANCE control mode=lyricsSourceMode.standardFree.v1
[2026-08-04T10:52:26Z] SESSION begin rev=7 identity=spotify-id:5uwi3rfi5bn8c5mvdyviya|metadata:killwithlovefeatimaizumi|itoguruma|killwithlovefeatimaizumi|142 title=kill with love (feat. imaizumi) artist=Itoguruma duration=141.77 spotifyId=spotify:track:5Uwi3RFi5bN8c5MVDyvIyA
[2026-08-04T10:52:26Z] UI retryLyrics dispatched queryOverride= posBefore=89.06659519672397 (must not seek)
[2026-08-04T10:52:26Z] ACCEPTANCE control retry done identity=spotify-id:5uwi3rfi5bn8c5mvdyviya|metadata:killwithlovefeatimaizumi|itoguruma|killwithlovefeatimaizumi|142 posBefore=89.06659519672397 posAfter=89.06659519672397
[2026-08-04T10:52:27Z] SESSION persistence miss rev=7 identity=spotify-id:5uwi3rfi5bn8c5mvdyviya|metadata:killwithlovefeatimaizumi|itoguruma|killwithlovefeatimaizumi|142
[2026-08-04T10:52:27Z] MANAGER start title=kill with love (feat. imaizumi) artist=Itoguruma variants=4 providers=["Local LRC", "LRCLIB"] queryOverride=
[2026-08-04T10:52:29Z] SESSION search finished rev=7 result=noMatch diag=8
[2026-08-04T10:52:30Z]   DIAG Local LRC@primaryOriginal noMatch 0.00s
[2026-08-04T10:52:30Z]   DIAG LRCLIB@primaryOriginal noMatch 0.66s
[2026-08-04T10:52:30Z]   DIAG Local LRC@normalizedPrimary noMatch 0.00s
[2026-08-04T10:52:30Z]   DIAG LRCLIB@normalizedPrimary noMatch 0.64s
[2026-08-04T10:52:30Z]   DIAG Local LRC@titleOnlyLoose noMatch 0.00s
[2026-08-04T10:52:30Z]   DIAG LRCLIB@titleOnlyLoose noMatch 0.95s
[2026-08-04T10:52:30Z]   DIAG Local LRC@titleOnlyLoose noMatch 0.00s
[2026-08-04T10:52:30Z]   DIAG LRCLIB@titleOnlyLoose noMatch 0.72s
[2026-08-04T10:52:30Z] SESSION noMatch
