[2026-08-04T10:30:27Z] LOG_RESET
[2026-08-04T10:30:27Z] PlaybackState init providers=Local LRC,NetEase Experimental,QQ Music Experimental
[2026-08-04T10:30:28Z] PERSISTENCE startup ready
[2026-08-04T10:30:28Z] SESSION clear
[2026-08-04T10:30:28Z] Playback trackChange identity=spotify-id:0waylezs4qigyi4pjvcp4m|metadata:0feathaku|hisui|0feathaku|137 title=0 (feat. haku) artist=hisui duration=136.819
[2026-08-04T10:30:28Z] SESSION begin rev=1 identity=spotify-id:0waylezs4qigyi4pjvcp4m|metadata:0feathaku|hisui|0feathaku|137 title=0 (feat. haku) artist=hisui duration=136.819 spotifyId=spotify:track:0WayLEzS4QiGYi4pjvcp4M
[2026-08-04T10:30:28Z] SESSION persistence miss rev=1 identity=spotify-id:0waylezs4qigyi4pjvcp4m|metadata:0feathaku|hisui|0feathaku|137
[2026-08-04T10:30:28Z] MANAGER start title=0 (feat. haku) artist=hisui variants=4 providers=["Local LRC", "NetEase Experimental", "QQ Music Experimental"] queryOverride=
[2026-08-04T10:30:33Z] SESSION search finished rev=1 result=candidates(1) diag=12
[2026-08-04T10:30:33Z]   DIAG Local LRC@primaryOriginal noMatch 0.00s
[2026-08-04T10:30:33Z]   DIAG NetEase Experimental@primaryOriginal candidates(5) 0.56s
[2026-08-04T10:30:33Z]   DIAG QQ Music Experimental@primaryOriginal noMatch 0.65s
[2026-08-04T10:30:33Z]   DIAG Local LRC@normalizedPrimary noMatch 0.00s
[2026-08-04T10:30:33Z]   DIAG NetEase Experimental@normalizedPrimary candidates(5) 0.41s
[2026-08-04T10:30:33Z]   DIAG QQ Music Experimental@normalizedPrimary noMatch 0.59s
[2026-08-04T10:30:33Z]   DIAG Local LRC@titleOnlyLoose noMatch 0.00s
[2026-08-04T10:30:33Z]   DIAG NetEase Experimental@titleOnlyLoose candidates(5) 0.53s
[2026-08-04T10:30:33Z]   DIAG QQ Music Experimental@titleOnlyLoose noMatch 0.24s
[2026-08-04T10:30:33Z]   DIAG Local LRC@titleOnlyLoose noMatch 0.00s
[2026-08-04T10:30:33Z]   DIAG NetEase Experimental@titleOnlyLoose candidates(5) 0.49s
[2026-08-04T10:30:33Z]   DIAG QQ Music Experimental@titleOnlyLoose noMatch 0.57s
[2026-08-04T10:30:33Z] SESSION candidates count=1
