[2026-08-04T11:59:04Z] LOG_RESET
[2026-08-04T11:59:04Z] SPIKE start formal_db_opened=NO (spike never opens SQLite)
[2026-08-04T11:59:04Z] SPIKE policy=spotify-app-audio-only no-mic no-screen-save no-asr no-align
[2026-08-04T11:59:04Z] DISCOVER related=1 primary=1 captureTargets=1
[2026-08-04T11:59:04Z] DISCOVER_APP pid=18752 bundle=com.spotify.client name=Spotify captureTarget=true
[2026-08-04T11:59:04Z] STREAM configured capturesAudio=1 screenOutput=0 mic=0 sampleRate=48000 channels=2
[2026-08-04T11:59:04Z] TEMP dir=/var/folders/kq/dz44fm994nz94zw2dfqnz_g00000gn/T/SpotifyLyricsCapture/E93069BA-5E67-4F78-939F-A257A84CE7F8 (marker only; no audio files)
[2026-08-04T11:59:04Z] STREAM started
[2026-08-04T11:59:04Z] SESSION start sessionID=9817ABB2-859F-4F88-B5F2-FF6F30099CE8 identity=spotify-id:0662h3g9lgdt2vipzypzxm|metadata:夜の合図| duration=170.720 source=screenCaptureKit.spotifyAudio.v1 reason=initial
[2026-08-04T11:59:04Z] SEGMENT start segmentID=C58808B7-DFF4-4C1B-93D8-421278E0908E sessionID=9817ABB2-859F-4F88-B5F2-FF6F30099CE8 identity=spotify-id:0662h3g9lgdt2vipzypzxm|metadata:夜の合図| reason=initial position=44.915 hostTime=1785844744.812 continuityID=FB8BB17E-0AC7-4804-B033-412DEAA74C6D wav=seg-C58808B7-mono.wav
[2026-08-04T11:59:04Z] ANCHOR sessionID=9817ABB2-859F-4F88-B5F2-FF6F30099CE8 segmentID=C58808B7-DFF4-4C1B-93D8-421278E0908E position=44.915 hostTime=1785844744.813 audioPTS=-1.000 playing=true
[2026-08-04T11:59:05Z] PCM reason=tick buffers=51 samples=48960 duration_s=1.020 inRate=48000.0 ch=2 peak=0.6135 rms=0.1698 active=true videoBuffers=0
[2026-08-04T11:59:06Z] PCM reason=tick buffers=101 samples=96960 duration_s=2.020 inRate=48000.0 ch=2 peak=0.6135 rms=0.1925 active=true videoBuffers=0
[2026-08-04T11:59:06Z] ANCHOR sessionID=9817ABB2-859F-4F88-B5F2-FF6F30099CE8 segmentID=C58808B7-DFF4-4C1B-93D8-421278E0908E position=47.098 hostTime=1785844746.944 audioPTS=428463.180 playing=true
[2026-08-04T11:59:07Z] PCM reason=tick buffers=151 samples=144960 duration_s=3.020 inRate=48000.0 ch=2 peak=0.7180 rms=0.2092 active=true videoBuffers=0
[2026-08-04T11:59:08Z] PCM reason=tick buffers=201 samples=192960 duration_s=4.020 inRate=48000.0 ch=2 peak=0.7180 rms=0.2034 active=true videoBuffers=0
[2026-08-04T11:59:09Z] ANCHOR sessionID=9817ABB2-859F-4F88-B5F2-FF6F30099CE8 segmentID=C58808B7-DFF4-4C1B-93D8-421278E0908E position=49.310 hostTime=1785844749.142 audioPTS=428465.400 playing=true
[2026-08-04T11:59:09Z] PCM reason=tick buffers=251 samples=240960 duration_s=5.020 inRate=48000.0 ch=2 peak=0.7180 rms=0.2243 active=true videoBuffers=0
[2026-08-04T11:59:10Z] PCM reason=tick buffers=301 samples=288960 duration_s=6.020 inRate=48000.0 ch=2 peak=0.7180 rms=0.2107 active=true videoBuffers=0
[2026-08-04T11:59:11Z] ANCHOR sessionID=9817ABB2-859F-4F88-B5F2-FF6F30099CE8 segmentID=C58808B7-DFF4-4C1B-93D8-421278E0908E position=51.306 hostTime=1785844751.146 audioPTS=428467.380 playing=true
[2026-08-04T11:59:11Z] PCM reason=tick buffers=351 samples=336960 duration_s=7.020 inRate=48000.0 ch=2 peak=0.7824 rms=0.2211 active=true videoBuffers=0
[2026-08-04T11:59:12Z] PCM reason=tick buffers=401 samples=384960 duration_s=8.020 inRate=48000.0 ch=2 peak=0.7824 rms=0.2290 active=true videoBuffers=0
[2026-08-04T11:59:13Z] ANCHOR sessionID=9817ABB2-859F-4F88-B5F2-FF6F30099CE8 segmentID=C58808B7-DFF4-4C1B-93D8-421278E0908E position=53.509 hostTime=1785844753.333 audioPTS=428469.600 playing=true
[2026-08-04T11:59:13Z] PCM reason=tick buffers=451 samples=432960 duration_s=9.020 inRate=48000.0 ch=2 peak=0.7824 rms=0.2360 active=true videoBuffers=0
[2026-08-04T11:59:14Z] PCM reason=tick buffers=501 samples=480960 duration_s=10.020 inRate=48000.0 ch=2 peak=0.7824 rms=0.2396 active=true videoBuffers=0
[2026-08-04T11:59:15Z] ANCHOR sessionID=9817ABB2-859F-4F88-B5F2-FF6F30099CE8 segmentID=C58808B7-DFF4-4C1B-93D8-421278E0908E position=55.500 hostTime=1785844755.336 audioPTS=428471.600 playing=true
[2026-08-04T11:59:15Z] PCM reason=tick buffers=551 samples=528960 duration_s=11.020 inRate=48000.0 ch=2 peak=0.7824 rms=0.2395 active=true videoBuffers=0
[2026-08-04T11:59:16Z] PCM reason=tick buffers=601 samples=576960 duration_s=12.020 inRate=48000.0 ch=2 peak=0.7824 rms=0.2458 active=true videoBuffers=0
[2026-08-04T11:59:17Z] ANCHOR sessionID=9817ABB2-859F-4F88-B5F2-FF6F30099CE8 segmentID=C58808B7-DFF4-4C1B-93D8-421278E0908E position=57.663 hostTime=1785844757.541 audioPTS=428473.800 playing=true
[2026-08-04T11:59:17Z] PCM reason=tick buffers=651 samples=624960 duration_s=13.020 inRate=48000.0 ch=2 peak=0.7824 rms=0.2485 active=true videoBuffers=0
[2026-08-04T11:59:18Z] PCM reason=tick buffers=701 samples=672960 duration_s=14.020 inRate=48000.0 ch=2 peak=0.7824 rms=0.2476 active=true videoBuffers=0
[2026-08-04T11:59:19Z] ANCHOR sessionID=9817ABB2-859F-4F88-B5F2-FF6F30099CE8 segmentID=C58808B7-DFF4-4C1B-93D8-421278E0908E position=59.856 hostTime=1785844759.734 audioPTS=428475.980 playing=true
[2026-08-04T11:59:19Z] PCM reason=tick buffers=751 samples=720960 duration_s=15.020 inRate=48000.0 ch=2 peak=0.7824 rms=0.2500 active=true videoBuffers=0
[2026-08-04T11:59:20Z] PCM reason=tick buffers=801 samples=768960 duration_s=16.020 inRate=48000.0 ch=2 peak=0.7824 rms=0.2510 active=true videoBuffers=0
[2026-08-04T11:59:21Z] ANCHOR sessionID=9817ABB2-859F-4F88-B5F2-FF6F30099CE8 segmentID=C58808B7-DFF4-4C1B-93D8-421278E0908E position=61.902 hostTime=1785844761.743 audioPTS=428478.000 playing=true
[2026-08-04T11:59:21Z] PCM reason=tick buffers=851 samples=816960 duration_s=17.020 inRate=48000.0 ch=2 peak=0.7824 rms=0.2524 active=true videoBuffers=0
[2026-08-04T11:59:22Z] PCM reason=tick buffers=901 samples=864960 duration_s=18.020 inRate=48000.0 ch=2 peak=0.7824 rms=0.2552 active=true videoBuffers=0
[2026-08-04T11:59:23Z] ANCHOR sessionID=9817ABB2-859F-4F88-B5F2-FF6F30099CE8 segmentID=C58808B7-DFF4-4C1B-93D8-421278E0908E position=63.874 hostTime=1785844763.743 audioPTS=428479.980 playing=true
[2026-08-04T11:59:23Z] PCM reason=tick buffers=951 samples=912960 duration_s=19.020 inRate=48000.0 ch=2 peak=0.7824 rms=0.2569 active=true videoBuffers=0
[2026-08-04T11:59:24Z] PCM reason=tick buffers=1001 samples=960960 duration_s=20.020 inRate=48000.0 ch=2 peak=0.7824 rms=0.2564 active=true videoBuffers=0
[2026-08-04T11:59:25Z] ANCHOR sessionID=9817ABB2-859F-4F88-B5F2-FF6F30099CE8 segmentID=C58808B7-DFF4-4C1B-93D8-421278E0908E position=65.904 hostTime=1785844765.744 audioPTS=428482.000 playing=true
[2026-08-04T11:59:25Z] PCM reason=tick buffers=1051 samples=1008960 duration_s=21.020 inRate=48000.0 ch=2 peak=0.7824 rms=0.2558 active=true videoBuffers=0
[2026-08-04T11:59:26Z] PCM reason=tick buffers=1101 samples=1056960 duration_s=22.020 inRate=48000.0 ch=2 peak=0.7824 rms=0.2583 active=true videoBuffers=0
[2026-08-04T11:59:27Z] ANCHOR sessionID=9817ABB2-859F-4F88-B5F2-FF6F30099CE8 segmentID=C58808B7-DFF4-4C1B-93D8-421278E0908E position=67.886 hostTime=1785844767.746 audioPTS=428483.980 playing=true
[2026-08-04T11:59:27Z] PCM reason=tick buffers=1151 samples=1104960 duration_s=23.020 inRate=48000.0 ch=2 peak=0.7824 rms=0.2623 active=true videoBuffers=0
[2026-08-04T11:59:28Z] PCM reason=tick buffers=1201 samples=1152960 duration_s=24.020 inRate=48000.0 ch=2 peak=0.7824 rms=0.2653 active=true videoBuffers=0
[2026-08-04T11:59:29Z] PCM reason=tick buffers=1251 samples=1200960 duration_s=25.020 inRate=48000.0 ch=2 peak=0.7824 rms=0.2654 active=true videoBuffers=0
[2026-08-04T11:59:29Z] ANCHOR sessionID=9817ABB2-859F-4F88-B5F2-FF6F30099CE8 segmentID=C58808B7-DFF4-4C1B-93D8-421278E0908E position=70.115 hostTime=1785844769.947 audioPTS=428486.180 playing=true
[2026-08-04T11:59:30Z] PCM reason=tick buffers=1301 samples=1248960 duration_s=26.020 inRate=48000.0 ch=2 peak=0.7824 rms=0.2630 active=true videoBuffers=0
[2026-08-04T11:59:31Z] PCM reason=tick buffers=1351 samples=1296960 duration_s=27.020 inRate=48000.0 ch=2 peak=0.7824 rms=0.2581 active=true videoBuffers=0
[2026-08-04T11:59:31Z] WAV ready path=/var/folders/kq/dz44fm994nz94zw2dfqnz_g00000gn/T/SpotifyLyricsCapture/s2-sessions/9817ABB2-859F-4F88-B5F2-FF6F30099CE8/seg-C58808B7-mono.wav frames=432960
[2026-08-04T11:59:31Z] TEMP sidecar path=/var/folders/kq/dz44fm994nz94zw2dfqnz_g00000gn/T/SpotifyLyricsCapture/s2-sessions/9817ABB2-859F-4F88-B5F2-FF6F30099CE8/seg-C58808B7.json
[2026-08-04T11:59:31Z] SEGMENT end segmentID=C58808B7-DFF4-4C1B-93D8-421278E0908E sessionID=9817ABB2-859F-4F88-B5F2-FF6F30099CE8 identity=spotify-id:0662h3g9lgdt2vipzypzxm|metadata:夜の合図| reason=seekBackward posStart=44.915 posEnd=71.914 hostStart=1785844744.812 hostEnd=1785844771.861 ptsStart=428461.080 ptsEnd=428488.120 samples=1298880 buffers=1353 duration=27.060 rate=48000.0 ch=2 continuous=false pcm=/var/folders/kq/dz44fm994nz94zw2dfqnz_g00000gn/T/SpotifyLyricsCapture/s2-sessions/9817ABB2-859F-4F88-B5F2-FF6F30099CE8/seg-C58808B7-mono.wav
[2026-08-04T11:59:31Z] S2 SEEK reason=seekBackward from=71.914 to=70.378 source=playbackNotify
[2026-08-04T11:59:32Z] PCM reason=tick buffers=1401 samples=1344960 duration_s=28.020 inRate=48000.0 ch=2 peak=0.7824 rms=0.2534 active=false videoBuffers=0
[2026-08-04T11:59:33Z] PCM reason=tick buffers=1451 samples=1392960 duration_s=29.020 inRate=48000.0 ch=2 peak=0.7824 rms=0.2490 active=true videoBuffers=0
[2026-08-04T11:59:34Z] SEGMENT start segmentID=209CFDF5-4A0F-4F27-A19D-E950F2298C2A sessionID=9817ABB2-859F-4F88-B5F2-FF6F30099CE8 identity=spotify-id:0662h3g9lgdt2vipzypzxm|metadata:夜の合図| reason=resume position=71.230 hostTime=1785844774.223 continuityID=C908A3E5-DF1B-4899-BB7D-8712A7476871 wav=seg-209CFDF5-mono.wav
[2026-08-04T11:59:34Z] S2 PLAYBACK resumed position=71.230
[2026-08-04T11:59:34Z] ANCHOR sessionID=9817ABB2-859F-4F88-B5F2-FF6F30099CE8 segmentID=209CFDF5-4A0F-4F27-A19D-E950F2298C2A position=71.230 hostTime=1785844774.225 audioPTS=-1.000 playing=true
[2026-08-04T11:59:34Z] PCM reason=tick buffers=1501 samples=1440960 duration_s=30.020 inRate=48000.0 ch=2 peak=0.7824 rms=0.2489 active=true videoBuffers=0
[2026-08-04T11:59:35Z] PCM reason=tick buffers=1551 samples=1488960 duration_s=31.020 inRate=48000.0 ch=2 peak=0.7824 rms=0.2503 active=true videoBuffers=0
[2026-08-04T11:59:36Z] ANCHOR sessionID=9817ABB2-859F-4F88-B5F2-FF6F30099CE8 segmentID=209CFDF5-4A0F-4F27-A19D-E950F2298C2A position=73.341 hostTime=1785844776.348 audioPTS=428492.600 playing=true
[2026-08-04T11:59:36Z] PCM reason=tick buffers=1601 samples=1536960 duration_s=32.020 inRate=48000.0 ch=2 peak=0.7824 rms=0.2483 active=true videoBuffers=0
[2026-08-04T11:59:37Z] PCM reason=tick buffers=1651 samples=1584960 duration_s=33.020 inRate=48000.0 ch=2 peak=0.7824 rms=0.2455 active=true videoBuffers=0
[2026-08-04T11:59:38Z] ANCHOR sessionID=9817ABB2-859F-4F88-B5F2-FF6F30099CE8 segmentID=209CFDF5-4A0F-4F27-A19D-E950F2298C2A position=75.531 hostTime=1785844778.549 audioPTS=428494.780 playing=true
[2026-08-04T11:59:38Z] PCM reason=tick buffers=1701 samples=1632960 duration_s=34.020 inRate=48000.0 ch=2 peak=0.7824 rms=0.2426 active=true videoBuffers=0
[2026-08-04T11:59:39Z] PCM reason=tick buffers=1751 samples=1680960 duration_s=35.020 inRate=48000.0 ch=2 peak=0.7824 rms=0.2397 active=true videoBuffers=0
[2026-08-04T11:59:40Z] ANCHOR sessionID=9817ABB2-859F-4F88-B5F2-FF6F30099CE8 segmentID=209CFDF5-4A0F-4F27-A19D-E950F2298C2A position=77.755 hostTime=1785844780.751 audioPTS=428496.980 playing=true
[2026-08-04T11:59:40Z] PCM reason=tick buffers=1801 samples=1728960 duration_s=36.020 inRate=48000.0 ch=2 peak=0.7824 rms=0.2373 active=true videoBuffers=0
[2026-08-04T11:59:41Z] PCM reason=tick buffers=1851 samples=1776960 duration_s=37.020 inRate=48000.0 ch=2 peak=0.7824 rms=0.2348 active=true videoBuffers=0
[2026-08-04T11:59:42Z] PCM reason=tick buffers=1901 samples=1824960 duration_s=38.020 inRate=48000.0 ch=2 peak=0.7824 rms=0.2321 active=true videoBuffers=0
[2026-08-04T11:59:42Z] ANCHOR sessionID=9817ABB2-859F-4F88-B5F2-FF6F30099CE8 segmentID=209CFDF5-4A0F-4F27-A19D-E950F2298C2A position=79.934 hostTime=1785844782.943 audioPTS=428499.180 playing=true
[2026-08-04T11:59:43Z] PCM reason=tick buffers=1951 samples=1872960 duration_s=39.020 inRate=48000.0 ch=2 peak=0.7824 rms=0.2296 active=true videoBuffers=0
[2026-08-04T11:59:44Z] PCM reason=tick buffers=2001 samples=1920960 duration_s=40.020 inRate=48000.0 ch=2 peak=0.7824 rms=0.2275 active=true videoBuffers=0
[2026-08-04T11:59:45Z] ANCHOR sessionID=9817ABB2-859F-4F88-B5F2-FF6F30099CE8 segmentID=209CFDF5-4A0F-4F27-A19D-E950F2298C2A position=82.133 hostTime=1785844785.142 audioPTS=428501.400 playing=true
[2026-08-04T11:59:45Z] PCM reason=tick buffers=2051 samples=1968960 duration_s=41.020 inRate=48000.0 ch=2 peak=0.7824 rms=0.2249 active=true videoBuffers=0
[2026-08-04T11:59:46Z] PCM reason=tick buffers=2101 samples=2016960 duration_s=42.020 inRate=48000.0 ch=2 peak=0.7824 rms=0.2227 active=true videoBuffers=0
[2026-08-04T11:59:47Z] ANCHOR sessionID=9817ABB2-859F-4F88-B5F2-FF6F30099CE8 segmentID=209CFDF5-4A0F-4F27-A19D-E950F2298C2A position=84.126 hostTime=1785844787.149 audioPTS=428503.380 playing=true
[2026-08-04T11:59:47Z] PCM reason=tick buffers=2151 samples=2064960 duration_s=43.020 inRate=48000.0 ch=2 peak=0.7824 rms=0.2203 active=true videoBuffers=0
[2026-08-04T11:59:48Z] PCM reason=tick buffers=2201 samples=2112960 duration_s=44.020 inRate=48000.0 ch=2 peak=0.7824 rms=0.2184 active=true videoBuffers=0
[2026-08-04T11:59:49Z] ANCHOR sessionID=9817ABB2-859F-4F88-B5F2-FF6F30099CE8 segmentID=209CFDF5-4A0F-4F27-A19D-E950F2298C2A position=86.330 hostTime=1785844789.340 audioPTS=428505.600 playing=true
[2026-08-04T11:59:49Z] PCM reason=tick buffers=2251 samples=2160960 duration_s=45.020 inRate=48000.0 ch=2 peak=0.7824 rms=0.2180 active=true videoBuffers=0
[2026-08-04T11:59:50Z] PCM reason=tick buffers=2301 samples=2208960 duration_s=46.020 inRate=48000.0 ch=2 peak=0.7824 rms=0.2174 active=true videoBuffers=0
[2026-08-04T11:59:51Z] ANCHOR sessionID=9817ABB2-859F-4F88-B5F2-FF6F30099CE8 segmentID=209CFDF5-4A0F-4F27-A19D-E950F2298C2A position=88.526 hostTime=1785844791.535 audioPTS=428507.780 playing=true
[2026-08-04T11:59:51Z] PCM reason=tick buffers=2350 samples=2256000 duration_s=47.000 inRate=48000.0 ch=2 peak=0.7824 rms=0.2170 active=true videoBuffers=0
[2026-08-04T11:59:52Z] PCM reason=tick buffers=2401 samples=2304960 duration_s=48.020 inRate=48000.0 ch=2 peak=0.7824 rms=0.2160 active=true videoBuffers=0
[2026-08-04T11:59:52Z] S2 stop reason=autoStop
[2026-08-04T11:59:52Z] WAV ready path=/var/folders/kq/dz44fm994nz94zw2dfqnz_g00000gn/T/SpotifyLyricsCapture/s2-sessions/9817ABB2-859F-4F88-B5F2-FF6F30099CE8/seg-209CFDF5-mono.wav frames=299520
[2026-08-04T11:59:52Z] TEMP sidecar path=/var/folders/kq/dz44fm994nz94zw2dfqnz_g00000gn/T/SpotifyLyricsCapture/s2-sessions/9817ABB2-859F-4F88-B5F2-FF6F30099CE8/seg-209CFDF5.json
[2026-08-04T11:59:52Z] SEGMENT end segmentID=209CFDF5-4A0F-4F27-A19D-E950F2298C2A sessionID=9817ABB2-859F-4F88-B5F2-FF6F30099CE8 identity=spotify-id:0662h3g9lgdt2vipzypzxm|metadata:夜の合図| reason=autoStop posStart=71.230 posEnd=89.925 hostStart=1785844774.223 hostEnd=1785844792.941 ptsStart=428490.500 ptsEnd=428509.200 samples=898560 buffers=936 duration=18.720 rate=48000.0 ch=2 continuous=true pcm=/var/folders/kq/dz44fm994nz94zw2dfqnz_g00000gn/T/SpotifyLyricsCapture/s2-sessions/9817ABB2-859F-4F88-B5F2-FF6F30099CE8/seg-209CFDF5-mono.wav
[2026-08-04T11:59:52Z] SESSION end sessionID=9817ABB2-859F-4F88-B5F2-FF6F30099CE8 identity=spotify-id:0662h3g9lgdt2vipzypzxm|metadata:夜の合図| reason=autoStop segments=2
[2026-08-04T11:59:52Z] TEMP session sidecar path=/var/folders/kq/dz44fm994nz94zw2dfqnz_g00000gn/T/SpotifyLyricsCapture/s2-sessions/9817ABB2-859F-4F88-B5F2-FF6F30099CE8/session.json
[2026-08-04T11:59:52Z] S3A held_out=disabled plain_or_unsynced
[2026-08-04T11:59:52Z] S3A align begin session=9817ABB2 segments=2
[2026-08-04T11:59:52Z] S3A locale=ja-JP reason=debug_override fallback=false
[2026-08-04T11:59:52Z] S3A speech begin segmentID=C58808B7 wav=seg-C58808B7-mono.wav pos=44.915->71.914
[2026-08-04T11:59:53Z] PCM reason=tick buffers=2451 samples=2352960 duration_s=49.020 inRate=48000.0 ch=2 peak=0.7824 rms=0.2160 active=true videoBuffers=0
[2026-08-04T11:59:54Z] PCM reason=tick buffers=2501 samples=2400960 duration_s=50.020 inRate=48000.0 ch=2 peak=0.7824 rms=0.2164 active=true videoBuffers=0
[2026-08-04T11:59:55Z] PCM reason=tick buffers=2551 samples=2448960 duration_s=51.020 inRate=48000.0 ch=2 peak=0.7824 rms=0.2152 active=true videoBuffers=0
[2026-08-04T11:59:56Z] PCM reason=tick buffers=2601 samples=2496960 duration_s=52.020 inRate=48000.0 ch=2 peak=0.7824 rms=0.2150 active=true videoBuffers=0
[2026-08-04T11:59:57Z] PCM reason=tick buffers=2651 samples=2544960 duration_s=53.020 inRate=48000.0 ch=2 peak=0.7824 rms=0.2148 active=true videoBuffers=0
[2026-08-04T11:59:57Z] S3A speech ok segmentID=C58808B7 transcriptSegments=2 audioDuration=27.060
[2026-08-04T11:59:57Z] S3A speech begin segmentID=209CFDF5 wav=seg-209CFDF5-mono.wav pos=71.230->89.925
[2026-08-04T11:59:58Z] PCM reason=tick buffers=2701 samples=2592960 duration_s=54.020 inRate=48000.0 ch=2 peak=0.7824 rms=0.2136 active=true videoBuffers=0
[2026-08-04T11:59:59Z] S3A speech ok segmentID=209CFDF5 transcriptSegments=20 audioDuration=18.720
[2026-08-04T11:59:59Z] PCM reason=tick buffers=2751 samples=2640960 duration_s=55.020 inRate=48000.0 ch=2 peak=0.8516 rms=0.2138 active=true videoBuffers=0
[2026-08-04T11:59:59Z] S3A report json=/var/folders/kq/dz44fm994nz94zw2dfqnz_g00000gn/T/spotifylyrics-s3a-reports/partial-9817ABB2.json
[2026-08-04T11:59:59Z] S3A report md=/var/folders/kq/dz44fm994nz94zw2dfqnz_g00000gn/T/spotifylyrics-s3a-reports/partial-9817ABB2.md
[2026-08-04T11:59:59Z] S3A done session=9817ABB2 lines=32 resolved=1 low=2 unresolved=29 outside=0 coverage=0.094 transcripts=22 judgment=C_speech_weak_on_singing
[2026-08-04T11:59:59Z] S3A judgment=C_speech_weak_on_singing
[2026-08-04T11:59:59Z] SPIKE stop reason=s2-autoStop
[2026-08-04T11:59:59Z] PCM reason=final buffers=2756 samples=2645760 duration_s=55.120 inRate=48000.0 ch=2 peak=0.8516 rms=0.2136 active=true videoBuffers=0
[2026-08-04T12:00:00Z] STREAM stopCapture ok reason=s2-autoStop
[2026-08-04T12:00:00Z] TEMP cleanup path=/var/folders/kq/dz44fm994nz94zw2dfqnz_g00000gn/T/SpotifyLyricsCapture/E93069BA-5E67-4F78-939F-A257A84CE7F8 exists_after=false
[2026-08-04T12:00:00Z] TEMP scavenge removed=s2-sessions
[2026-08-04T12:00:00Z] SPIKE stopped idle
[2026-08-04T12:00:00Z] CLEANUP sessionDir=/var/folders/kq/dz44fm994nz94zw2dfqnz_g00000gn/T/SpotifyLyricsCapture/s2-sessions/9817ABB2-859F-4F88-B5F2-FF6F30099CE8 exists_after=false
[2026-08-04T12:00:00Z] S2 stopped idle sessions=1
[2026-08-04T12:00:00Z] SUMMARY sessions=1
[2026-08-04T12:00:00Z] SUMMARY_SESSION id=9817ABB2 identity=spotify-id:0662h3g9lgdt2vipzypzxm|metadata:夜の合図| terminal=autoStop segments=2
[2026-08-04T12:00:00Z] SUMMARY_SEG i=0 id=C58808B7 start=initial end=seekBackward pos=44.915->71.914 dur=27.060 samples=1298880
[2026-08-04T12:00:00Z] SUMMARY_SEG i=1 id=209CFDF5 start=resume end=autoStop pos=71.230->89.925 dur=18.720 samples=898560
