[2026-08-05T05:50:55Z] LOG_RESET
[2026-08-05T05:50:55Z] SPIKE start formal_db_opened=NO (spike never opens SQLite)
[2026-08-05T05:50:55Z] SPIKE policy=spotify-app-audio-only no-mic no-screen-save no-asr no-align
[2026-08-05T05:50:55Z] DISCOVER related=1 primary=1 captureTargets=1
[2026-08-05T05:50:55Z] DISCOVER_APP pid=15511 bundle=com.spotify.client name=Spotify captureTarget=true
[2026-08-05T05:50:55Z] STREAM configured capturesAudio=1 screenOutput=0 mic=0 sampleRate=48000 channels=2
[2026-08-05T05:50:55Z] TEMP dir=/var/folders/kq/dz44fm994nz94zw2dfqnz_g00000gn/T/SpotifyLyricsCapture/926A3551-BB76-4E24-A959-CC12DD099B15 (marker only; no audio files)
[2026-08-05T05:50:56Z] STREAM started
[2026-08-05T05:50:56Z] SESSION start sessionID=563D0689-ECFC-443B-A5FF-523A4BA5AD49 identity=spotify-id:7oumywpwj422jrcdaszb7p|metadata:knigh duration=366.213 source=screenCaptureKit.spotifyAudio.v1 reason=initial
[2026-08-05T05:50:56Z] SEGMENT start segmentID=AB596058-E970-4564-A6BA-BECE27AB32F3 sessionID=563D0689-ECFC-443B-A5FF-523A4BA5AD49 identity=spotify-id:7oumywpwj422jrcdaszb7p|metadata:knigh reason=initial position=205.257 hostTime=1785909056.097 continuityID=4A06B107-5C01-412A-B4B4-17685DC93B87 wav=seg-AB596058-mono.wav
[2026-08-05T05:50:56Z] ANCHOR sessionID=563D0689-ECFC-443B-A5FF-523A4BA5AD49 segmentID=AB596058-E970-4564-A6BA-BECE27AB32F3 position=205.257 hostTime=1785909056.097 audioPTS=492772.850 playing=true
[2026-08-05T05:50:57Z] PCM reason=tick buffers=50 samples=48000 duration_s=1.000 inRate=48000.0 ch=2 peak=0.3901 rms=0.1379 active=true videoBuffers=0
[2026-08-05T05:50:58Z] PCM reason=tick buffers=100 samples=96000 duration_s=2.000 inRate=48000.0 ch=2 peak=0.3901 rms=0.1324 active=true videoBuffers=0
[2026-08-05T05:50:58Z] ANCHOR sessionID=563D0689-ECFC-443B-A5FF-523A4BA5AD49 segmentID=AB596058-E970-4564-A6BA-BECE27AB32F3 position=207.476 hostTime=1785909058.244 audioPTS=492774.970 playing=true
[2026-08-05T05:50:59Z] PCM reason=tick buffers=150 samples=144000 duration_s=3.000 inRate=48000.0 ch=2 peak=0.3901 rms=0.1313 active=true videoBuffers=0
[2026-08-05T05:51:00Z] PCM reason=tick buffers=200 samples=192000 duration_s=4.000 inRate=48000.0 ch=2 peak=0.3901 rms=0.1328 active=true videoBuffers=0
[2026-08-05T05:51:00Z] ANCHOR sessionID=563D0689-ECFC-443B-A5FF-523A4BA5AD49 segmentID=AB596058-E970-4564-A6BA-BECE27AB32F3 position=209.532 hostTime=1785909060.286 audioPTS=492777.030 playing=true
[2026-08-05T05:51:01Z] PCM reason=tick buffers=250 samples=240000 duration_s=5.000 inRate=48000.0 ch=2 peak=0.3901 rms=0.1398 active=true videoBuffers=0
[2026-08-05T05:51:02Z] PCM reason=tick buffers=300 samples=288000 duration_s=6.000 inRate=48000.0 ch=2 peak=0.4105 rms=0.1434 active=true videoBuffers=0
[2026-08-05T05:51:02Z] ANCHOR sessionID=563D0689-ECFC-443B-A5FF-523A4BA5AD49 segmentID=AB596058-E970-4564-A6BA-BECE27AB32F3 position=211.690 hostTime=1785909062.444 audioPTS=492779.170 playing=true
[2026-08-05T05:51:03Z] PCM reason=tick buffers=350 samples=336000 duration_s=7.000 inRate=48000.0 ch=2 peak=0.4105 rms=0.1397 active=true videoBuffers=0
[2026-08-05T05:51:04Z] PCM reason=tick buffers=400 samples=384000 duration_s=8.000 inRate=48000.0 ch=2 peak=0.4105 rms=0.1414 active=true videoBuffers=0
[2026-08-05T05:51:04Z] ANCHOR sessionID=563D0689-ECFC-443B-A5FF-523A4BA5AD49 segmentID=AB596058-E970-4564-A6BA-BECE27AB32F3 position=213.702 hostTime=1785909064.445 audioPTS=492781.170 playing=true
[2026-08-05T05:51:05Z] PCM reason=tick buffers=450 samples=432000 duration_s=9.000 inRate=48000.0 ch=2 peak=0.4230 rms=0.1428 active=true videoBuffers=0
[2026-08-05T05:51:06Z] PCM reason=tick buffers=500 samples=480000 duration_s=10.000 inRate=48000.0 ch=2 peak=0.4230 rms=0.1441 active=true videoBuffers=0
[2026-08-05T05:51:06Z] ANCHOR sessionID=563D0689-ECFC-443B-A5FF-523A4BA5AD49 segmentID=AB596058-E970-4564-A6BA-BECE27AB32F3 position=215.657 hostTime=1785909066.445 audioPTS=492783.170 playing=true
[2026-08-05T05:51:07Z] PCM reason=tick buffers=550 samples=528000 duration_s=11.000 inRate=48000.0 ch=2 peak=0.4230 rms=0.1456 active=true videoBuffers=0
[2026-08-05T05:51:08Z] PCM reason=tick buffers=600 samples=576000 duration_s=12.000 inRate=48000.0 ch=2 peak=0.4230 rms=0.1484 active=true videoBuffers=0
[2026-08-05T05:51:08Z] ANCHOR sessionID=563D0689-ECFC-443B-A5FF-523A4BA5AD49 segmentID=AB596058-E970-4564-A6BA-BECE27AB32F3 position=217.869 hostTime=1785909068.644 audioPTS=492785.370 playing=true
[2026-08-05T05:51:09Z] PCM reason=tick buffers=650 samples=624000 duration_s=13.000 inRate=48000.0 ch=2 peak=0.4230 rms=0.1496 active=true videoBuffers=0
[2026-08-05T05:51:10Z] PCM reason=tick buffers=700 samples=672000 duration_s=14.000 inRate=48000.0 ch=2 peak=0.4230 rms=0.1479 active=true videoBuffers=0
[2026-08-05T05:51:10Z] ANCHOR sessionID=563D0689-ECFC-443B-A5FF-523A4BA5AD49 segmentID=AB596058-E970-4564-A6BA-BECE27AB32F3 position=219.891 hostTime=1785909070.645 audioPTS=492787.370 playing=true
[2026-08-05T05:51:11Z] PCM reason=tick buffers=750 samples=720000 duration_s=15.000 inRate=48000.0 ch=2 peak=0.4230 rms=0.1480 active=true videoBuffers=0
[2026-08-05T05:51:12Z] PCM reason=tick buffers=800 samples=768000 duration_s=16.000 inRate=48000.0 ch=2 peak=0.4230 rms=0.1477 active=true videoBuffers=0
[2026-08-05T05:51:12Z] ANCHOR sessionID=563D0689-ECFC-443B-A5FF-523A4BA5AD49 segmentID=AB596058-E970-4564-A6BA-BECE27AB32F3 position=222.102 hostTime=1785909072.845 audioPTS=492789.590 playing=true
[2026-08-05T05:51:13Z] PCM reason=tick buffers=850 samples=816000 duration_s=17.000 inRate=48000.0 ch=2 peak=0.4230 rms=0.1468 active=true videoBuffers=0
[2026-08-05T05:51:14Z] PCM reason=tick buffers=900 samples=864000 duration_s=18.000 inRate=48000.0 ch=2 peak=0.4230 rms=0.1467 active=true videoBuffers=0
[2026-08-05T05:51:14Z] ANCHOR sessionID=563D0689-ECFC-443B-A5FF-523A4BA5AD49 segmentID=AB596058-E970-4564-A6BA-BECE27AB32F3 position=224.095 hostTime=1785909074.847 audioPTS=492791.570 playing=true
[2026-08-05T05:51:15Z] PCM reason=tick buffers=950 samples=912000 duration_s=19.000 inRate=48000.0 ch=2 peak=0.4230 rms=0.1478 active=true videoBuffers=0
[2026-08-05T05:51:16Z] PCM reason=tick buffers=1000 samples=960000 duration_s=20.000 inRate=48000.0 ch=2 peak=0.4230 rms=0.1482 active=true videoBuffers=0
[2026-08-05T05:51:17Z] ANCHOR sessionID=563D0689-ECFC-443B-A5FF-523A4BA5AD49 segmentID=AB596058-E970-4564-A6BA-BECE27AB32F3 position=226.286 hostTime=1785909077.043 audioPTS=492793.770 playing=true
[2026-08-05T05:51:17Z] PCM reason=tick buffers=1050 samples=1008000 duration_s=21.000 inRate=48000.0 ch=2 peak=0.4451 rms=0.1475 active=true videoBuffers=0
[2026-08-05T05:51:18Z] PCM reason=tick buffers=1100 samples=1056000 duration_s=22.000 inRate=48000.0 ch=2 peak=0.4451 rms=0.1497 active=true videoBuffers=0
[2026-08-05T05:51:19Z] PCM reason=tick buffers=1150 samples=1104000 duration_s=23.000 inRate=48000.0 ch=2 peak=0.4466 rms=0.1514 active=true videoBuffers=0
[2026-08-05T05:51:19Z] ANCHOR sessionID=563D0689-ECFC-443B-A5FF-523A4BA5AD49 segmentID=AB596058-E970-4564-A6BA-BECE27AB32F3 position=228.501 hostTime=1785909079.243 audioPTS=492795.970 playing=true
[2026-08-05T05:51:20Z] PCM reason=tick buffers=1200 samples=1152000 duration_s=24.000 inRate=48000.0 ch=2 peak=0.4467 rms=0.1528 active=true videoBuffers=0
[2026-08-05T05:51:21Z] PCM reason=tick buffers=1250 samples=1200000 duration_s=25.000 inRate=48000.0 ch=2 peak=0.4467 rms=0.1552 active=true videoBuffers=0
[2026-08-05T05:51:21Z] ANCHOR sessionID=563D0689-ECFC-443B-A5FF-523A4BA5AD49 segmentID=AB596058-E970-4564-A6BA-BECE27AB32F3 position=230.486 hostTime=1785909081.243 audioPTS=492797.970 playing=true
[2026-08-05T05:51:22Z] PCM reason=tick buffers=1300 samples=1248000 duration_s=26.000 inRate=48000.0 ch=2 peak=0.4467 rms=0.1579 active=true videoBuffers=0
[2026-08-05T05:51:23Z] PCM reason=tick buffers=1350 samples=1296000 duration_s=27.000 inRate=48000.0 ch=2 peak=0.4469 rms=0.1599 active=true videoBuffers=0
[2026-08-05T05:51:23Z] ANCHOR sessionID=563D0689-ECFC-443B-A5FF-523A4BA5AD49 segmentID=AB596058-E970-4564-A6BA-BECE27AB32F3 position=232.698 hostTime=1785909083.444 audioPTS=492800.170 playing=true
[2026-08-05T05:51:24Z] PCM reason=tick buffers=1400 samples=1344000 duration_s=28.000 inRate=48000.0 ch=2 peak=0.4523 rms=0.1610 active=true videoBuffers=0
[2026-08-05T05:51:25Z] PCM reason=tick buffers=1450 samples=1392000 duration_s=29.000 inRate=48000.0 ch=2 peak=0.4550 rms=0.1625 active=true videoBuffers=0
[2026-08-05T05:51:25Z] ANCHOR sessionID=563D0689-ECFC-443B-A5FF-523A4BA5AD49 segmentID=AB596058-E970-4564-A6BA-BECE27AB32F3 position=234.694 hostTime=1785909085.447 audioPTS=492802.170 playing=true
[2026-08-05T05:51:26Z] PCM reason=tick buffers=1500 samples=1440000 duration_s=30.000 inRate=48000.0 ch=2 peak=0.4550 rms=0.1635 active=true videoBuffers=0
[2026-08-05T05:51:27Z] PCM reason=tick buffers=1550 samples=1488000 duration_s=31.000 inRate=48000.0 ch=2 peak=0.4550 rms=0.1641 active=true videoBuffers=0
[2026-08-05T05:51:27Z] ANCHOR sessionID=563D0689-ECFC-443B-A5FF-523A4BA5AD49 segmentID=AB596058-E970-4564-A6BA-BECE27AB32F3 position=236.873 hostTime=1785909087.644 audioPTS=492804.370 playing=true
[2026-08-05T05:51:28Z] PCM reason=tick buffers=1600 samples=1536000 duration_s=32.000 inRate=48000.0 ch=2 peak=0.4550 rms=0.1651 active=true videoBuffers=0
[2026-08-05T05:51:29Z] PCM reason=tick buffers=1650 samples=1584000 duration_s=33.000 inRate=48000.0 ch=2 peak=0.4550 rms=0.1665 active=true videoBuffers=0
[2026-08-05T05:51:29Z] ANCHOR sessionID=563D0689-ECFC-443B-A5FF-523A4BA5AD49 segmentID=AB596058-E970-4564-A6BA-BECE27AB32F3 position=238.864 hostTime=1785909089.647 audioPTS=492806.370 playing=true
[2026-08-05T05:51:30Z] PCM reason=tick buffers=1700 samples=1632000 duration_s=34.000 inRate=48000.0 ch=2 peak=0.4550 rms=0.1677 active=true videoBuffers=0
[2026-08-05T05:51:31Z] PCM reason=tick buffers=1750 samples=1680000 duration_s=35.000 inRate=48000.0 ch=2 peak=0.4550 rms=0.1682 active=true videoBuffers=0
[2026-08-05T05:51:31Z] ANCHOR sessionID=563D0689-ECFC-443B-A5FF-523A4BA5AD49 segmentID=AB596058-E970-4564-A6BA-BECE27AB32F3 position=241.081 hostTime=1785909091.826 audioPTS=492808.570 playing=true
[2026-08-05T05:51:32Z] PCM reason=tick buffers=1800 samples=1728000 duration_s=36.000 inRate=48000.0 ch=2 peak=0.4550 rms=0.1692 active=true videoBuffers=0
[2026-08-05T05:51:33Z] PCM reason=tick buffers=1850 samples=1776000 duration_s=37.000 inRate=48000.0 ch=2 peak=0.4563 rms=0.1702 active=true videoBuffers=0
[2026-08-05T05:51:33Z] ANCHOR sessionID=563D0689-ECFC-443B-A5FF-523A4BA5AD49 segmentID=AB596058-E970-4564-A6BA-BECE27AB32F3 position=243.093 hostTime=1785909093.843 audioPTS=492810.590 playing=true
[2026-08-05T05:51:34Z] PCM reason=tick buffers=1900 samples=1824000 duration_s=38.000 inRate=48000.0 ch=2 peak=0.4563 rms=0.1711 active=true videoBuffers=0
[2026-08-05T05:51:35Z] PCM reason=tick buffers=1950 samples=1872000 duration_s=39.000 inRate=48000.0 ch=2 peak=0.4563 rms=0.1718 active=true videoBuffers=0
[2026-08-05T05:51:35Z] ANCHOR sessionID=563D0689-ECFC-443B-A5FF-523A4BA5AD49 segmentID=AB596058-E970-4564-A6BA-BECE27AB32F3 position=245.068 hostTime=1785909095.844 audioPTS=492812.570 playing=true
[2026-08-05T05:51:36Z] PCM reason=tick buffers=2000 samples=1920000 duration_s=40.000 inRate=48000.0 ch=2 peak=0.4563 rms=0.1726 active=true videoBuffers=0
[2026-08-05T05:51:36Z] S2 stop reason=autoStop
[2026-08-05T05:51:36Z] WAV ready path=/var/folders/kq/dz44fm994nz94zw2dfqnz_g00000gn/T/SpotifyLyricsCapture/s2-sessions/563D0689-ECFC-443B-A5FF-523A4BA5AD49/seg-AB596058-mono.wav frames=640960
[2026-08-05T05:51:36Z] TEMP sidecar path=/var/folders/kq/dz44fm994nz94zw2dfqnz_g00000gn/T/SpotifyLyricsCapture/s2-sessions/563D0689-ECFC-443B-A5FF-523A4BA5AD49/seg-AB596058.json
[2026-08-05T05:51:36Z] SEGMENT end segmentID=AB596058-E970-4564-A6BA-BECE27AB32F3 sessionID=563D0689-ECFC-443B-A5FF-523A4BA5AD49 identity=spotify-id:7oumywpwj422jrcdaszb7p|metadata:knigh reason=autoStop posStart=205.257 posEnd=245.268 hostStart=1785909056.097 hostEnd=1785909096.164 ptsStart=492772.850 ptsEnd=492812.890 samples=1922880 buffers=2003 duration=40.060 rate=48000.0 ch=2 continuous=true pcm=/var/folders/kq/dz44fm994nz94zw2dfqnz_g00000gn/T/SpotifyLyricsCapture/s2-sessions/563D0689-ECFC-443B-A5FF-523A4BA5AD49/seg-AB596058-mono.wav
[2026-08-05T05:51:36Z] SESSION end sessionID=563D0689-ECFC-443B-A5FF-523A4BA5AD49 identity=spotify-id:7oumywpwj422jrcdaszb7p|metadata:knigh reason=autoStop segments=1
[2026-08-05T05:51:36Z] TEMP session sidecar path=/var/folders/kq/dz44fm994nz94zw2dfqnz_g00000gn/T/SpotifyLyricsCapture/s2-sessions/563D0689-ECFC-443B-A5FF-523A4BA5AD49/session.json
[2026-08-05T05:51:36Z] S3A held_out=disabled plain_or_unsynced
[2026-08-05T05:51:36Z] S3A align begin session=563D0689 segments=1
[2026-08-05T05:51:36Z] S3A locale=en-US reason=document.language=en fallback=false
[2026-08-05T05:51:36Z] S3A speech_engine=speechEngine.whisperCLI.experimental.v1 available=true
[2026-08-05T05:51:36Z] S3A speech begin segmentID=AB596058 wav=seg-AB596058-mono.wav pos=205.257->245.268 engine=speechEngine.whisperCLI.experimental.v1
[2026-08-05T05:51:37Z] PCM reason=tick buffers=2050 samples=1968000 duration_s=41.000 inRate=48000.0 ch=2 peak=0.4563 rms=0.1733 active=true videoBuffers=0
[2026-08-05T05:51:38Z] SPEECH engine=whisper_cli pieces=6 elapsed=1.77s lang=en model=ggml-small.bin
[2026-08-05T05:51:38Z] S3A speech diag engine=speechEngine.whisperCLI.experimental.v1 raw_pieces=6 prepared_pieces=6 tokens=55 elapsed=1.77s asr_conf=false
[2026-08-05T05:51:38Z] S3A transcript_prep norm_ops=1
[2026-08-05T05:51:38Z] S3A transcript_prep raw=6->split=6
[2026-08-05T05:51:38Z] S3A speech ok segmentID=AB596058 transcriptSegments=6 audioDuration=40.080
[2026-08-05T05:51:38Z] S3B anchors accepted=3 rejected=2
[2026-08-05T05:51:38Z] S3B ANCHOR_OK line=0 conf=0.800 t=205.257 lyric=Time has come to make th speech=♪ Time has come to make 
[2026-08-05T05:51:38Z] S3B ANCHOR_OK line=1 conf=0.800 t=212.257 lyric=You and I must fight for speech=♪ You and I must fight f
[2026-08-05T05:51:38Z] S3B ANCHOR_OK line=2 conf=0.800 t=219.217 lyric=You and I must fight to  speech=♪ You and I must fight t
[2026-08-05T05:51:38Z] S3B ANCHOR_REJ line=0 reason=duplicate_lyric_line conf=0.800
[2026-08-05T05:51:38Z] S3B ANCHOR_REJ line=1 reason=duplicate_lyric_line conf=0.800
[2026-08-05T05:51:38Z] S4 repeated_groups=0 capture=205.26-245.27
[2026-08-05T05:51:38Z] S4 resolve rejected=0 unresolved=0 accepted=3
[2026-08-05T05:51:38Z] S3B report json=/var/folders/kq/dz44fm994nz94zw2dfqnz_g00000gn/T/spotifylyrics-s3a-reports/partial-563D0689.json
[2026-08-05T05:51:38Z] S3B report md=/var/folders/kq/dz44fm994nz94zw2dfqnz_g00000gn/T/spotifylyrics-s3a-reports/partial-563D0689.md
[2026-08-05T05:51:38Z] S3A coverage=1.000 resolved=3 low=0 unresolved=0
[2026-08-05T05:51:38Z] S3B coverage=1.000 resolved=3 low=0 unresolved=0 anchors=3 constrained=true judgment=B_coverage_up_but_errors_remain
[2026-08-05T05:51:38Z] S2 HANDOFF gen=1 report=true kind=ok msg=
[2026-08-05T05:51:38Z] S3B judgment=B_coverage_up_but_errors_remain constrained=true anchors=3/rej=2 fallback=none
[2026-08-05T05:51:38Z] S3B AB s3a_cov=1.000 s3b_cov=1.000 s3a_res=3 s3b_res=3
[2026-08-05T05:51:38Z] SPIKE stop reason=s2-autoStop
[2026-08-05T05:51:38Z] PCM reason=final buffers=2099 samples=2015040 duration_s=41.980 inRate=48000.0 ch=2 peak=0.4563 rms=0.1735 active=true videoBuffers=0
[2026-08-05T05:51:38Z] STREAM stopCapture ok reason=s2-autoStop
[2026-08-05T05:51:38Z] TEMP cleanup path=/var/folders/kq/dz44fm994nz94zw2dfqnz_g00000gn/T/SpotifyLyricsCapture/926A3551-BB76-4E24-A959-CC12DD099B15 exists_after=false
[2026-08-05T05:51:38Z] TEMP scavenge removed=s2-sessions
[2026-08-05T05:51:38Z] SPIKE stopped idle
[2026-08-05T05:51:38Z] CLEANUP sessionDir=/var/folders/kq/dz44fm994nz94zw2dfqnz_g00000gn/T/SpotifyLyricsCapture/s2-sessions/563D0689-ECFC-443B-A5FF-523A4BA5AD49 exists_after=false
[2026-08-05T05:51:38Z] S2 stopped idle sessions=1 handoffGen=1 hasReport=true
[2026-08-05T05:51:38Z] SUMMARY sessions=1
[2026-08-05T05:51:38Z] SUMMARY_SESSION id=563D0689 identity=spotify-id:7oumywpwj422jrcdaszb7p|metadata:knigh terminal=autoStop segments=1
[2026-08-05T05:51:38Z] SUMMARY_SEG i=0 id=AB596058 start=initial end=autoStop pos=205.257->245.268 dur=40.060 samples=1922880
